Component: ARM Compiler 5.05 update 1 (build 106) Tool: armlink [4d0efa]

==============================================================================

Section Cross References

    main.o(.text) refers to juma_sdk_lib.o(i.gpio_write) for gpio_write
    main.o(.text) refers to juma_sdk_lib.o(i.ble_device_set_advertising_interval) for ble_device_set_advertising_interval
    main.o(.text) refers to juma_sdk_lib.o(i.ble_device_start_advertising) for ble_device_start_advertising
    main.o(.text) refers to juma_sdk_lib.o(i.ble_device_set_name) for ble_device_set_name
    main.o(.text) refers to juma_sdk_lib.o(i.gpio_setup) for gpio_setup
    juma_sdk_lib.o(.text) refers to juma_sdk_lib.o(.data) for .data
    juma_sdk_lib.o(descriptor) refers to juma_sdk_lib.o(.text) for on_init
    juma_sdk_lib.o(descriptor) refers to main.o(.text) for on_ready
    juma_sdk_lib.o(i.run_when_idle) refers to juma_sdk_lib.o(.data) for .data
    juma_sdk_lib.o(i.run_at_time) refers to juma_sdk_lib.o(.data) for .data
    juma_sdk_lib.o(i.current_time) refers to juma_sdk_lib.o(.data) for .data
    juma_sdk_lib.o(i.timer_init) refers to juma_sdk_lib.o(.data) for .data
    juma_sdk_lib.o(i.timer_start) refers to juma_sdk_lib.o(.data) for .data
    juma_sdk_lib.o(i.timer_stop) refers to juma_sdk_lib.o(.data) for .data
    juma_sdk_lib.o(i.gpio_setup) refers to juma_sdk_lib.o(.data) for .data
    juma_sdk_lib.o(i.gpio_write) refers to juma_sdk_lib.o(.data) for .data
    juma_sdk_lib.o(i.gpio_read) refers to juma_sdk_lib.o(.data) for .data
    juma_sdk_lib.o(i.gpio_watch) refers to juma_sdk_lib.o(.data) for .data
    juma_sdk_lib.o(i.gpio_unwatch) refers to juma_sdk_lib.o(.data) for .data
    juma_sdk_lib.o(i.adc_measure) refers to juma_sdk_lib.o(.data) for .data
    juma_sdk_lib.o(i.vcc_measure) refers to juma_sdk_lib.o(.data) for .data
    juma_sdk_lib.o(i.get_temperature) refers to juma_sdk_lib.o(.data) for .data
    juma_sdk_lib.o(i.ble_device_is_connected) refers to juma_sdk_lib.o(.data) for .data
    juma_sdk_lib.o(i.ble_device_get_id) refers to juma_sdk_lib.o(.data) for .data
    juma_sdk_lib.o(i.ble_device_select_address) refers to juma_sdk_lib.o(.data) for .data
    juma_sdk_lib.o(i.ble_device_set_name) refers to juma_sdk_lib.o(.data) for .data
    juma_sdk_lib.o(i.ble_device_set_advertising_interval) refers to juma_sdk_lib.o(.data) for .data
    juma_sdk_lib.o(i.ble_device_start_advertising) refers to juma_sdk_lib.o(.data) for .data
    juma_sdk_lib.o(i.ble_device_stop_advertising) refers to juma_sdk_lib.o(.data) for .data
    juma_sdk_lib.o(i.ble_device_disconnect) refers to juma_sdk_lib.o(.data) for .data
    juma_sdk_lib.o(i.ble_device_send) refers to juma_sdk_lib.o(.data) for .data
    juma_sdk_lib.o(i.serial_send) refers to juma_sdk_lib.o(.data) for .data
    juma_sdk_lib.o(i.serial_setup) refers to juma_sdk_lib.o(.data) for .data
    juma_sdk_lib.o(i.play_sound) refers to juma_sdk_lib.o(.data) for .data
    juma_sdk_lib.o(i.light_setup) refers to juma_sdk_lib.o(.data) for .data
    juma_sdk_lib.o(i.light_on) refers to juma_sdk_lib.o(.data) for .data
    juma_sdk_lib.o(i.light_off) refers to juma_sdk_lib.o(.data) for .data
    juma_sdk_lib.o(i.light_set_color) refers to juma_sdk_lib.o(.data) for .data
    juma_sdk_lib.o(i.gfx_init_screen) refers to juma_sdk_lib.o(.data) for .data
    juma_sdk_lib.o(i.gfx_clear) refers to juma_sdk_lib.o(.data) for .data
    juma_sdk_lib.o(i.gfx_draw_pixel) refers to juma_sdk_lib.o(.data) for .data
    juma_sdk_lib.o(i.gfx_draw_line) refers to juma_sdk_lib.o(.data) for .data
    juma_sdk_lib.o(i.gfx_draw_rect) refers to juma_sdk_lib.o(.data) for .data
    juma_sdk_lib.o(i.gfx_fill_rect) refers to juma_sdk_lib.o(.data) for .data
    juma_sdk_lib.o(i.gfx_draw_circle) refers to juma_sdk_lib.o(.data) for .data
    juma_sdk_lib.o(i.gfx_fill_circle) refers to juma_sdk_lib.o(.data) for .data
    juma_sdk_lib.o(i.gfx_set_font) refers to juma_sdk_lib.o(.data) for .data
    juma_sdk_lib.o(i.gfx_draw_char) refers to juma_sdk_lib.o(.data) for .data
    juma_sdk_lib.o(i.gfx_draw_string) refers to juma_sdk_lib.o(.data) for .data
    juma_sdk_lib.o(i.gfx_draw_image) refers to juma_sdk_lib.o(.data) for .data


==============================================================================

Image Symbol Table

    Local Symbols

    Symbol Name                              Value     Ov Type        Size  Object(Section)

    ..\Source\juma_sdk_lib.c                 0x00000000   Number         0  juma_sdk_lib.o ABSOLUTE
    ..\main.c                                0x00000000   Number         0  main.o ABSOLUTE
    dc.s                                     0x00000000   Number         0  dc.o ABSOLUTE
    descriptor                               0x00020100   Section       32  juma_sdk_lib.o(descriptor)
    .text                                    0x00020120   Section        0  main.o(.text)
    .text                                    0x0002016c   Section        0  juma_sdk_lib.o(.text)
    i.adc_measure                            0x00020184   Section        0  juma_sdk_lib.o(i.adc_measure)
    i.ble_device_disconnect                  0x00020190   Section        0  juma_sdk_lib.o(i.ble_device_disconnect)
    i.ble_device_get_id                      0x0002019c   Section        0  juma_sdk_lib.o(i.ble_device_get_id)
    i.ble_device_is_connected                0x000201a8   Section        0  juma_sdk_lib.o(i.ble_device_is_connected)
    i.ble_device_select_address              0x000201b4   Section        0  juma_sdk_lib.o(i.ble_device_select_address)
    i.ble_device_send                        0x000201c0   Section        0  juma_sdk_lib.o(i.ble_device_send)
    i.ble_device_set_advertising_interval    0x000201cc   Section        0  juma_sdk_lib.o(i.ble_device_set_advertising_interval)
    i.ble_device_set_name                    0x000201d8   Section        0  juma_sdk_lib.o(i.ble_device_set_name)
    i.ble_device_start_advertising           0x000201e4   Section        0  juma_sdk_lib.o(i.ble_device_start_advertising)
    i.ble_device_stop_advertising            0x000201f0   Section        0  juma_sdk_lib.o(i.ble_device_stop_advertising)
    i.current_time                           0x000201fc   Section        0  juma_sdk_lib.o(i.current_time)
    i.get_temperature                        0x00020208   Section        0  juma_sdk_lib.o(i.get_temperature)
    i.gfx_clear                              0x00020214   Section        0  juma_sdk_lib.o(i.gfx_clear)
    i.gfx_draw_char                          0x00020220   Section        0  juma_sdk_lib.o(i.gfx_draw_char)
    i.gfx_draw_circle                        0x00020234   Section        0  juma_sdk_lib.o(i.gfx_draw_circle)
    i.gfx_draw_image                         0x00020248   Section        0  juma_sdk_lib.o(i.gfx_draw_image)
    i.gfx_draw_line                          0x00020264   Section        0  juma_sdk_lib.o(i.gfx_draw_line)
    i.gfx_draw_pixel                         0x0002027c   Section        0  juma_sdk_lib.o(i.gfx_draw_pixel)
    i.gfx_draw_rect                          0x0002028c   Section        0  juma_sdk_lib.o(i.gfx_draw_rect)
    i.gfx_draw_string                        0x000202a4   Section        0  juma_sdk_lib.o(i.gfx_draw_string)
    i.gfx_fill_circle                        0x000202b8   Section        0  juma_sdk_lib.o(i.gfx_fill_circle)
    i.gfx_fill_rect                          0x000202cc   Section        0  juma_sdk_lib.o(i.gfx_fill_rect)
    i.gfx_init_screen                        0x000202e4   Section        0  juma_sdk_lib.o(i.gfx_init_screen)
    i.gfx_set_font                           0x000202f8   Section        0  juma_sdk_lib.o(i.gfx_set_font)
    i.gpio_read                              0x00020308   Section        0  juma_sdk_lib.o(i.gpio_read)
    i.gpio_setup                             0x00020314   Section        0  juma_sdk_lib.o(i.gpio_setup)
    i.gpio_unwatch                           0x00020320   Section        0  juma_sdk_lib.o(i.gpio_unwatch)
    i.gpio_watch                             0x0002032c   Section        0  juma_sdk_lib.o(i.gpio_watch)
    i.gpio_write                             0x00020338   Section        0  juma_sdk_lib.o(i.gpio_write)
    i.light_off                              0x00020344   Section        0  juma_sdk_lib.o(i.light_off)
    i.light_on                               0x00020350   Section        0  juma_sdk_lib.o(i.light_on)
    i.light_set_color                        0x0002035c   Section        0  juma_sdk_lib.o(i.light_set_color)
    i.light_setup                            0x00020368   Section        0  juma_sdk_lib.o(i.light_setup)
    i.play_sound                             0x00020374   Section        0  juma_sdk_lib.o(i.play_sound)
    i.run_at_time                            0x00020380   Section        0  juma_sdk_lib.o(i.run_at_time)
    i.run_when_idle                          0x0002038c   Section        0  juma_sdk_lib.o(i.run_when_idle)
    i.serial_send                            0x00020398   Section        0  juma_sdk_lib.o(i.serial_send)
    i.serial_setup                           0x000203a4   Section        0  juma_sdk_lib.o(i.serial_setup)
    i.timer_init                             0x000203b0   Section        0  juma_sdk_lib.o(i.timer_init)
    i.timer_start                            0x000203bc   Section        0  juma_sdk_lib.o(i.timer_start)
    i.timer_stop                             0x000203c8   Section        0  juma_sdk_lib.o(i.timer_stop)
    i.vcc_measure                            0x000203d4   Section        0  juma_sdk_lib.o(i.vcc_measure)
    .data                                    0x20003000   Section        4  juma_sdk_lib.o(.data)

    Global Symbols

    Symbol Name                              Value     Ov Type        Size  Object(Section)

    BuildAttributes$$THM_ISAv3M$S$PE$A:L22$X:L11$S22$IEEE1$IW$USESV6$~STKCKD$USESV7$~SHL$OSPACE$EBA8$MICROLIB$REQ8$PRES8$EABIv2 0x00000000   Number         0  anon$$obj.o ABSOLUTE
    app_descriptor                           0x00020100   Data          32  juma_sdk_lib.o(descriptor)
    ble_device_on_message                    0x00020121   Thumb Code    26  main.o(.text)
    ble_device_on_disconnect                 0x0002013b   Thumb Code    14  main.o(.text)
    on_ready                                 0x00020149   Thumb Code    28  main.o(.text)
    on_init                                  0x0002016d   Thumb Code     6  juma_sdk_lib.o(.text)
    gpio_on_change                           0x00020175   Thumb Code     2  juma_sdk_lib.o(.text)
    timer_on_fired                           0x00020177   Thumb Code     2  juma_sdk_lib.o(.text)
    ble_device_on_connect                    0x00020179   Thumb Code     2  juma_sdk_lib.o(.text)
    serial_on_data                           0x0002017f   Thumb Code     2  juma_sdk_lib.o(.text)
    adc_measure                              0x00020185   Thumb Code     8  juma_sdk_lib.o(i.adc_measure)
    ble_device_disconnect                    0x00020191   Thumb Code     8  juma_sdk_lib.o(i.ble_device_disconnect)
    ble_device_get_id                        0x0002019d   Thumb Code     8  juma_sdk_lib.o(i.ble_device_get_id)
    ble_device_is_connected                  0x000201a9   Thumb Code     8  juma_sdk_lib.o(i.ble_device_is_connected)
    ble_device_select_address                0x000201b5   Thumb Code     8  juma_sdk_lib.o(i.ble_device_select_address)
    ble_device_send                          0x000201c1   Thumb Code     8  juma_sdk_lib.o(i.ble_device_send)
    ble_device_set_advertising_interval      0x000201cd   Thumb Code     8  juma_sdk_lib.o(i.ble_device_set_advertising_interval)
    ble_device_set_name                      0x000201d9   Thumb Code     8  juma_sdk_lib.o(i.ble_device_set_name)
    ble_device_start_advertising             0x000201e5   Thumb Code     8  juma_sdk_lib.o(i.ble_device_start_advertising)
    ble_device_stop_advertising              0x000201f1   Thumb Code     8  juma_sdk_lib.o(i.ble_device_stop_advertising)
    current_time                             0x000201fd   Thumb Code     8  juma_sdk_lib.o(i.current_time)
    get_temperature                          0x00020209   Thumb Code     8  juma_sdk_lib.o(i.get_temperature)
    gfx_clear                                0x00020215   Thumb Code     8  juma_sdk_lib.o(i.gfx_clear)
    gfx_draw_char                            0x00020221   Thumb Code    16  juma_sdk_lib.o(i.gfx_draw_char)
    gfx_draw_circle                          0x00020235   Thumb Code    16  juma_sdk_lib.o(i.gfx_draw_circle)
    gfx_draw_image                           0x00020249   Thumb Code    22  juma_sdk_lib.o(i.gfx_draw_image)
    gfx_draw_line                            0x00020265   Thumb Code    18  juma_sdk_lib.o(i.gfx_draw_line)
    gfx_draw_pixel                           0x0002027d   Thumb Code    10  juma_sdk_lib.o(i.gfx_draw_pixel)
    gfx_draw_rect                            0x0002028d   Thumb Code    18  juma_sdk_lib.o(i.gfx_draw_rect)
    gfx_draw_string                          0x000202a5   Thumb Code    16  juma_sdk_lib.o(i.gfx_draw_string)
    gfx_fill_circle                          0x000202b9   Thumb Code    16  juma_sdk_lib.o(i.gfx_fill_circle)
    gfx_fill_rect                            0x000202cd   Thumb Code    18  juma_sdk_lib.o(i.gfx_fill_rect)
    gfx_init_screen                          0x000202e5   Thumb Code    14  juma_sdk_lib.o(i.gfx_init_screen)
    gfx_set_font                             0x000202f9   Thumb Code    10  juma_sdk_lib.o(i.gfx_set_font)
    gpio_read                                0x00020309   Thumb Code     8  juma_sdk_lib.o(i.gpio_read)
    gpio_setup                               0x00020315   Thumb Code     8  juma_sdk_lib.o(i.gpio_setup)
    gpio_unwatch                             0x00020321   Thumb Code     8  juma_sdk_lib.o(i.gpio_unwatch)
    gpio_watch                               0x0002032d   Thumb Code     8  juma_sdk_lib.o(i.gpio_watch)
    gpio_write                               0x00020339   Thumb Code     8  juma_sdk_lib.o(i.gpio_write)
    light_off                                0x00020345   Thumb Code     8  juma_sdk_lib.o(i.light_off)
    light_on                                 0x00020351   Thumb Code     8  juma_sdk_lib.o(i.light_on)
    light_set_color                          0x0002035d   Thumb Code     8  juma_sdk_lib.o(i.light_set_color)
    light_setup                              0x00020369   Thumb Code     8  juma_sdk_lib.o(i.light_setup)
    play_sound                               0x00020375   Thumb Code     8  juma_sdk_lib.o(i.play_sound)
    run_at_time                              0x00020381   Thumb Code     8  juma_sdk_lib.o(i.run_at_time)
    run_when_idle                            0x0002038d   Thumb Code     8  juma_sdk_lib.o(i.run_when_idle)
    serial_send                              0x00020399   Thumb Code     8  juma_sdk_lib.o(i.serial_send)
    serial_setup                             0x000203a5   Thumb Code     8  juma_sdk_lib.o(i.serial_setup)
    timer_init                               0x000203b1   Thumb Code     8  juma_sdk_lib.o(i.timer_init)
    timer_start                              0x000203bd   Thumb Code     8  juma_sdk_lib.o(i.timer_start)
    timer_stop                               0x000203c9   Thumb Code     8  juma_sdk_lib.o(i.timer_stop)
    vcc_measure                              0x000203d5   Thumb Code     8  juma_sdk_lib.o(i.vcc_measure)
    sys                                      0x20003000   Data           4  juma_sdk_lib.o(.data)



==============================================================================

Memory Map of the image

  Image entry point : Not specified.

  Load Region LR_IROM1 (Base: 0x00020100, Size: 0x000002e4, Max: 0x00008000, ABSOLUTE)

    Execution Region ER_IROM1 (Base: 0x00020100, Size: 0x000002e0, Max: 0x00008000, ABSOLUTE)

    Base Addr    Size         Type   Attr      Idx    E Section Name        Object

    0x00020100   0x00000020   Data   RO           36    descriptor          juma_sdk.lib(juma_sdk_lib.o)
    0x00020120   0x0000004c   Code   RO            1    .text               main.o
    0x0002016c   0x00000018   Code   RO           34    .text               juma_sdk.lib(juma_sdk_lib.o)
    0x00020184   0x0000000c   Code   RO          113    i.adc_measure       juma_sdk.lib(juma_sdk_lib.o)
    0x00020190   0x0000000c   Code   RO          173    i.ble_device_disconnect  juma_sdk.lib(juma_sdk_lib.o)
    0x0002019c   0x0000000c   Code   RO          137    i.ble_device_get_id  juma_sdk.lib(juma_sdk_lib.o)
    0x000201a8   0x0000000c   Code   RO          131    i.ble_device_is_connected  juma_sdk.lib(juma_sdk_lib.o)
    0x000201b4   0x0000000c   Code   RO          143    i.ble_device_select_address  juma_sdk.lib(juma_sdk_lib.o)
    0x000201c0   0x0000000c   Code   RO          179    i.ble_device_send   juma_sdk.lib(juma_sdk_lib.o)
    0x000201cc   0x0000000c   Code   RO          155    i.ble_device_set_advertising_interval  juma_sdk.lib(juma_sdk_lib.o)
    0x000201d8   0x0000000c   Code   RO          149    i.ble_device_set_name  juma_sdk.lib(juma_sdk_lib.o)
    0x000201e4   0x0000000c   Code   RO          161    i.ble_device_start_advertising  juma_sdk.lib(juma_sdk_lib.o)
    0x000201f0   0x0000000c   Code   RO          167    i.ble_device_stop_advertising  juma_sdk.lib(juma_sdk_lib.o)
    0x000201fc   0x0000000c   Code   RO           59    i.current_time      juma_sdk.lib(juma_sdk_lib.o)
    0x00020208   0x0000000c   Code   RO          125    i.get_temperature   juma_sdk.lib(juma_sdk_lib.o)
    0x00020214   0x0000000c   Code   RO          233    i.gfx_clear         juma_sdk.lib(juma_sdk_lib.o)
    0x00020220   0x00000014   Code   RO          281    i.gfx_draw_char     juma_sdk.lib(juma_sdk_lib.o)
    0x00020234   0x00000014   Code   RO          263    i.gfx_draw_circle   juma_sdk.lib(juma_sdk_lib.o)
    0x00020248   0x0000001c   Code   RO          293    i.gfx_draw_image    juma_sdk.lib(juma_sdk_lib.o)
    0x00020264   0x00000018   Code   RO          245    i.gfx_draw_line     juma_sdk.lib(juma_sdk_lib.o)
    0x0002027c   0x00000010   Code   RO          239    i.gfx_draw_pixel    juma_sdk.lib(juma_sdk_lib.o)
    0x0002028c   0x00000018   Code   RO          251    i.gfx_draw_rect     juma_sdk.lib(juma_sdk_lib.o)
    0x000202a4   0x00000014   Code   RO          287    i.gfx_draw_string   juma_sdk.lib(juma_sdk_lib.o)
    0x000202b8   0x00000014   Code   RO          269    i.gfx_fill_circle   juma_sdk.lib(juma_sdk_lib.o)
    0x000202cc   0x00000018   Code   RO          257    i.gfx_fill_rect     juma_sdk.lib(juma_sdk_lib.o)
    0x000202e4   0x00000014   Code   RO          227    i.gfx_init_screen   juma_sdk.lib(juma_sdk_lib.o)
    0x000202f8   0x00000010   Code   RO          275    i.gfx_set_font      juma_sdk.lib(juma_sdk_lib.o)
    0x00020308   0x0000000c   Code   RO           95    i.gpio_read         juma_sdk.lib(juma_sdk_lib.o)
    0x00020314   0x0000000c   Code   RO           83    i.gpio_setup        juma_sdk.lib(juma_sdk_lib.o)
    0x00020320   0x0000000c   Code   RO          107    i.gpio_unwatch      juma_sdk.lib(juma_sdk_lib.o)
    0x0002032c   0x0000000c   Code   RO          101    i.gpio_watch        juma_sdk.lib(juma_sdk_lib.o)
    0x00020338   0x0000000c   Code   RO           89    i.gpio_write        juma_sdk.lib(juma_sdk_lib.o)
    0x00020344   0x0000000c   Code   RO          215    i.light_off         juma_sdk.lib(juma_sdk_lib.o)
    0x00020350   0x0000000c   Code   RO          209    i.light_on          juma_sdk.lib(juma_sdk_lib.o)
    0x0002035c   0x0000000c   Code   RO          221    i.light_set_color   juma_sdk.lib(juma_sdk_lib.o)
    0x00020368   0x0000000c   Code   RO          203    i.light_setup       juma_sdk.lib(juma_sdk_lib.o)
    0x00020374   0x0000000c   Code   RO          197    i.play_sound        juma_sdk.lib(juma_sdk_lib.o)
    0x00020380   0x0000000c   Code   RO           53    i.run_at_time       juma_sdk.lib(juma_sdk_lib.o)
    0x0002038c   0x0000000c   Code   RO           47    i.run_when_idle     juma_sdk.lib(juma_sdk_lib.o)
    0x00020398   0x0000000c   Code   RO          185    i.serial_send       juma_sdk.lib(juma_sdk_lib.o)
    0x000203a4   0x0000000c   Code   RO          191    i.serial_setup      juma_sdk.lib(juma_sdk_lib.o)
    0x000203b0   0x0000000c   Code   RO           65    i.timer_init        juma_sdk.lib(juma_sdk_lib.o)
    0x000203bc   0x0000000c   Code   RO           71    i.timer_start       juma_sdk.lib(juma_sdk_lib.o)
    0x000203c8   0x0000000c   Code   RO           77    i.timer_stop        juma_sdk.lib(juma_sdk_lib.o)
    0x000203d4   0x0000000c   Code   RO          119    i.vcc_measure       juma_sdk.lib(juma_sdk_lib.o)


    Execution Region RW_IRAM1 (Base: 0x20003000, Size: 0x00000004, Max: 0x00001000, ABSOLUTE)

    Base Addr    Size         Type   Attr      Idx    E Section Name        Object

    0x20003000   0x00000004   Data   RW           35    .data               juma_sdk.lib(juma_sdk_lib.o)


==============================================================================

Image component sizes


      Code (inc. data)   RO Data    RW Data    ZI Data      Debug   Object Name

        76          8          0          0          0       5562   main.o

    ----------------------------------------------------------------------
        76          8          0          0          0       5562   Object Totals
         0          0          0          0          0          0   (incl. Generated)
         0          0          0          0          0          0   (incl. Padding)

    ----------------------------------------------------------------------

      Code (inc. data)   RO Data    RW Data    ZI Data      Debug   Library Member Name

       628        186         32          4          0      23234   juma_sdk_lib.o

    ----------------------------------------------------------------------
       628        186         32          4          0      23234   Library Totals
         0          0          0          0          0          0   (incl. Padding)

    ----------------------------------------------------------------------

      Code (inc. data)   RO Data    RW Data    ZI Data      Debug   Library Name

       628        186         32          4          0      23234   juma_sdk.lib

    ----------------------------------------------------------------------
       628        186         32          4          0      23234   Library Totals

    ----------------------------------------------------------------------

==============================================================================


      Code (inc. data)   RO Data    RW Data    ZI Data      Debug   

       704        194         32          4          0      26904   Grand Totals
       704        194         32          4          0      26904   ELF Image Totals
       704        194         32          4          0          0   ROM Totals

==============================================================================

    Total RO  Size (Code + RO Data)                  736 (   0.72kB)
    Total RW  Size (RW Data + ZI Data)                 4 (   0.00kB)
    Total ROM Size (Code + RO Data + RW Data)        740 (   0.72kB)

==============================================================================

