<!doctype html public "-//w3c//dtd html 4.0 transitional//en">
<html><head>
<title>Static Call Graph - [.\build\app.axf]</title></head>
<body><HR>
<H1>Static Call Graph for image .\build\app.axf</H1><HR>
<BR><P>#&#060CALLGRAPH&#062# ARM Linker, 5050106: Last Updated: Mon Jul 13 16:37:24 2015
<BR><P>
<H3>Maximum Stack Usage =          8 bytes + Unknown(Untraceable Function Pointers)</H3><H3>
Call chain for Maximum Stack Depth:</H3>
ble_device_on_message
<P>
<H3>
Function Pointers
</H3><UL>
 <LI><a href="#[4]">ble_device_on_connect</a> from juma_sdk_lib.o(.text) referenced from juma_sdk_lib.o(descriptor)
 <LI><a href="#[5]">ble_device_on_disconnect</a> from main.o(.text) referenced from juma_sdk_lib.o(descriptor)
 <LI><a href="#[6]">ble_device_on_message</a> from main.o(.text) referenced from juma_sdk_lib.o(descriptor)
 <LI><a href="#[2]">gpio_on_change</a> from juma_sdk_lib.o(.text) referenced from juma_sdk_lib.o(descriptor)
 <LI><a href="#[0]">on_init</a> from juma_sdk_lib.o(.text) referenced from juma_sdk_lib.o(descriptor)
 <LI><a href="#[1]">on_ready</a> from main.o(.text) referenced from juma_sdk_lib.o(descriptor)
 <LI><a href="#[7]">serial_on_data</a> from juma_sdk_lib.o(.text) referenced from juma_sdk_lib.o(descriptor)
 <LI><a href="#[3]">timer_on_fired</a> from juma_sdk_lib.o(.text) referenced from juma_sdk_lib.o(descriptor)
</UL>
<P>
<H3>
Global Symbols
</H3>
<P><STRONG><a name="[6]"></a>ble_device_on_message</STRONG> (Thumb, 26 bytes, Stack size 8 bytes, main.o(.text))
<BR><BR>[Stack]<UL><LI>Max Depth = 8<LI>Call Chain = ble_device_on_message
</UL>
<BR>[Calls]<UL><LI><a href="#[8]">&gt;&gt;</a>&nbsp;&nbsp;&nbsp;gpio_write
</UL>
<BR>[Address Reference Count : 1]<UL><LI> juma_sdk_lib.o(descriptor)
</UL>
<P><STRONG><a name="[5]"></a>ble_device_on_disconnect</STRONG> (Thumb, 14 bytes, Stack size 8 bytes, main.o(.text))
<BR><BR>[Stack]<UL><LI>Max Depth = 8<LI>Call Chain = ble_device_on_disconnect
</UL>
<BR>[Calls]<UL><LI><a href="#[a]">&gt;&gt;</a>&nbsp;&nbsp;&nbsp;ble_device_start_advertising
<LI><a href="#[9]">&gt;&gt;</a>&nbsp;&nbsp;&nbsp;ble_device_set_advertising_interval
</UL>
<BR>[Address Reference Count : 1]<UL><LI> juma_sdk_lib.o(descriptor)
</UL>
<P><STRONG><a name="[1]"></a>on_ready</STRONG> (Thumb, 28 bytes, Stack size 8 bytes, main.o(.text))
<BR><BR>[Stack]<UL><LI>Max Depth = 8<LI>Call Chain = on_ready
</UL>
<BR>[Calls]<UL><LI><a href="#[c]">&gt;&gt;</a>&nbsp;&nbsp;&nbsp;gpio_setup
<LI><a href="#[a]">&gt;&gt;</a>&nbsp;&nbsp;&nbsp;ble_device_start_advertising
<LI><a href="#[b]">&gt;&gt;</a>&nbsp;&nbsp;&nbsp;ble_device_set_name
<LI><a href="#[9]">&gt;&gt;</a>&nbsp;&nbsp;&nbsp;ble_device_set_advertising_interval
</UL>
<BR>[Address Reference Count : 1]<UL><LI> juma_sdk_lib.o(descriptor)
</UL>
<P><STRONG><a name="[0]"></a>on_init</STRONG> (Thumb, 6 bytes, Stack size 0 bytes, juma_sdk_lib.o(.text))
<BR>[Address Reference Count : 1]<UL><LI> juma_sdk_lib.o(descriptor)
</UL>
<P><STRONG><a name="[2]"></a>gpio_on_change</STRONG> (Thumb, 2 bytes, Stack size 0 bytes, juma_sdk_lib.o(.text))
<BR>[Address Reference Count : 1]<UL><LI> juma_sdk_lib.o(descriptor)
</UL>
<P><STRONG><a name="[3]"></a>timer_on_fired</STRONG> (Thumb, 2 bytes, Stack size 0 bytes, juma_sdk_lib.o(.text))
<BR>[Address Reference Count : 1]<UL><LI> juma_sdk_lib.o(descriptor)
</UL>
<P><STRONG><a name="[4]"></a>ble_device_on_connect</STRONG> (Thumb, 2 bytes, Stack size 0 bytes, juma_sdk_lib.o(.text))
<BR>[Address Reference Count : 1]<UL><LI> juma_sdk_lib.o(descriptor)
</UL>
<P><STRONG><a name="[7]"></a>serial_on_data</STRONG> (Thumb, 2 bytes, Stack size 0 bytes, juma_sdk_lib.o(.text))
<BR>[Address Reference Count : 1]<UL><LI> juma_sdk_lib.o(descriptor)
</UL>
<P><STRONG><a name="[d]"></a>adc_measure</STRONG> (Thumb, 8 bytes, Stack size 0 bytes, juma_sdk_lib.o(i.adc_measure), UNUSED)

<P><STRONG><a name="[e]"></a>ble_device_disconnect</STRONG> (Thumb, 8 bytes, Stack size 0 bytes, juma_sdk_lib.o(i.ble_device_disconnect), UNUSED)

<P><STRONG><a name="[f]"></a>ble_device_get_id</STRONG> (Thumb, 8 bytes, Stack size 0 bytes, juma_sdk_lib.o(i.ble_device_get_id), UNUSED)

<P><STRONG><a name="[10]"></a>ble_device_is_connected</STRONG> (Thumb, 8 bytes, Stack size 0 bytes, juma_sdk_lib.o(i.ble_device_is_connected), UNUSED)

<P><STRONG><a name="[11]"></a>ble_device_select_address</STRONG> (Thumb, 8 bytes, Stack size 0 bytes, juma_sdk_lib.o(i.ble_device_select_address), UNUSED)

<P><STRONG><a name="[12]"></a>ble_device_send</STRONG> (Thumb, 8 bytes, Stack size 0 bytes, juma_sdk_lib.o(i.ble_device_send), UNUSED)

<P><STRONG><a name="[9]"></a>ble_device_set_advertising_interval</STRONG> (Thumb, 8 bytes, Stack size 0 bytes, juma_sdk_lib.o(i.ble_device_set_advertising_interval))
<BR><BR>[Called By]<UL><LI><a href="#[1]">&gt;&gt;</a>&nbsp;&nbsp;&nbsp;on_ready
<LI><a href="#[5]">&gt;&gt;</a>&nbsp;&nbsp;&nbsp;ble_device_on_disconnect
</UL>

<P><STRONG><a name="[b]"></a>ble_device_set_name</STRONG> (Thumb, 8 bytes, Stack size 0 bytes, juma_sdk_lib.o(i.ble_device_set_name))
<BR><BR>[Called By]<UL><LI><a href="#[1]">&gt;&gt;</a>&nbsp;&nbsp;&nbsp;on_ready
</UL>

<P><STRONG><a name="[a]"></a>ble_device_start_advertising</STRONG> (Thumb, 8 bytes, Stack size 0 bytes, juma_sdk_lib.o(i.ble_device_start_advertising))
<BR><BR>[Called By]<UL><LI><a href="#[1]">&gt;&gt;</a>&nbsp;&nbsp;&nbsp;on_ready
<LI><a href="#[5]">&gt;&gt;</a>&nbsp;&nbsp;&nbsp;ble_device_on_disconnect
</UL>

<P><STRONG><a name="[13]"></a>ble_device_stop_advertising</STRONG> (Thumb, 8 bytes, Stack size 0 bytes, juma_sdk_lib.o(i.ble_device_stop_advertising), UNUSED)

<P><STRONG><a name="[14]"></a>current_time</STRONG> (Thumb, 8 bytes, Stack size 0 bytes, juma_sdk_lib.o(i.current_time), UNUSED)

<P><STRONG><a name="[15]"></a>get_temperature</STRONG> (Thumb, 8 bytes, Stack size 0 bytes, juma_sdk_lib.o(i.get_temperature), UNUSED)

<P><STRONG><a name="[16]"></a>gfx_clear</STRONG> (Thumb, 8 bytes, Stack size 0 bytes, juma_sdk_lib.o(i.gfx_clear), UNUSED)

<P><STRONG><a name="[17]"></a>gfx_draw_char</STRONG> (Thumb, 16 bytes, Stack size 8 bytes, juma_sdk_lib.o(i.gfx_draw_char), UNUSED)

<P><STRONG><a name="[18]"></a>gfx_draw_circle</STRONG> (Thumb, 16 bytes, Stack size 8 bytes, juma_sdk_lib.o(i.gfx_draw_circle), UNUSED)

<P><STRONG><a name="[19]"></a>gfx_draw_image</STRONG> (Thumb, 22 bytes, Stack size 24 bytes, juma_sdk_lib.o(i.gfx_draw_image), UNUSED)

<P><STRONG><a name="[1a]"></a>gfx_draw_line</STRONG> (Thumb, 18 bytes, Stack size 16 bytes, juma_sdk_lib.o(i.gfx_draw_line), UNUSED)

<P><STRONG><a name="[1b]"></a>gfx_draw_pixel</STRONG> (Thumb, 10 bytes, Stack size 0 bytes, juma_sdk_lib.o(i.gfx_draw_pixel), UNUSED)

<P><STRONG><a name="[1c]"></a>gfx_draw_rect</STRONG> (Thumb, 18 bytes, Stack size 16 bytes, juma_sdk_lib.o(i.gfx_draw_rect), UNUSED)

<P><STRONG><a name="[1d]"></a>gfx_draw_string</STRONG> (Thumb, 16 bytes, Stack size 8 bytes, juma_sdk_lib.o(i.gfx_draw_string), UNUSED)

<P><STRONG><a name="[1e]"></a>gfx_fill_circle</STRONG> (Thumb, 16 bytes, Stack size 8 bytes, juma_sdk_lib.o(i.gfx_fill_circle), UNUSED)

<P><STRONG><a name="[1f]"></a>gfx_fill_rect</STRONG> (Thumb, 18 bytes, Stack size 16 bytes, juma_sdk_lib.o(i.gfx_fill_rect), UNUSED)

<P><STRONG><a name="[20]"></a>gfx_init_screen</STRONG> (Thumb, 14 bytes, Stack size 8 bytes, juma_sdk_lib.o(i.gfx_init_screen), UNUSED)

<P><STRONG><a name="[21]"></a>gfx_set_font</STRONG> (Thumb, 10 bytes, Stack size 0 bytes, juma_sdk_lib.o(i.gfx_set_font), UNUSED)

<P><STRONG><a name="[22]"></a>gpio_read</STRONG> (Thumb, 8 bytes, Stack size 0 bytes, juma_sdk_lib.o(i.gpio_read), UNUSED)

<P><STRONG><a name="[c]"></a>gpio_setup</STRONG> (Thumb, 8 bytes, Stack size 0 bytes, juma_sdk_lib.o(i.gpio_setup))
<BR><BR>[Called By]<UL><LI><a href="#[1]">&gt;&gt;</a>&nbsp;&nbsp;&nbsp;on_ready
</UL>

<P><STRONG><a name="[23]"></a>gpio_unwatch</STRONG> (Thumb, 8 bytes, Stack size 0 bytes, juma_sdk_lib.o(i.gpio_unwatch), UNUSED)

<P><STRONG><a name="[24]"></a>gpio_watch</STRONG> (Thumb, 8 bytes, Stack size 0 bytes, juma_sdk_lib.o(i.gpio_watch), UNUSED)

<P><STRONG><a name="[8]"></a>gpio_write</STRONG> (Thumb, 8 bytes, Stack size 0 bytes, juma_sdk_lib.o(i.gpio_write))
<BR><BR>[Called By]<UL><LI><a href="#[6]">&gt;&gt;</a>&nbsp;&nbsp;&nbsp;ble_device_on_message
</UL>

<P><STRONG><a name="[25]"></a>light_off</STRONG> (Thumb, 8 bytes, Stack size 0 bytes, juma_sdk_lib.o(i.light_off), UNUSED)

<P><STRONG><a name="[26]"></a>light_on</STRONG> (Thumb, 8 bytes, Stack size 0 bytes, juma_sdk_lib.o(i.light_on), UNUSED)

<P><STRONG><a name="[27]"></a>light_set_color</STRONG> (Thumb, 8 bytes, Stack size 0 bytes, juma_sdk_lib.o(i.light_set_color), UNUSED)

<P><STRONG><a name="[28]"></a>light_setup</STRONG> (Thumb, 8 bytes, Stack size 0 bytes, juma_sdk_lib.o(i.light_setup), UNUSED)

<P><STRONG><a name="[29]"></a>play_sound</STRONG> (Thumb, 8 bytes, Stack size 0 bytes, juma_sdk_lib.o(i.play_sound), UNUSED)

<P><STRONG><a name="[2a]"></a>run_at_time</STRONG> (Thumb, 8 bytes, Stack size 0 bytes, juma_sdk_lib.o(i.run_at_time), UNUSED)

<P><STRONG><a name="[2b]"></a>run_when_idle</STRONG> (Thumb, 8 bytes, Stack size 0 bytes, juma_sdk_lib.o(i.run_when_idle), UNUSED)

<P><STRONG><a name="[2c]"></a>serial_send</STRONG> (Thumb, 8 bytes, Stack size 0 bytes, juma_sdk_lib.o(i.serial_send), UNUSED)

<P><STRONG><a name="[2d]"></a>serial_setup</STRONG> (Thumb, 8 bytes, Stack size 0 bytes, juma_sdk_lib.o(i.serial_setup), UNUSED)

<P><STRONG><a name="[2e]"></a>timer_init</STRONG> (Thumb, 8 bytes, Stack size 0 bytes, juma_sdk_lib.o(i.timer_init), UNUSED)

<P><STRONG><a name="[2f]"></a>timer_start</STRONG> (Thumb, 8 bytes, Stack size 0 bytes, juma_sdk_lib.o(i.timer_start), UNUSED)

<P><STRONG><a name="[30]"></a>timer_stop</STRONG> (Thumb, 8 bytes, Stack size 0 bytes, juma_sdk_lib.o(i.timer_stop), UNUSED)

<P><STRONG><a name="[31]"></a>vcc_measure</STRONG> (Thumb, 8 bytes, Stack size 0 bytes, juma_sdk_lib.o(i.vcc_measure), UNUSED)
<P>
<H3>
Local Symbols
</H3><P>
<H3>
Undefined Global Symbols
</H3><HR></body></html>
