Product: MDK-ARM Standard 5.10
Component: ARM Compiler 5.04 update 1 (build 49)
Tool: armlink [5040049]

==============================================================================

Section Cross References

    startup_stm32f401xe.o(STACK) refers (Special) to heapauxi.o(.text) for __use_two_region_memory
    startup_stm32f401xe.o(HEAP) refers (Special) to heapauxi.o(.text) for __use_two_region_memory
    startup_stm32f401xe.o(RESET) refers (Special) to heapauxi.o(.text) for __use_two_region_memory
    startup_stm32f401xe.o(RESET) refers to startup_stm32f401xe.o(STACK) for __initial_sp
    startup_stm32f401xe.o(RESET) refers to startup_stm32f401xe.o(.text) for Reset_Handler
    startup_stm32f401xe.o(RESET) refers to stm32xx_it.o(i.NMI_Handler) for NMI_Handler
    startup_stm32f401xe.o(RESET) refers to stm32xx_it.o(i.HardFault_Handler) for HardFault_Handler
    startup_stm32f401xe.o(RESET) refers to stm32xx_it.o(i.SVC_Handler) for SVC_Handler
    startup_stm32f401xe.o(RESET) refers to stm32xx_it.o(i.DebugMon_Handler) for DebugMon_Handler
    startup_stm32f401xe.o(RESET) refers to stm32xx_it.o(i.PendSV_Handler) for PendSV_Handler
    startup_stm32f401xe.o(RESET) refers to stm32xx_it.o(i.SysTick_Handler) for SysTick_Handler
    startup_stm32f401xe.o(RESET) refers to stm32xx_it.o(i.EXTI0_IRQHandler) for EXTI0_IRQHandler
    startup_stm32f401xe.o(RESET) refers to stm32xx_it.o(i.EXTI15_10_IRQHandler) for EXTI15_10_IRQHandler
    startup_stm32f401xe.o(.text) refers (Special) to heapauxi.o(.text) for __use_two_region_memory
    startup_stm32f401xe.o(.text) refers to system_stm32f4xx.o(i.SystemInit) for SystemInit
    startup_stm32f401xe.o(.text) refers to __main.o(!!!main) for __main
    startup_stm32f401xe.o(.text) refers to startup_stm32f401xe.o(HEAP) for Heap_Mem
    startup_stm32f401xe.o(.text) refers to startup_stm32f401xe.o(STACK) for Stack_Mem
    bluenrg_interface.o(i.HAL_GPIO_EXTI_Callback) refers to hci.o(i.HCI_Isr) for HCI_Isr
    canon_hal_f4.o(i.SystemClock_Config) refers to stm32f4xx_hal_rcc.o(i.HAL_RCC_OscConfig) for HAL_RCC_OscConfig
    canon_hal_f4.o(i.SystemClock_Config) refers to stm32f4xx_hal_rcc.o(i.HAL_RCC_ClockConfig) for HAL_RCC_ClockConfig
    clock.o(i.Clock_Time) refers to stm32f4xx_hal.o(i.HAL_GetTick) for HAL_GetTick
    clock.o(i.Clock_Wait) refers to stm32f4xx_hal.o(i.HAL_Delay) for HAL_Delay
    stm32xx_it.o(i.EXTI0_IRQHandler) refers to stm32f4xx_hal_gpio.o(i.HAL_GPIO_EXTI_IRQHandler) for HAL_GPIO_EXTI_IRQHandler
    stm32xx_it.o(i.EXTI15_10_IRQHandler) refers to stm32f4xx_hal_gpio.o(i.HAL_GPIO_EXTI_IRQHandler) for HAL_GPIO_EXTI_IRQHandler
    stm32xx_it.o(i.EXTI15_10_IRQHandler) refers to stm32xx_it.o(.data) for .data
    stm32xx_it.o(i.SysTick_Handler) refers to stm32f4xx_hal.o(i.HAL_IncTick) for HAL_IncTick
    stm32xx_it.o(i.SysTick_Handler) refers to stm32xx_it.o(.data) for .data
    bluenrg_sdk_api.o(i.Add_Service) refers to bluenrg_gatt_aci.o(i.aci_gatt_add_serv) for aci_gatt_add_serv
    bluenrg_sdk_api.o(i.Add_Service) refers to bluenrg_gatt_aci.o(i.aci_gatt_add_char) for aci_gatt_add_char
    bluenrg_sdk_api.o(i.Add_Service) refers to bluenrg_sdk_api.o(.data) for .data
    bluenrg_sdk_api.o(i.Advertise_Address) refers to bluenrg_hal_aci.o(i.aci_hal_write_config_data) for aci_hal_write_config_data
    bluenrg_sdk_api.o(i.HCI_Event_CB) refers to bluenrg_gatt_aci.o(i.aci_gatt_allow_read) for aci_gatt_allow_read
    bluenrg_sdk_api.o(i.HCI_Event_CB) refers to demo_echo.o(i.ble_device_on_disconnect) for ble_device_on_disconnect
    bluenrg_sdk_api.o(i.HCI_Event_CB) refers to demo_echo.o(i.ble_device_on_connect) for ble_device_on_connect
    bluenrg_sdk_api.o(i.HCI_Event_CB) refers to demo_echo.o(i.ble_device_on_message) for ble_device_on_message
    bluenrg_sdk_api.o(i.HCI_Event_CB) refers to bluenrg_sdk_api.o(.data) for .data
    bluenrg_sdk_api.o(i.ble_device_send) refers to rt_memcpy_v6.o(.text) for __aeabi_memcpy
    bluenrg_sdk_api.o(i.ble_device_send) refers to bluenrg_gatt_aci.o(i.aci_gatt_update_char_value) for aci_gatt_update_char_value
    bluenrg_sdk_api.o(i.ble_device_send) refers to bluenrg_sdk_api.o(.data) for .data
    bluenrg_sdk_api.o(i.ble_device_set_advertising_interval) refers to bluenrg_sdk_api.o(.data) for .data
    bluenrg_sdk_api.o(i.ble_device_set_name) refers to strlen.o(.text) for strlen
    bluenrg_sdk_api.o(i.ble_device_set_name) refers to rt_memcpy_v6.o(.text) for __aeabi_memcpy
    bluenrg_sdk_api.o(i.ble_device_set_name) refers to bluenrg_sdk_api.o(.data) for .data
    bluenrg_sdk_api.o(i.ble_device_set_name) refers to bluenrg_sdk_api.o(.bss) for .bss
    bluenrg_sdk_api.o(i.ble_device_set_tx_power) refers to bluenrg_hal_aci.o(i.aci_hal_set_tx_power_level) for aci_hal_set_tx_power_level
    bluenrg_sdk_api.o(i.ble_device_start_advertising) refers to hci.o(i.hci_le_set_scan_resp_data) for hci_le_set_scan_resp_data
[...]
    Removing hci.o(i.hci_le_read_buffer_size), (96 bytes).
    Removing hci.o(i.hci_le_read_channel_map), (98 bytes).
    Removing hci.o(i.hci_le_read_local_supported_features), (86 bytes).
    Removing hci.o(i.hci_le_read_local_version), (128 bytes).
    Removing hci.o(i.hci_le_read_supported_states), (86 bytes).
    Removing hci.o(i.hci_le_read_white_list_size), (82 bytes).
    Removing hci.o(i.hci_le_receiver_test), (68 bytes).
    Removing hci.o(i.hci_le_remove_device_from_white_list), (78 bytes).
    Removing hci.o(i.hci_le_set_advertise_enable), (88 bytes).
    Removing hci.o(i.hci_le_set_advertising_data), (98 bytes).
    Removing hci.o(i.hci_le_set_advertising_parameters), (132 bytes).
    Removing hci.o(i.hci_le_set_random_address), (88 bytes).
    Removing hci.o(i.hci_le_set_scan_enable), (96 bytes).
    Removing hci.o(i.hci_le_set_scan_parameters), (112 bytes).
    Removing hci.o(i.hci_le_test_end), (82 bytes).
    Removing hci.o(i.hci_le_transmitter_test), (78 bytes).
    Removing hci.o(i.hci_read_bd_addr), (92 bytes).
    Removing hci.o(i.hci_read_rssi), (102 bytes).
    Removing hci.o(i.hci_read_transmit_power_level), (108 bytes).
    Removing hci.o(i.hci_reset), (56 bytes).
    Removing hci.o(i.hci_timeout_callback), (12 bytes).
    Removing bluenrg_gap_aci.o(i.aci_gap_allow_rebond), (70 bytes).
    Removing bluenrg_gap_aci.o(i.aci_gap_authorization_response), (74 bytes).
    Removing bluenrg_gap_aci.o(i.aci_gap_clear_security_database), (58 bytes).
    Removing bluenrg_gap_aci.o(i.aci_gap_configure_whitelist), (58 bytes).
    Removing bluenrg_gap_aci.o(i.aci_gap_create_connection), (130 bytes).
    Removing bluenrg_gap_aci.o(i.aci_gap_delete_ad_type), (68 bytes).
    Removing bluenrg_gap_aci.o(i.aci_gap_get_bonded_devices), (98 bytes).
    Removing bluenrg_gap_aci.o(i.aci_gap_get_security_level), (108 bytes).
    Removing bluenrg_gap_aci.o(i.aci_gap_is_device_bonded), (78 bytes).
    Removing bluenrg_gap_aci.o(i.aci_gap_pass_key_response), (78 bytes).
    Removing bluenrg_gap_aci.o(i.aci_gap_resolve_private_address), (94 bytes).
    Removing bluenrg_gap_aci.o(i.aci_gap_send_pairing_request), (78 bytes).
    Removing bluenrg_gap_aci.o(i.aci_gap_set_author_requirement), (74 bytes).
    Removing bluenrg_gap_aci.o(i.aci_gap_set_broadcast_mode), (156 bytes).
    Removing bluenrg_gap_aci.o(i.aci_gap_set_direct_connectable), (88 bytes).
    Removing bluenrg_gap_aci.o(i.aci_gap_set_io_capability), (68 bytes).
    Removing bluenrg_gap_aci.o(i.aci_gap_set_limited_discoverable), (196 bytes).
    Removing bluenrg_gap_aci.o(i.aci_gap_set_non_connectable), (74 bytes).
    Removing bluenrg_gap_aci.o(i.aci_gap_set_non_discoverable), (58 bytes).
    Removing bluenrg_gap_aci.o(i.aci_gap_set_undirected_connectable), (74 bytes).
    Removing bluenrg_gap_aci.o(i.aci_gap_slave_security_request), (82 bytes).
    Removing bluenrg_gap_aci.o(i.aci_gap_start_auto_conn_establish_proc), (206 bytes).
    Removing bluenrg_gap_aci.o(i.aci_gap_start_connection_update), (106 bytes).
    Removing bluenrg_gap_aci.o(i.aci_gap_start_general_conn_establish_proc), (92 bytes).
    Removing bluenrg_gap_aci.o(i.aci_gap_start_general_discovery_proc), (86 bytes).
    Removing bluenrg_gap_aci.o(i.aci_gap_start_limited_discovery_proc), (86 bytes).
    Removing bluenrg_gap_aci.o(i.aci_gap_start_name_discovery_proc), (130 bytes).
    Removing bluenrg_gap_aci.o(i.aci_gap_start_observation_procedure), (92 bytes).
    Removing bluenrg_gap_aci.o(i.aci_gap_start_selective_conn_establish_proc), (126 bytes).
    Removing bluenrg_gap_aci.o(i.aci_gap_terminate), (78 bytes).
    Removing bluenrg_gap_aci.o(i.aci_gap_terminate_gap_procedure), (64 bytes).
    Removing bluenrg_gap_aci.o(i.aci_gap_update_adv_data), (90 bytes).
    Removing bluenrg_gatt_aci.o(i.aci_att_execute_write_req), (76 bytes).
    Removing bluenrg_gatt_aci.o(i.aci_att_find_by_type_value_req), (118 bytes).
    Removing bluenrg_gatt_aci.o(i.aci_att_find_information_req), (80 bytes).
    Removing bluenrg_gatt_aci.o(i.aci_att_prepare_write_req), (106 bytes).
    Removing bluenrg_gatt_aci.o(i.aci_att_read_by_group_type_req), (106 bytes).
    Removing bluenrg_gatt_aci.o(i.aci_att_read_by_type_req), (106 bytes).
    Removing bluenrg_gatt_aci.o(i.aci_gatt_add_char_desc), (230 bytes).
    Removing bluenrg_gatt_aci.o(i.aci_gatt_confirm_indication), (72 bytes).
    Removing bluenrg_gatt_aci.o(i.aci_gatt_del_char), (76 bytes).
    Removing bluenrg_gatt_aci.o(i.aci_gatt_del_include_service), (76 bytes).
    Removing bluenrg_gatt_aci.o(i.aci_gatt_del_service), (72 bytes).
    Removing bluenrg_gatt_aci.o(i.aci_gatt_disc_all_charac_descriptors), (84 bytes).
    Removing bluenrg_gatt_aci.o(i.aci_gatt_disc_all_charac_of_serv), (84 bytes).
    Removing bluenrg_gatt_aci.o(i.aci_gatt_disc_all_prim_services), (76 bytes).
    Removing bluenrg_gatt_aci.o(i.aci_gatt_disc_charac_by_uuid), (130 bytes).
    Removing bluenrg_gatt_aci.o(i.aci_gatt_disc_prim_service_by_uuid), (102 bytes).
    Removing bluenrg_gatt_aci.o(i.aci_gatt_exchange_configuration), (76 bytes).
    Removing bluenrg_gatt_aci.o(i.aci_gatt_find_included_services), (84 bytes).
    Removing bluenrg_gatt_aci.o(i.aci_gatt_include_service), (156 bytes).
    Removing bluenrg_gatt_aci.o(i.aci_gatt_read_charac_desc), (80 bytes).
    Removing bluenrg_gatt_aci.o(i.aci_gatt_read_charac_val), (80 bytes).
    Removing bluenrg_gatt_aci.o(i.aci_gatt_read_handle_value), (112 bytes).
    Removing bluenrg_gatt_aci.o(i.aci_gatt_read_handle_value_offset), (116 bytes).
    Removing bluenrg_gatt_aci.o(i.aci_gatt_read_long_charac_desc), (84 bytes).
    Removing bluenrg_gatt_aci.o(i.aci_gatt_read_long_charac_val), (84 bytes).
    Removing bluenrg_gatt_aci.o(i.aci_gatt_read_multiple_charac_val), (110 bytes).
    Removing bluenrg_gatt_aci.o(i.aci_gatt_read_using_charac_uuid), (106 bytes).
    Removing bluenrg_gatt_aci.o(i.aci_gatt_set_desc_value), (140 bytes).
    Removing bluenrg_gatt_aci.o(i.aci_gatt_set_event_mask), (70 bytes).
    Removing bluenrg_gatt_aci.o(i.aci_gatt_set_security_permission), (80 bytes).
    Removing bluenrg_gatt_aci.o(i.aci_gatt_signed_write_without_resp), (100 bytes).
    Removing bluenrg_gatt_aci.o(i.aci_gatt_write_charac_descriptor), (120 bytes).
    Removing bluenrg_gatt_aci.o(i.aci_gatt_write_charac_reliable), (110 bytes).
    Removing bluenrg_gatt_aci.o(i.aci_gatt_write_charac_value), (120 bytes).
    Removing bluenrg_gatt_aci.o(i.aci_gatt_write_long_charac_desc), (110 bytes).
    Removing bluenrg_gatt_aci.o(i.aci_gatt_write_long_charac_val), (110 bytes).
    Removing bluenrg_gatt_aci.o(i.aci_gatt_write_response), (132 bytes).
    Removing bluenrg_gatt_aci.o(i.aci_gatt_write_without_response), (100 bytes).
    Removing bluenrg_hal_aci.o(i.aci_hal_device_standby), (58 bytes).
    Removing bluenrg_hal_aci.o(i.aci_hal_tone_start), (68 bytes).
    Removing bluenrg_hal_aci.o(i.aci_hal_tone_stop), (58 bytes).
    Removing bluenrg_l2cap_aci.o(i.aci_l2cap_connection_parameter_update_request), (94 bytes).
    Removing bluenrg_l2cap_aci.o(i.aci_l2cap_connection_parameter_update_response), (112 bytes).
    Removing gp_timer.o(i.Timer_Remaining), (18 bytes).
    Removing gp_timer.o(i.Timer_Reset), (10 bytes).
    Removing gp_timer.o(i.Timer_Restart), (12 bytes).
    Removing list.o(i.list_get_next_node), (6 bytes).
    Removing list.o(i.list_get_prev_node), (6 bytes).
    Removing list.o(i.list_get_size), (18 bytes).
    Removing list.o(i.list_insert_node_after), (14 bytes).
    Removing list.o(i.list_insert_node_before), (14 bytes).
    Removing list.o(i.list_remove_tail), (26 bytes).

407 unused section(s) (total 35472 bytes) removed from the image.

==============================================================================

Image Symbol Table

    Local Symbols

    Symbol Name                              Value     Ov Type        Size  Object(Section)

    ../clib/angel/boardlib.s                 0x00000000   Number         0  boardinit2.o ABSOLUTE
    ../clib/angel/boardlib.s                 0x00000000   Number         0  boardinit1.o ABSOLUTE
    ../clib/angel/boardlib.s                 0x00000000   Number         0  boardinit3.o ABSOLUTE
    ../clib/angel/boardlib.s                 0x00000000   Number         0  boardshut.o ABSOLUTE
    ../clib/angel/handlers.s                 0x00000000   Number         0  __scatter_zi.o ABSOLUTE
    ../clib/angel/handlers.s                 0x00000000   Number         0  __scatter_copy.o ABSOLUTE
    ../clib/angel/kernel.s                   0x00000000   Number         0  rtentry2.o ABSOLUTE
    ../clib/angel/kernel.s                   0x00000000   Number         0  rtexit2.o ABSOLUTE
    ../clib/angel/kernel.s                   0x00000000   Number         0  rtentry4.o ABSOLUTE
    ../clib/angel/kernel.s                   0x00000000   Number         0  rtentry.o ABSOLUTE
    ../clib/angel/kernel.s                   0x00000000   Number         0  rtexit.o ABSOLUTE
    ../clib/angel/rt.s                       0x00000000   Number         0  rt_raise.o ABSOLUTE
    ../clib/angel/scatter.s                  0x00000000   Number         0  __scatter.o ABSOLUTE
    ../clib/angel/startup.s                  0x00000000   Number         0  __main.o ABSOLUTE
    ../clib/angel/sys.s                      0x00000000   Number         0  indicate_semi.o ABSOLUTE
    ../clib/angel/sys.s                      0x00000000   Number         0  use_no_semi.o ABSOLUTE
    ../clib/angel/sys.s                      0x00000000   Number         0  sys_stackheap_outer.o ABSOLUTE
    ../clib/angel/sys.s                      0x00000000   Number         0  libspace.o ABSOLUTE
    ../clib/angel/sysapp.c                   0x00000000   Number         0  sys_exit.o ABSOLUTE
    ../clib/angel/sysapp.c                   0x00000000   Number         0  sys_wrch.o ABSOLUTE
    ../clib/angel/sysapp.c                   0x00000000   Number         0  sys_command.o ABSOLUTE
    ../clib/armsys.c                         0x00000000   Number         0  _get_argv_nomalloc.o ABSOLUTE
    ../clib/armsys.c                         0x00000000   Number         0  argv_veneer.o ABSOLUTE
    ../clib/armsys.c                         0x00000000   Number         0  argv_veneer.o ABSOLUTE
    ../clib/armsys.c                         0x00000000   Number         0  no_argv.o ABSOLUTE
    ../clib/heapalloc.c                      0x00000000   Number         0  hrguard.o ABSOLUTE
    ../clib/heapaux.c                        0x00000000   Number         0  heapauxi.o ABSOLUTE
    ../clib/libinit.s                        0x00000000   Number         0  libshutdown2.o ABSOLUTE
    ../clib/libinit.s                        0x00000000   Number         0  libshutdown.o ABSOLUTE
    ../clib/libinit.s                        0x00000000   Number         0  libinit2.o ABSOLUTE
    ../clib/libinit.s                        0x00000000   Number         0  libinit.o ABSOLUTE
    ../clib/memcpset.s                       0x00000000   Number         0  rt_memclr.o ABSOLUTE
    ../clib/memcpset.s                       0x00000000   Number         0  rt_memcpy_w.o ABSOLUTE
    ../clib/memcpset.s                       0x00000000   Number         0  rt_memcpy_v6.o ABSOLUTE
    ../clib/memcpset.s                       0x00000000   Number         0  memset.o ABSOLUTE
    ../clib/memcpset.s                       0x00000000   Number         0  rt_memclr_w.o ABSOLUTE
    ../clib/memcpset.s                       0x00000000   Number         0  memcpy.o ABSOLUTE
    ../clib/signal.c                         0x00000000   Number         0  defsig_rtmem_formal.o ABSOLUTE
    ../clib/signal.c                         0x00000000   Number         0  defsig_rtmem_outer.o ABSOLUTE
    ../clib/signal.c                         0x00000000   Number         0  defsig_general.o ABSOLUTE
    ../clib/signal.c                         0x00000000   Number         0  defsig_rtmem_inner.o ABSOLUTE
    ../clib/signal.c                         0x00000000   Number         0  defsig_exit.o ABSOLUTE
    ../clib/signal.c                         0x00000000   Number         0  defsig_abrt_inner.o ABSOLUTE
    ../clib/signal.c                         0x00000000   Number         0  defsig_fpe_inner.o ABSOLUTE
    ../clib/signal.c                         0x00000000   Number         0  defsig_rtred_inner.o ABSOLUTE
    ../clib/signal.c                         0x00000000   Number         0  defsig_stak_inner.o ABSOLUTE
    ../clib/signal.c                         0x00000000   Number         0  defsig_pvfn_inner.o ABSOLUTE
    ../clib/signal.c                         0x00000000   Number         0  defsig_cppl_inner.o ABSOLUTE
    ../clib/signal.c                         0x00000000   Number         0  __raise.o ABSOLUTE
    ../clib/signal.c                         0x00000000   Number         0  defsig_segv_inner.o ABSOLUTE
    ../clib/signal.c                         0x00000000   Number         0  defsig_other.o ABSOLUTE
    ../clib/signal.s                         0x00000000   Number         0  defsig.o ABSOLUTE
    ../clib/stdlib.c                         0x00000000   Number         0  exit.o ABSOLUTE
    ../clib/string.c                         0x00000000   Number         0  strlen.o ABSOLUTE
    ../fplib/fpinit.s                        0x00000000   Number         0  fpinit.o ABSOLUTE
    ..\..\..\..\..\Drivers\BSP\BlueNRG_MS\stm32_bluenrg_ble.c 0x00000000   Number         0  stm32_bluenrg_ble.o ABSOLUTE
    ..\..\..\..\..\Drivers\BSP\STM32F401RE\stm32f4xx_canon.c 0x00000000   Number         0  stm32f4xx_canon.o ABSOLUTE
    ..\..\..\..\..\Drivers\CMISS\Device\ST\STM32F4xx\Source\Templates\system_stm32f4xx.c 0x00000000   Number         0  system_stm32f4xx.o ABSOLUTE
    ..\..\..\..\..\Drivers\STM32F4xx_HAL_Driver\Src\stm32f4xx_hal.c 0x00000000   Number         0  stm32f4xx_hal.o ABSOLUTE
    ..\..\..\..\..\Drivers\STM32F4xx_HAL_Driver\Src\stm32f4xx_hal_adc.c 0x00000000   Number         0  stm32f4xx_hal_adc.o ABSOLUTE
    ..\..\..\..\..\Drivers\STM32F4xx_HAL_Driver\Src\stm32f4xx_hal_adc_ex.c 0x00000000   Number         0  stm32f4xx_hal_adc_ex.o ABSOLUTE
    ..\..\..\..\..\Drivers\STM32F4xx_HAL_Driver\Src\stm32f4xx_hal_cortex.c 0x00000000   Number         0  stm32f4xx_hal_cortex.o ABSOLUTE
    ..\..\..\..\..\Drivers\STM32F4xx_HAL_Driver\Src\stm32f4xx_hal_dma.c 0x00000000   Number         0  stm32f4xx_hal_dma.o ABSOLUTE
    ..\..\..\..\..\Drivers\STM32F4xx_HAL_Driver\Src\stm32f4xx_hal_flash.c 0x00000000   Number         0  stm32f4xx_hal_flash.o ABSOLUTE
    ..\..\..\..\..\Drivers\STM32F4xx_HAL_Driver\Src\stm32f4xx_hal_flash_ex.c 0x00000000   Number         0  stm32f4xx_hal_flash_ex.o ABSOLUTE
    ..\..\..\..\..\Drivers\STM32F4xx_HAL_Driver\Src\stm32f4xx_hal_gpio.c 0x00000000   Number         0  stm32f4xx_hal_gpio.o ABSOLUTE
    ..\..\..\..\..\Drivers\STM32F4xx_HAL_Driver\Src\stm32f4xx_hal_pwr.c 0x00000000   Number         0  stm32f4xx_hal_pwr.o ABSOLUTE
    ..\..\..\..\..\Drivers\STM32F4xx_HAL_Driver\Src\stm32f4xx_hal_pwr_ex.c 0x00000000   Number         0  stm32f4xx_hal_pwr_ex.o ABSOLUTE
    ..\..\..\..\..\Drivers\STM32F4xx_HAL_Driver\Src\stm32f4xx_hal_rcc.c 0x00000000   Number         0  stm32f4xx_hal_rcc.o ABSOLUTE
    ..\..\..\..\..\Drivers\STM32F4xx_HAL_Driver\Src\stm32f4xx_hal_rcc_ex.c 0x00000000   Number         0  stm32f4xx_hal_rcc_ex.o ABSOLUTE
    ..\..\..\..\..\Drivers\STM32F4xx_HAL_Driver\Src\stm32f4xx_hal_spi.c 0x00000000   Number         0  stm32f4xx_hal_spi.o ABSOLUTE
    ..\..\..\..\..\Middlewares\ST\STM32_BlueNRG\Interface\bluenrg_itf_template.c 0x00000000   Number         0  bluenrg_itf_template.o ABSOLUTE
    ..\..\..\..\..\Middlewares\ST\STM32_BlueNRG\SimpleBlueNRG_HCI\hci\controller\bluenrg_gap_aci.c 0x00000000   Number         0  bluenrg_gap_aci.o ABSOLUTE
    ..\..\..\..\..\Middlewares\ST\STM32_BlueNRG\SimpleBlueNRG_HCI\hci\controller\bluenrg_gatt_aci.c 0x00000000   Number         0  bluenrg_gatt_aci.o ABSOLUTE
    ..\..\..\..\..\Middlewares\ST\STM32_BlueNRG\SimpleBlueNRG_HCI\hci\controller\bluenrg_hal_aci.c 0x00000000   Number         0  bluenrg_hal_aci.o ABSOLUTE
    ..\..\..\..\..\Middlewares\ST\STM32_BlueNRG\SimpleBlueNRG_HCI\hci\controller\bluenrg_l2cap_aci.c 0x00000000   Number         0  bluenrg_l2cap_aci.o ABSOLUTE
    ..\..\..\..\..\Middlewares\ST\STM32_BlueNRG\SimpleBlueNRG_HCI\hci\hci.c 0x00000000   Number         0  hci.o ABSOLUTE
    ..\..\..\..\..\Middlewares\ST\STM32_BlueNRG\SimpleBlueNRG_HCI\utils\gp_timer.c 0x00000000   Number         0  gp_timer.o ABSOLUTE
    ..\..\..\..\..\Middlewares\ST\STM32_BlueNRG\SimpleBlueNRG_HCI\utils\list.c 0x00000000   Number         0  list.o ABSOLUTE
    ..\..\..\..\..\Middlewares\ST\STM32_BlueNRG\SimpleBlueNRG_HCI\utils\osal.c 0x00000000   Number         0  osal.o ABSOLUTE
    ..\..\Echo\demo_echo.c                   0x00000000   Number         0  demo_echo.o ABSOLUTE
    ..\SW4STM32\startup_stm32f401xe.s        0x00000000   Number         0  startup_stm32f401xe.o ABSOLUTE
    ..\Src\bluenrg_interface.c               0x00000000   Number         0  bluenrg_interface.o ABSOLUTE
    ..\Src\bluenrg_sdk_api.c                 0x00000000   Number         0  bluenrg_sdk_api.o ABSOLUTE
    ..\Src\canon_hal_f4.c                    0x00000000   Number         0  canon_hal_f4.o ABSOLUTE
    ..\Src\clock.c                           0x00000000   Number         0  clock.o ABSOLUTE
    ..\Src\main.c                            0x00000000   Number         0  main.o ABSOLUTE
    ..\Src\stm32xx_it.c                      0x00000000   Number         0  stm32xx_it.o ABSOLUTE
    ..\\..\\..\\..\\..\\Drivers\\BSP\\BlueNRG_MS\\stm32_bluenrg_ble.c 0x00000000   Number         0  stm32_bluenrg_ble.o ABSOLUTE
    ..\\..\\..\\..\\..\\Drivers\\BSP\\STM32F401RE\\stm32f4xx_canon.c 0x00000000   Number         0  stm32f4xx_canon.o ABSOLUTE
    ..\\..\\..\\..\\..\\Drivers\\CMISS\\Device\\ST\\STM32F4xx\\Source\\Templates\\system_stm32f4xx.c 0x00000000   Number         0  system_stm32f4xx.o ABSOLUTE
    ..\\..\\..\\..\\..\\Drivers\\STM32F4xx_HAL_Driver\\Src\\stm32f4xx_hal.c 0x00000000   Number         0  stm32f4xx_hal.o ABSOLUTE
    ..\\..\\..\\..\\..\\Drivers\\STM32F4xx_HAL_Driver\\Src\\stm32f4xx_hal_adc.c 0x00000000   Number         0  stm32f4xx_hal_adc.o ABSOLUTE
    ..\\..\\..\\..\\..\\Drivers\\STM32F4xx_HAL_Driver\\Src\\stm32f4xx_hal_adc_ex.c 0x00000000   Number         0  stm32f4xx_hal_adc_ex.o ABSOLUTE
    ..\\..\\..\\..\\..\\Drivers\\STM32F4xx_HAL_Driver\\Src\\stm32f4xx_hal_cortex.c 0x00000000   Number         0  stm32f4xx_hal_cortex.o ABSOLUTE
    ..\\..\\..\\..\\..\\Drivers\\STM32F4xx_HAL_Driver\\Src\\stm32f4xx_hal_dma.c 0x00000000   Number         0  stm32f4xx_hal_dma.o ABSOLUTE
    ..\\..\\..\\..\\..\\Drivers\\STM32F4xx_HAL_Driver\\Src\\stm32f4xx_hal_flash.c 0x00000000   Number         0  stm32f4xx_hal_flash.o ABSOLUTE
    ..\\..\\..\\..\\..\\Drivers\\STM32F4xx_HAL_Driver\\Src\\stm32f4xx_hal_flash_ex.c 0x00000000   Number         0  stm32f4xx_hal_flash_ex.o ABSOLUTE
    ..\\..\\..\\..\\..\\Drivers\\STM32F4xx_HAL_Driver\\Src\\stm32f4xx_hal_gpio.c 0x00000000   Number         0  stm32f4xx_hal_gpio.o ABSOLUTE
    ..\\..\\..\\..\\..\\Drivers\\STM32F4xx_HAL_Driver\\Src\\stm32f4xx_hal_pwr.c 0x00000000   Number         0  stm32f4xx_hal_pwr.o ABSOLUTE
    ..\\..\\..\\..\\..\\Drivers\\STM32F4xx_HAL_Driver\\Src\\stm32f4xx_hal_pwr_ex.c 0x00000000   Number         0  stm32f4xx_hal_pwr_ex.o ABSOLUTE
    ..\\..\\..\\..\\..\\Drivers\\STM32F4xx_HAL_Driver\\Src\\stm32f4xx_hal_rcc.c 0x00000000   Number         0  stm32f4xx_hal_rcc.o ABSOLUTE
    ..\\..\\..\\..\\..\\Drivers\\STM32F4xx_HAL_Driver\\Src\\stm32f4xx_hal_rcc_ex.c 0x00000000   Number         0  stm32f4xx_hal_rcc_ex.o ABSOLUTE
    ..\\..\\..\\..\\..\\Drivers\\STM32F4xx_HAL_Driver\\Src\\stm32f4xx_hal_spi.c 0x00000000   Number         0  stm32f4xx_hal_spi.o ABSOLUTE
    ..\\..\\..\\..\\..\\Middlewares\\ST\\STM32_BlueNRG\\SimpleBlueNRG_HCI\\hci\\hci.c 0x00000000   Number         0  hci.o ABSOLUTE
    ..\\..\\Echo\\demo_echo.c                0x00000000   Number         0  demo_echo.o ABSOLUTE
    ..\\Src\\bluenrg_interface.c             0x00000000   Number         0  bluenrg_interface.o ABSOLUTE
    ..\\Src\\bluenrg_sdk_api.c               0x00000000   Number         0  bluenrg_sdk_api.o ABSOLUTE
    ..\\Src\\canon_hal_f4.c                  0x00000000   Number         0  canon_hal_f4.o ABSOLUTE
    ..\\Src\\clock.c                         0x00000000   Number         0  clock.o ABSOLUTE
    ..\\Src\\main.c                          0x00000000   Number         0  main.o ABSOLUTE
    ..\\Src\\stm32xx_it.c                    0x00000000   Number         0  stm32xx_it.o ABSOLUTE
    dc.s                                     0x00000000   Number         0  dc.o ABSOLUTE
    RESET                                    0x08000000   Section      404  startup_stm32f401xe.o(RESET)
    !!!main                                  0x08000194   Section        8  __main.o(!!!main)
    !!!scatter                               0x0800019c   Section       52  __scatter.o(!!!scatter)
    !!handler_copy                           0x080001d0   Section       26  __scatter_copy.o(!!handler_copy)
    !!handler_zi                             0x080001ec   Section       28  __scatter_zi.o(!!handler_zi)
    .ARM.Collect$$libinit$$00000000          0x08000208   Section        2  libinit.o(.ARM.Collect$$libinit$$00000000)
    .ARM.Collect$$libinit$$00000001          0x0800020a   Section        4  libinit2.o(.ARM.Collect$$libinit$$00000001)
    .ARM.Collect$$libinit$$00000008          0x0800020e   Section        0  libinit2.o(.ARM.Collect$$libinit$$00000008)
    .ARM.Collect$$libinit$$0000000A          0x0800020e   Section        0  libinit2.o(.ARM.Collect$$libinit$$0000000A)
    .ARM.Collect$$libinit$$0000000C          0x0800020e   Section        0  libinit2.o(.ARM.Collect$$libinit$$0000000C)
    .ARM.Collect$$libinit$$0000000F          0x0800020e   Section        0  libinit2.o(.ARM.Collect$$libinit$$0000000F)
    .ARM.Collect$$libinit$$00000011          0x0800020e   Section        0  libinit2.o(.ARM.Collect$$libinit$$00000011)
    .ARM.Collect$$libinit$$00000013          0x0800020e   Section        0  libinit2.o(.ARM.Collect$$libinit$$00000013)
    .ARM.Collect$$libinit$$00000015          0x0800020e   Section        0  libinit2.o(.ARM.Collect$$libinit$$00000015)
    .ARM.Collect$$libinit$$00000017          0x0800020e   Section        0  libinit2.o(.ARM.Collect$$libinit$$00000017)
    .ARM.Collect$$libinit$$00000019          0x0800020e   Section        0  libinit2.o(.ARM.Collect$$libinit$$00000019)
    .ARM.Collect$$libinit$$0000001B          0x0800020e   Section        0  libinit2.o(.ARM.Collect$$libinit$$0000001B)
    .ARM.Collect$$libinit$$0000001D          0x0800020e   Section        0  libinit2.o(.ARM.Collect$$libinit$$0000001D)
    .ARM.Collect$$libinit$$0000001F          0x0800020e   Section        0  libinit2.o(.ARM.Collect$$libinit$$0000001F)
    .ARM.Collect$$libinit$$00000021          0x0800020e   Section        0  libinit2.o(.ARM.Collect$$libinit$$00000021)
    .ARM.Collect$$libinit$$00000023          0x0800020e   Section        0  libinit2.o(.ARM.Collect$$libinit$$00000023)
    .ARM.Collect$$libinit$$0000002A          0x0800020e   Section        0  libinit2.o(.ARM.Collect$$libinit$$0000002A)
    .ARM.Collect$$libinit$$0000002C          0x0800020e   Section        0  libinit2.o(.ARM.Collect$$libinit$$0000002C)
    .ARM.Collect$$libinit$$0000002E          0x0800020e   Section        0  libinit2.o(.ARM.Collect$$libinit$$0000002E)
    .ARM.Collect$$libinit$$00000030          0x0800020e   Section        0  libinit2.o(.ARM.Collect$$libinit$$00000030)
    .ARM.Collect$$libinit$$00000031          0x0800020e   Section        2  libinit2.o(.ARM.Collect$$libinit$$00000031)
    .ARM.Collect$$libshutdown$$00000000      0x08000210   Section        2  libshutdown.o(.ARM.Collect$$libshutdown$$00000000)
    .ARM.Collect$$libshutdown$$00000003      0x08000212   Section        0  libshutdown2.o(.ARM.Collect$$libshutdown$$00000003)
    .ARM.Collect$$libshutdown$$00000006      0x08000212   Section        0  libshutdown2.o(.ARM.Collect$$libshutdown$$00000006)
    .ARM.Collect$$libshutdown$$00000009      0x08000212   Section        0  libshutdown2.o(.ARM.Collect$$libshutdown$$00000009)
    .ARM.Collect$$libshutdown$$0000000B      0x08000212   Section        0  libshutdown2.o(.ARM.Collect$$libshutdown$$0000000B)
    .ARM.Collect$$libshutdown$$0000000E      0x08000212   Section        0  libshutdown2.o(.ARM.Collect$$libshutdown$$0000000E)
    .ARM.Collect$$libshutdown$$0000000F      0x08000212   Section        2  libshutdown2.o(.ARM.Collect$$libshutdown$$0000000F)
    .ARM.Collect$$rtentry$$00000000          0x08000214   Section        0  rtentry.o(.ARM.Collect$$rtentry$$00000000)
    .ARM.Collect$$rtentry$$00000002          0x08000214   Section        0  rtentry2.o(.ARM.Collect$$rtentry$$00000002)
    .ARM.Collect$$rtentry$$00000004          0x08000214   Section        6  rtentry4.o(.ARM.Collect$$rtentry$$00000004)
    .ARM.Collect$$rtentry$$00000009          0x0800021a   Section        0  rtentry2.o(.ARM.Collect$$rtentry$$00000009)
    .ARM.Collect$$rtentry$$0000000A          0x0800021a   Section        4  rtentry2.o(.ARM.Collect$$rtentry$$0000000A)
    .ARM.Collect$$rtentry$$0000000C          0x0800021e   Section        0  rtentry2.o(.ARM.Collect$$rtentry$$0000000C)
    .ARM.Collect$$rtentry$$0000000D          0x0800021e   Section        8  rtentry2.o(.ARM.Collect$$rtentry$$0000000D)
    .ARM.Collect$$rtexit$$00000000           0x08000226   Section        2  rtexit.o(.ARM.Collect$$rtexit$$00000000)
    .ARM.Collect$$rtexit$$00000002           0x08000228   Section        0  rtexit2.o(.ARM.Collect$$rtexit$$00000002)
    .ARM.Collect$$rtexit$$00000003           0x08000228   Section        4  rtexit2.o(.ARM.Collect$$rtexit$$00000003)
    .ARM.Collect$$rtexit$$00000004           0x0800022c   Section        6  rtexit2.o(.ARM.Collect$$rtexit$$00000004)
    .text                                    0x08000234   Section       64  startup_stm32f401xe.o(.text)
    $v0                                      0x08000234   Number         0  startup_stm32f401xe.o(.text)
    .text                                    0x08000274   Section        0  strlen.o(.text)
    .text                                    0x080002b2   Section      138  rt_memcpy_v6.o(.text)
    .text                                    0x0800033c   Section        8  memcpy.o(.text)
    .text                                    0x08000344   Section       22  memset.o(.text)
    .text                                    0x0800035a   Section        0  heapauxi.o(.text)
    .text                                    0x08000360   Section      100  rt_memcpy_w.o(.text)
    .text                                    0x080003c4   Section       68  rt_memclr.o(.text)
    .text                                    0x08000408   Section       78  rt_memclr_w.o(.text)
    .text                                    0x08000456   Section       74  sys_stackheap_outer.o(.text)
    .text                                    0x080004a0   Section        0  exit.o(.text)
    .text                                    0x080004ac   Section        8  libspace.o(.text)
    .text                                    0x080004b4   Section        0  sys_exit.o(.text)
    .text                                    0x080004c0   Section        2  use_no_semi.o(.text)
    .text                                    0x080004c2   Section        0  indicate_semi.o(.text)
    i.Add_Service                            0x080004c4   Section        0  bluenrg_sdk_api.o(i.Add_Service)
    Add_Service                              0x080004c5   Thumb Code   220  bluenrg_sdk_api.o(i.Add_Service)
    i.Advertise_Address                      0x080005f4   Section        0  bluenrg_sdk_api.o(i.Advertise_Address)
    i.BNRG_SPI_Init                          0x08000608   Section        0  stm32_bluenrg_ble.o(i.BNRG_SPI_Init)
    i.BSP_LED_Init                           0x0800063c   Section        0  stm32f4xx_canon.o(i.BSP_LED_Init)
    i.BlueNRG_DataPresent                    0x08000694   Section        0  stm32_bluenrg_ble.o(i.BlueNRG_DataPresent)
    i.BlueNRG_RST                            0x080006ac   Section        0  stm32_bluenrg_ble.o(i.BlueNRG_RST)
    i.BlueNRG_SPI_Read_All                   0x080006dc   Section        0  stm32_bluenrg_ble.o(i.BlueNRG_SPI_Read_All)
    i.BlueNRG_SPI_Write                      0x08000778   Section        0  stm32_bluenrg_ble.o(i.BlueNRG_SPI_Write)
    i.Clear_SPI_EXTI_Flag                    0x08000854   Section        0  stm32_bluenrg_ble.o(i.Clear_SPI_EXTI_Flag)
    i.Clock_Time                             0x08000860   Section        0  clock.o(i.Clock_Time)
    i.DebugMon_Handler                       0x08000864   Section        0  stm32xx_it.o(i.DebugMon_Handler)
    i.Disable_SPI_IRQ                        0x08000866   Section        0  stm32_bluenrg_ble.o(i.Disable_SPI_IRQ)
    i.EXTI0_IRQHandler                       0x0800086c   Section        0  stm32xx_it.o(i.EXTI0_IRQHandler)
    i.EXTI15_10_IRQHandler                   0x08000874   Section        0  stm32xx_it.o(i.EXTI15_10_IRQHandler)
    i.Enable_SPI_IRQ                         0x08000888   Section        0  stm32_bluenrg_ble.o(i.Enable_SPI_IRQ)
    i.HAL_Delay                              0x0800088e   Section        0  stm32f4xx_hal.o(i.HAL_Delay)
    i.HAL_GPIO_EXTI_Callback                 0x080008a4   Section        0  bluenrg_interface.o(i.HAL_GPIO_EXTI_Callback)
    i.HAL_GPIO_EXTI_IRQHandler               0x080008a8   Section        0  stm32f4xx_hal_gpio.o(i.HAL_GPIO_EXTI_IRQHandler)
    i.HAL_GPIO_Init                          0x080008c0   Section        0  stm32f4xx_hal_gpio.o(i.HAL_GPIO_Init)
    i.HAL_GPIO_ReadPin                       0x08000a48   Section        0  stm32f4xx_hal_gpio.o(i.HAL_GPIO_ReadPin)
    i.HAL_GPIO_WritePin                      0x08000a52   Section        0  stm32f4xx_hal_gpio.o(i.HAL_GPIO_WritePin)
    i.HAL_GetTick                            0x08000a5c   Section        0  stm32f4xx_hal.o(i.HAL_GetTick)
    i.HAL_IncTick                            0x08000a68   Section        0  stm32f4xx_hal.o(i.HAL_IncTick)
    i.HAL_Init                               0x08000a78   Section        0  stm32f4xx_hal.o(i.HAL_Init)
    i.HAL_InitTick                           0x08000aac   Section        0  stm32f4xx_hal.o(i.HAL_InitTick)
    i.HAL_MspInit                            0x08000ace   Section        0  stm32f4xx_hal.o(i.HAL_MspInit)
    i.HAL_NVIC_DisableIRQ                    0x08000ad0   Section        0  stm32f4xx_hal_cortex.o(i.HAL_NVIC_DisableIRQ)
    i.HAL_NVIC_EnableIRQ                     0x08000ae6   Section        0  stm32f4xx_hal_cortex.o(i.HAL_NVIC_EnableIRQ)
    i.HAL_NVIC_SetPriority                   0x08000afc   Section        0  stm32f4xx_hal_cortex.o(i.HAL_NVIC_SetPriority)
    i.HAL_NVIC_SetPriorityGrouping           0x08000b3c   Section        0  stm32f4xx_hal_cortex.o(i.HAL_NVIC_SetPriorityGrouping)
    i.HAL_RCC_ClockConfig                    0x08000b60   Section        0  stm32f4xx_hal_rcc.o(i.HAL_RCC_ClockConfig)
    i.HAL_RCC_GetHCLKFreq                    0x08000d6c   Section        0  stm32f4xx_hal_rcc.o(i.HAL_RCC_GetHCLKFreq)
    i.HAL_RCC_GetSysClockFreq                0x08000da0   Section        0  stm32f4xx_hal_rcc.o(i.HAL_RCC_GetSysClockFreq)
    i.HAL_RCC_OscConfig                      0x08000e10   Section        0  stm32f4xx_hal_rcc.o(i.HAL_RCC_OscConfig)
    i.HAL_SPI_Init                           0x0800114c   Section        0  stm32f4xx_hal_spi.o(i.HAL_SPI_Init)
    i.HAL_SPI_MspInit                        0x080011d0   Section        0  stm32_bluenrg_ble.o(i.HAL_SPI_MspInit)
    i.HAL_SPI_TransmitReceive                0x08001320   Section        0  stm32f4xx_hal_spi.o(i.HAL_SPI_TransmitReceive)
    i.HAL_SYSTICK_Config                     0x080015ca   Section        0  stm32f4xx_hal_cortex.o(i.HAL_SYSTICK_Config)
    i.HCI_Event_CB                           0x080015f4   Section        0  bluenrg_sdk_api.o(i.HCI_Event_CB)
    i.HCI_Init                               0x08001668   Section        0  hci.o(i.HCI_Init)
    i.HCI_Isr                                0x080016a0   Section        0  hci.o(i.HCI_Isr)
    i.HCI_Process                            0x08001710   Section        0  hci.o(i.HCI_Process)
    i.HCI_Queue_Empty                        0x08001784   Section        0  hci.o(i.HCI_Queue_Empty)
    i.HCI_verify                             0x08001790   Section        0  hci.o(i.HCI_verify)
    i.Hal_Write_Serial                       0x080017b4   Section        0  stm32_bluenrg_ble.o(i.Hal_Write_Serial)
    i.HardFault_Handler                      0x080017f8   Section        0  stm32xx_it.o(i.HardFault_Handler)
    i.NMI_Handler                            0x080017fa   Section        0  stm32xx_it.o(i.NMI_Handler)
    i.NVIC_SetPriority                       0x080017fc   Section        0  stm32f4xx_hal_cortex.o(i.NVIC_SetPriority)
    NVIC_SetPriority                         0x080017fd   Thumb Code    32  stm32f4xx_hal_cortex.o(i.NVIC_SetPriority)
    i.Osal_MemCpy                            0x0800181c   Section        0  osal.o(i.Osal_MemCpy)
    i.Osal_MemSet                            0x08001820   Section        0  osal.o(i.Osal_MemSet)
    i.PendSV_Handler                         0x08001824   Section        0  stm32xx_it.o(i.PendSV_Handler)
    i.SPI_WaitOnFlagUntilTimeout             0x08001826   Section        0  stm32f4xx_hal_spi.o(i.SPI_WaitOnFlagUntilTimeout)
    SPI_WaitOnFlagUntilTimeout               0x08001827   Thumb Code   158  stm32f4xx_hal_spi.o(i.SPI_WaitOnFlagUntilTimeout)
    i.SVC_Handler                            0x080018c4   Section        0  stm32xx_it.o(i.SVC_Handler)
    i.SysTick_Handler                        0x080018c8   Section        0  stm32xx_it.o(i.SysTick_Handler)
    i.SystemClock_Config                     0x080018dc   Section        0  canon_hal_f4.o(i.SystemClock_Config)
    i.SystemInit                             0x08001918   Section        0  system_stm32f4xx.o(i.SystemInit)
    i.Timer_Expired                          0x0800196c   Section        0  gp_timer.o(i.Timer_Expired)
    i.Timer_Set                              0x08001988   Section        0  gp_timer.o(i.Timer_Set)
    i.User_Process                           0x08001998   Section        0  demo_echo.o(i.User_Process)
    i.aci_gap_init                           0x080019b0   Section        0  bluenrg_gap_aci.o(i.aci_gap_init)
    i.aci_gap_set_auth_requirement           0x08001a26   Section        0  bluenrg_gap_aci.o(i.aci_gap_set_auth_requirement)
    i.aci_gap_set_discoverable               0x08001a9c   Section        0  bluenrg_gap_aci.o(i.aci_gap_set_discoverable)
    i.aci_gatt_add_char                      0x08001b5c   Section        0  bluenrg_gatt_aci.o(i.aci_gatt_add_char)
    i.aci_gatt_add_serv                      0x08001c16   Section        0  bluenrg_gatt_aci.o(i.aci_gatt_add_serv)
    i.aci_gatt_allow_read                    0x08001c9a   Section        0  bluenrg_gatt_aci.o(i.aci_gatt_allow_read)
    i.aci_gatt_init                          0x08001ce2   Section        0  bluenrg_gatt_aci.o(i.aci_gatt_init)
    i.aci_gatt_update_char_value             0x08001d1e   Section        0  bluenrg_gatt_aci.o(i.aci_gatt_update_char_value)
    i.aci_hal_set_tx_power_level             0x08001d9e   Section        0  bluenrg_hal_aci.o(i.aci_hal_set_tx_power_level)
    i.aci_hal_write_config_data              0x08001de8   Section        0  bluenrg_hal_aci.o(i.aci_hal_write_config_data)
    i.ble_device_on_connect                  0x08001e48   Section        0  demo_echo.o(i.ble_device_on_connect)
    i.ble_device_on_disconnect               0x08001e4c   Section        0  demo_echo.o(i.ble_device_on_disconnect)
    i.ble_device_on_message                  0x08001e58   Section        0  demo_echo.o(i.ble_device_on_message)
    i.ble_device_send                        0x08001e5c   Section        0  bluenrg_sdk_api.o(i.ble_device_send)
    i.ble_device_set_advertising_interval    0x08001ea8   Section        0  bluenrg_sdk_api.o(i.ble_device_set_advertising_interval)
    i.ble_device_set_name                    0x08001eb4   Section        0  bluenrg_sdk_api.o(i.ble_device_set_name)
    i.ble_device_set_tx_power                0x08001ee8   Section        0  bluenrg_sdk_api.o(i.ble_device_set_tx_power)
    i.ble_device_start_advertising           0x08001ef0   Section        0  bluenrg_sdk_api.o(i.ble_device_start_advertising)
    i.ble_init_bluenrg                       0x08001f54   Section        0  bluenrg_sdk_api.o(i.ble_init_bluenrg)
    i.hci_le_set_scan_resp_data              0x08001fb0   Section        0  hci.o(i.hci_le_set_scan_resp_data)
    i.hci_send_cmd                           0x08002014   Section        0  hci.o(i.hci_send_cmd)
    i.hci_send_req                           0x08002044   Section        0  hci.o(i.hci_send_req)
    i.hci_write                              0x08002188   Section        0  hci.o(i.hci_write)
    i.list_init_head                         0x0800218c   Section        0  list.o(i.list_init_head)
    i.list_insert_head                       0x08002192   Section        0  list.o(i.list_insert_head)
    i.list_insert_tail                       0x080021a0   Section        0  list.o(i.list_insert_tail)
    i.list_is_empty                          0x080021ae   Section        0  list.o(i.list_is_empty)
    i.list_remove_head                       0x080021bc   Section        0  list.o(i.list_remove_head)
    i.list_remove_node                       0x080021d6   Section        0  list.o(i.list_remove_node)
    i.main                                   0x080021e4   Section        0  main.o(i.main)
    i.move_list                              0x0800224c   Section        0  hci.o(i.move_list)
    move_list                                0x0800224d   Thumb Code    36  hci.o(i.move_list)
    i.set_irq_as_input                       0x08002270   Section        0  stm32_bluenrg_ble.o(i.set_irq_as_input)
    i.set_irq_as_output                      0x080022a8   Section        0  stm32_bluenrg_ble.o(i.set_irq_as_output)
    x$fpl$fpinit                             0x080022d8   Section       10  fpinit.o(x$fpl$fpinit)
    $v0                                      0x080022d8   Number         0  fpinit.o(x$fpl$fpinit)
    .constdata                               0x080022e4   Section        4  clock.o(.constdata)
    .constdata                               0x080022e8   Section        6  stm32f4xx_canon.o(.constdata)
    .constdata                               0x080022ee   Section       16  stm32f4xx_hal_rcc.o(.constdata)
    .data                                    0x20000000   Section        8  stm32xx_it.o(.data)
    .data                                    0x20000008   Section       48  bluenrg_sdk_api.o(.data)
    AdvNameLen                               0x20000009   Data           1  bluenrg_sdk_api.o(.data)
    connection_handle                        0x2000000a   Data           2  bluenrg_sdk_api.o(.data)
    notification_enabled                     0x2000000c   Data           2  bluenrg_sdk_api.o(.data)
    .data                                    0x20000038   Section       12  stm32f4xx_canon.o(.data)
    .data                                    0x20000044   Section       20  system_stm32f4xx.o(.data)
    .data                                    0x20000058   Section        4  stm32f4xx_hal.o(.data)
    uwTick                                   0x20000058   Data           4  stm32f4xx_hal.o(.data)
    .data                                    0x2000005c   Section       20  hci.o(.data)
    readPacketListFull                       0x2000005c   Data           1  hci.o(.data)
    hci_timeout                              0x2000005d   Data           1  hci.o(.data)
    .bss                                     0x20000070   Section       20  bluenrg_sdk_api.o(.bss)
    .bss                                     0x20000084   Section       88  stm32_bluenrg_ble.o(.bss)
    .bss                                     0x200000dc   Section      700  hci.o(.bss)
    hciReadPacketBuffer                      0x200000dc   Data         700  hci.o(.bss)
    .bss                                     0x20000398   Section       96  libspace.o(.bss)
    HEAP                                     0x200003f8   Section      512  startup_stm32f401xe.o(HEAP)
    Heap_Mem                                 0x200003f8   Data         512  startup_stm32f401xe.o(HEAP)
    STACK                                    0x200005f8   Section     1024  startup_stm32f401xe.o(STACK)
    Stack_Mem                                0x200005f8   Data        1024  startup_stm32f401xe.o(STACK)
    __initial_sp                             0x200009f8   Data           0  startup_stm32f401xe.o(STACK)

    Global Symbols

    Symbol Name                              Value     Ov Type        Size  Object(Section)

    BuildAttributes$$THM_ISAv4$E$P$D$K$B$S$7EM$VFPi3$EXTD16$VFPS$VFMA$PE$A:L22UL41UL21$X:L11$S22US41US21$IEEE1$IW$USESV6$~STKCKD$USESV7$~SHL$OSPACE$ROPI$EBA8$UX$STANDARDLIB$REQ8$PRES8$EABIv2 0x00000000   Number         0  anon$$obj.o ABSOLUTE
    __ARM_use_no_argv                        0x00000000   Number         0  main.o ABSOLUTE
    __ARM_exceptions_init                     - Undefined Weak Reference
    __alloca_initialize                       - Undefined Weak Reference
    __cpp_initialize__aeabi_                  - Undefined Weak Reference
    __cxa_finalize                            - Undefined Weak Reference
    __rt_locale                               - Undefined Weak Reference
    __sigvec_lookup                           - Undefined Weak Reference
    _atexit_init                              - Undefined Weak Reference
    _call_atexit_fns                          - Undefined Weak Reference
    _clock_init                               - Undefined Weak Reference
    _fp_trap_init                             - Undefined Weak Reference
    _fp_trap_shutdown                         - Undefined Weak Reference
    _get_lc_collate                           - Undefined Weak Reference
    _get_lc_ctype                             - Undefined Weak Reference
    _get_lc_monetary                          - Undefined Weak Reference
    _get_lc_numeric                           - Undefined Weak Reference
    _get_lc_time                              - Undefined Weak Reference
    _getenv_init                              - Undefined Weak Reference
    _handle_redirection                       - Undefined Weak Reference
    _init_alloc                               - Undefined Weak Reference
    _init_user_alloc                          - Undefined Weak Reference
    _initio                                   - Undefined Weak Reference
    _rand_init                                - Undefined Weak Reference
    _signal_finish                            - Undefined Weak Reference
    _signal_init                              - Undefined Weak Reference
    _terminate_alloc                          - Undefined Weak Reference
    _terminate_user_alloc                     - Undefined Weak Reference
    _terminateio                              - Undefined Weak Reference
    __Vectors_Size                           0x00000194   Number         0  startup_stm32f401xe.o ABSOLUTE
    __Vectors                                0x08000000   Data           4  startup_stm32f401xe.o(RESET)
    __Vectors_End                            0x08000194   Data           0  startup_stm32f401xe.o(RESET)
    __main                                   0x08000195   Thumb Code     8  __main.o(!!!main)
    __scatterload                            0x0800019d   Thumb Code     0  __scatter.o(!!!scatter)
    __scatterload_rt2                        0x0800019d   Thumb Code    44  __scatter.o(!!!scatter)
    __scatterload_rt2_thumb_only             0x0800019d   Thumb Code     0  __scatter.o(!!!scatter)
    __scatterload_null                       0x080001ab   Thumb Code     0  __scatter.o(!!!scatter)
    __scatterload_copy                       0x080001d1   Thumb Code    26  __scatter_copy.o(!!handler_copy)
    __scatterload_zeroinit                   0x080001ed   Thumb Code    28  __scatter_zi.o(!!handler_zi)
    __rt_lib_init                            0x08000209   Thumb Code     0  libinit.o(.ARM.Collect$$libinit$$00000000)
    __rt_lib_init_fp_1                       0x0800020b   Thumb Code     0  libinit2.o(.ARM.Collect$$libinit$$00000001)
    __rt_lib_init_alloca_1                   0x0800020f   Thumb Code     0  libinit2.o(.ARM.Collect$$libinit$$0000002C)
    __rt_lib_init_argv_1                     0x0800020f   Thumb Code     0  libinit2.o(.ARM.Collect$$libinit$$0000002A)
    __rt_lib_init_atexit_1                   0x0800020f   Thumb Code     0  libinit2.o(.ARM.Collect$$libinit$$00000019)
    __rt_lib_init_clock_1                    0x0800020f   Thumb Code     0  libinit2.o(.ARM.Collect$$libinit$$0000001F)
    __rt_lib_init_cpp_1                      0x0800020f   Thumb Code     0  libinit2.o(.ARM.Collect$$libinit$$00000030)
    __rt_lib_init_exceptions_1               0x0800020f   Thumb Code     0  libinit2.o(.ARM.Collect$$libinit$$0000002E)
    __rt_lib_init_fp_trap_1                  0x0800020f   Thumb Code     0  libinit2.o(.ARM.Collect$$libinit$$0000001D)
    __rt_lib_init_getenv_1                   0x0800020f   Thumb Code     0  libinit2.o(.ARM.Collect$$libinit$$00000021)
    __rt_lib_init_heap_1                     0x0800020f   Thumb Code     0  libinit2.o(.ARM.Collect$$libinit$$00000008)
    __rt_lib_init_lc_collate_1               0x0800020f   Thumb Code     0  libinit2.o(.ARM.Collect$$libinit$$0000000F)
    __rt_lib_init_lc_ctype_1                 0x0800020f   Thumb Code     0  libinit2.o(.ARM.Collect$$libinit$$00000011)
    __rt_lib_init_lc_monetary_1              0x0800020f   Thumb Code     0  libinit2.o(.ARM.Collect$$libinit$$00000013)
    __rt_lib_init_lc_numeric_1               0x0800020f   Thumb Code     0  libinit2.o(.ARM.Collect$$libinit$$00000015)
    __rt_lib_init_lc_time_1                  0x0800020f   Thumb Code     0  libinit2.o(.ARM.Collect$$libinit$$00000017)
    __rt_lib_init_rand_1                     0x0800020f   Thumb Code     0  libinit2.o(.ARM.Collect$$libinit$$0000000C)
    __rt_lib_init_return                     0x0800020f   Thumb Code     0  libinit2.o(.ARM.Collect$$libinit$$00000031)
    __rt_lib_init_signal_1                   0x0800020f   Thumb Code     0  libinit2.o(.ARM.Collect$$libinit$$0000001B)
    __rt_lib_init_stdio_1                    0x0800020f   Thumb Code     0  libinit2.o(.ARM.Collect$$libinit$$00000023)
    __rt_lib_init_user_alloc_1               0x0800020f   Thumb Code     0  libinit2.o(.ARM.Collect$$libinit$$0000000A)
    __rt_lib_shutdown                        0x08000211   Thumb Code     0  libshutdown.o(.ARM.Collect$$libshutdown$$00000000)
    __rt_lib_shutdown_fp_trap_1              0x08000213   Thumb Code     0  libshutdown2.o(.ARM.Collect$$libshutdown$$00000006)
    __rt_lib_shutdown_heap_1                 0x08000213   Thumb Code     0  libshutdown2.o(.ARM.Collect$$libshutdown$$0000000E)
    __rt_lib_shutdown_return                 0x08000213   Thumb Code     0  libshutdown2.o(.ARM.Collect$$libshutdown$$0000000F)
    __rt_lib_shutdown_signal_1               0x08000213   Thumb Code     0  libshutdown2.o(.ARM.Collect$$libshutdown$$00000009)
    __rt_lib_shutdown_stdio_1                0x08000213   Thumb Code     0  libshutdown2.o(.ARM.Collect$$libshutdown$$00000003)
    __rt_lib_shutdown_user_alloc_1           0x08000213   Thumb Code     0  libshutdown2.o(.ARM.Collect$$libshutdown$$0000000B)
    __rt_entry                               0x08000215   Thumb Code     0  rtentry.o(.ARM.Collect$$rtentry$$00000000)
    __rt_entry_presh_1                       0x08000215   Thumb Code     0  rtentry2.o(.ARM.Collect$$rtentry$$00000002)
    __rt_entry_sh                            0x08000215   Thumb Code     0  rtentry4.o(.ARM.Collect$$rtentry$$00000004)
    __rt_entry_li                            0x0800021b   Thumb Code     0  rtentry2.o(.ARM.Collect$$rtentry$$0000000A)
    __rt_entry_postsh_1                      0x0800021b   Thumb Code     0  rtentry2.o(.ARM.Collect$$rtentry$$00000009)
    __rt_entry_main                          0x0800021f   Thumb Code     0  rtentry2.o(.ARM.Collect$$rtentry$$0000000D)
    __rt_entry_postli_1                      0x0800021f   Thumb Code     0  rtentry2.o(.ARM.Collect$$rtentry$$0000000C)
    __rt_exit                                0x08000227   Thumb Code     0  rtexit.o(.ARM.Collect$$rtexit$$00000000)
    __rt_exit_ls                             0x08000229   Thumb Code     0  rtexit2.o(.ARM.Collect$$rtexit$$00000003)
    __rt_exit_prels_1                        0x08000229   Thumb Code     0  rtexit2.o(.ARM.Collect$$rtexit$$00000002)
    __rt_exit_exit                           0x0800022d   Thumb Code     0  rtexit2.o(.ARM.Collect$$rtexit$$00000004)
    Reset_Handler                            0x08000235   Thumb Code     8  startup_stm32f401xe.o(.text)
    MemManage_Handler                        0x08000241   Thumb Code     2  startup_stm32f401xe.o(.text)
    BusFault_Handler                         0x08000243   Thumb Code     2  startup_stm32f401xe.o(.text)
    UsageFault_Handler                       0x08000245   Thumb Code     2  startup_stm32f401xe.o(.text)
    ADC_IRQHandler                           0x0800024f   Thumb Code     0  startup_stm32f401xe.o(.text)
    DMA1_Stream0_IRQHandler                  0x0800024f   Thumb Code     0  startup_stm32f401xe.o(.text)
    DMA1_Stream1_IRQHandler                  0x0800024f   Thumb Code     0  startup_stm32f401xe.o(.text)
    DMA1_Stream2_IRQHandler                  0x0800024f   Thumb Code     0  startup_stm32f401xe.o(.text)
    DMA1_Stream3_IRQHandler                  0x0800024f   Thumb Code     0  startup_stm32f401xe.o(.text)
    DMA1_Stream4_IRQHandler                  0x0800024f   Thumb Code     0  startup_stm32f401xe.o(.text)
    DMA1_Stream5_IRQHandler                  0x0800024f   Thumb Code     0  startup_stm32f401xe.o(.text)
    DMA1_Stream6_IRQHandler                  0x0800024f   Thumb Code     0  startup_stm32f401xe.o(.text)
    DMA1_Stream7_IRQHandler                  0x0800024f   Thumb Code     0  startup_stm32f401xe.o(.text)
    DMA2_Stream0_IRQHandler                  0x0800024f   Thumb Code     0  startup_stm32f401xe.o(.text)
    DMA2_Stream1_IRQHandler                  0x0800024f   Thumb Code     0  startup_stm32f401xe.o(.text)
    DMA2_Stream2_IRQHandler                  0x0800024f   Thumb Code     0  startup_stm32f401xe.o(.text)
    DMA2_Stream3_IRQHandler                  0x0800024f   Thumb Code     0  startup_stm32f401xe.o(.text)
    DMA2_Stream4_IRQHandler                  0x0800024f   Thumb Code     0  startup_stm32f401xe.o(.text)
    DMA2_Stream5_IRQHandler                  0x0800024f   Thumb Code     0  startup_stm32f401xe.o(.text)
    DMA2_Stream6_IRQHandler                  0x0800024f   Thumb Code     0  startup_stm32f401xe.o(.text)
    DMA2_Stream7_IRQHandler                  0x0800024f   Thumb Code     0  startup_stm32f401xe.o(.text)
    EXTI1_IRQHandler                         0x0800024f   Thumb Code     0  startup_stm32f401xe.o(.text)
    EXTI2_IRQHandler                         0x0800024f   Thumb Code     0  startup_stm32f401xe.o(.text)
    EXTI3_IRQHandler                         0x0800024f   Thumb Code     0  startup_stm32f401xe.o(.text)
    EXTI4_IRQHandler                         0x0800024f   Thumb Code     0  startup_stm32f401xe.o(.text)
    EXTI9_5_IRQHandler                       0x0800024f   Thumb Code     0  startup_stm32f401xe.o(.text)
    FLASH_IRQHandler                         0x0800024f   Thumb Code     0  startup_stm32f401xe.o(.text)
    FPU_IRQHandler                           0x0800024f   Thumb Code     0  startup_stm32f401xe.o(.text)
    I2C1_ER_IRQHandler                       0x0800024f   Thumb Code     0  startup_stm32f401xe.o(.text)
    I2C1_EV_IRQHandler                       0x0800024f   Thumb Code     0  startup_stm32f401xe.o(.text)
    I2C2_ER_IRQHandler                       0x0800024f   Thumb Code     0  startup_stm32f401xe.o(.text)
    I2C2_EV_IRQHandler                       0x0800024f   Thumb Code     0  startup_stm32f401xe.o(.text)
    I2C3_ER_IRQHandler                       0x0800024f   Thumb Code     0  startup_stm32f401xe.o(.text)
    I2C3_EV_IRQHandler                       0x0800024f   Thumb Code     0  startup_stm32f401xe.o(.text)
    OTG_FS_IRQHandler                        0x0800024f   Thumb Code     0  startup_stm32f401xe.o(.text)
    OTG_FS_WKUP_IRQHandler                   0x0800024f   Thumb Code     0  startup_stm32f401xe.o(.text)
    PVD_IRQHandler                           0x0800024f   Thumb Code     0  startup_stm32f401xe.o(.text)
    RCC_IRQHandler                           0x0800024f   Thumb Code     0  startup_stm32f401xe.o(.text)
    RTC_Alarm_IRQHandler                     0x0800024f   Thumb Code     0  startup_stm32f401xe.o(.text)
    RTC_WKUP_IRQHandler                      0x0800024f   Thumb Code     0  startup_stm32f401xe.o(.text)
    SDIO_IRQHandler                          0x0800024f   Thumb Code     0  startup_stm32f401xe.o(.text)
    SPI1_IRQHandler                          0x0800024f   Thumb Code     0  startup_stm32f401xe.o(.text)
    SPI2_IRQHandler                          0x0800024f   Thumb Code     0  startup_stm32f401xe.o(.text)
    SPI3_IRQHandler                          0x0800024f   Thumb Code     0  startup_stm32f401xe.o(.text)
    SPI4_IRQHandler                          0x0800024f   Thumb Code     0  startup_stm32f401xe.o(.text)
    TAMP_STAMP_IRQHandler                    0x0800024f   Thumb Code     0  startup_stm32f401xe.o(.text)
    TIM1_BRK_TIM9_IRQHandler                 0x0800024f   Thumb Code     0  startup_stm32f401xe.o(.text)
    TIM1_CC_IRQHandler                       0x0800024f   Thumb Code     0  startup_stm32f401xe.o(.text)
    TIM1_TRG_COM_TIM11_IRQHandler            0x0800024f   Thumb Code     0  startup_stm32f401xe.o(.text)
    TIM1_UP_TIM10_IRQHandler                 0x0800024f   Thumb Code     0  startup_stm32f401xe.o(.text)
    TIM2_IRQHandler                          0x0800024f   Thumb Code     0  startup_stm32f401xe.o(.text)
    TIM3_IRQHandler                          0x0800024f   Thumb Code     0  startup_stm32f401xe.o(.text)
    TIM4_IRQHandler                          0x0800024f   Thumb Code     0  startup_stm32f401xe.o(.text)
    TIM5_IRQHandler                          0x0800024f   Thumb Code     0  startup_stm32f401xe.o(.text)
    USART1_IRQHandler                        0x0800024f   Thumb Code     0  startup_stm32f401xe.o(.text)
    USART2_IRQHandler                        0x0800024f   Thumb Code     0  startup_stm32f401xe.o(.text)
    USART6_IRQHandler                        0x0800024f   Thumb Code     0  startup_stm32f401xe.o(.text)
    WWDG_IRQHandler                          0x0800024f   Thumb Code     0  startup_stm32f401xe.o(.text)
    __user_initial_stackheap                 0x08000251   Thumb Code     0  startup_stm32f401xe.o(.text)
    strlen                                   0x08000275   Thumb Code    62  strlen.o(.text)
    __aeabi_memcpy                           0x080002b3   Thumb Code     0  rt_memcpy_v6.o(.text)
    __rt_memcpy                              0x080002b3   Thumb Code   138  rt_memcpy_v6.o(.text)
    _memcpy_lastbytes                        0x08000319   Thumb Code     0  rt_memcpy_v6.o(.text)
    memcpy                                   0x0800033d   Thumb Code     8  memcpy.o(.text)
    memset                                   0x08000345   Thumb Code    22  memset.o(.text)
    __use_two_region_memory                  0x0800035b   Thumb Code     2  heapauxi.o(.text)
    __rt_heap_escrow$2region                 0x0800035d   Thumb Code     2  heapauxi.o(.text)
    __rt_heap_expand$2region                 0x0800035f   Thumb Code     2  heapauxi.o(.text)
    __aeabi_memcpy4                          0x08000361   Thumb Code     0  rt_memcpy_w.o(.text)
    __aeabi_memcpy8                          0x08000361   Thumb Code     0  rt_memcpy_w.o(.text)
    __rt_memcpy_w                            0x08000361   Thumb Code   100  rt_memcpy_w.o(.text)
    _memcpy_lastbytes_aligned                0x080003a9   Thumb Code     0  rt_memcpy_w.o(.text)
    __aeabi_memclr                           0x080003c5   Thumb Code     0  rt_memclr.o(.text)
    __rt_memclr                              0x080003c5   Thumb Code    68  rt_memclr.o(.text)
    _memset                                  0x080003c9   Thumb Code     0  rt_memclr.o(.text)
    __aeabi_memclr4                          0x08000409   Thumb Code     0  rt_memclr_w.o(.text)
    __aeabi_memclr8                          0x08000409   Thumb Code     0  rt_memclr_w.o(.text)
    __rt_memclr_w                            0x08000409   Thumb Code    78  rt_memclr_w.o(.text)
    _memset_w                                0x0800040d   Thumb Code     0  rt_memclr_w.o(.text)
    __user_setup_stackheap                   0x08000457   Thumb Code    74  sys_stackheap_outer.o(.text)
    exit                                     0x080004a1   Thumb Code    12  exit.o(.text)
    __user_libspace                          0x080004ad   Thumb Code     8  libspace.o(.text)
    __user_perproc_libspace                  0x080004ad   Thumb Code     0  libspace.o(.text)
    __user_perthread_libspace                0x080004ad   Thumb Code     0  libspace.o(.text)
    _sys_exit                                0x080004b5   Thumb Code     8  sys_exit.o(.text)
    __I$use$semihosting                      0x080004c1   Thumb Code     0  use_no_semi.o(.text)
    __use_no_semihosting_swi                 0x080004c1   Thumb Code     2  use_no_semi.o(.text)
    __semihosting_library_function           0x080004c3   Thumb Code     0  indicate_semi.o(.text)
    Advertise_Address                        0x080005f5   Thumb Code    20  bluenrg_sdk_api.o(i.Advertise_Address)
    BNRG_SPI_Init                            0x08000609   Thumb Code    44  stm32_bluenrg_ble.o(i.BNRG_SPI_Init)
    BSP_LED_Init                             0x0800063d   Thumb Code    74  stm32f4xx_canon.o(i.BSP_LED_Init)
    BlueNRG_DataPresent                      0x08000695   Thumb Code    18  stm32_bluenrg_ble.o(i.BlueNRG_DataPresent)
    BlueNRG_RST                              0x080006ad   Thumb Code    44  stm32_bluenrg_ble.o(i.BlueNRG_RST)
    BlueNRG_SPI_Read_All                     0x080006dd   Thumb Code   144  stm32_bluenrg_ble.o(i.BlueNRG_SPI_Read_All)
    BlueNRG_SPI_Write                        0x08000779   Thumb Code   198  stm32_bluenrg_ble.o(i.BlueNRG_SPI_Write)
    Clear_SPI_EXTI_Flag                      0x08000855   Thumb Code     8  stm32_bluenrg_ble.o(i.Clear_SPI_EXTI_Flag)
    Clock_Time                               0x08000861   Thumb Code     4  clock.o(i.Clock_Time)
    DebugMon_Handler                         0x08000865   Thumb Code     2  stm32xx_it.o(i.DebugMon_Handler)
    Disable_SPI_IRQ                          0x08000867   Thumb Code     6  stm32_bluenrg_ble.o(i.Disable_SPI_IRQ)
    EXTI0_IRQHandler                         0x0800086d   Thumb Code     6  stm32xx_it.o(i.EXTI0_IRQHandler)
    EXTI15_10_IRQHandler                     0x08000875   Thumb Code    16  stm32xx_it.o(i.EXTI15_10_IRQHandler)
    Enable_SPI_IRQ                           0x08000889   Thumb Code     6  stm32_bluenrg_ble.o(i.Enable_SPI_IRQ)
    HAL_Delay                                0x0800088f   Thumb Code    22  stm32f4xx_hal.o(i.HAL_Delay)
    HAL_GPIO_EXTI_Callback                   0x080008a5   Thumb Code     4  bluenrg_interface.o(i.HAL_GPIO_EXTI_Callback)
    HAL_GPIO_EXTI_IRQHandler                 0x080008a9   Thumb Code    18  stm32f4xx_hal_gpio.o(i.HAL_GPIO_EXTI_IRQHandler)
    HAL_GPIO_Init                            0x080008c1   Thumb Code   358  stm32f4xx_hal_gpio.o(i.HAL_GPIO_Init)
    HAL_GPIO_ReadPin                         0x08000a49   Thumb Code    10  stm32f4xx_hal_gpio.o(i.HAL_GPIO_ReadPin)
    HAL_GPIO_WritePin                        0x08000a53   Thumb Code    10  stm32f4xx_hal_gpio.o(i.HAL_GPIO_WritePin)
    HAL_GetTick                              0x08000a5d   Thumb Code     6  stm32f4xx_hal.o(i.HAL_GetTick)
    HAL_IncTick                              0x08000a69   Thumb Code    10  stm32f4xx_hal.o(i.HAL_IncTick)
    HAL_Init                                 0x08000a79   Thumb Code    48  stm32f4xx_hal.o(i.HAL_Init)
    HAL_InitTick                             0x08000aad   Thumb Code    34  stm32f4xx_hal.o(i.HAL_InitTick)
    HAL_MspInit                              0x08000acf   Thumb Code     2  stm32f4xx_hal.o(i.HAL_MspInit)
    HAL_NVIC_DisableIRQ                      0x08000ad1   Thumb Code    22  stm32f4xx_hal_cortex.o(i.HAL_NVIC_DisableIRQ)
    HAL_NVIC_EnableIRQ                       0x08000ae7   Thumb Code    22  stm32f4xx_hal_cortex.o(i.HAL_NVIC_EnableIRQ)
    HAL_NVIC_SetPriority                     0x08000afd   Thumb Code    60  stm32f4xx_hal_cortex.o(i.HAL_NVIC_SetPriority)
    HAL_NVIC_SetPriorityGrouping             0x08000b3d   Thumb Code    26  stm32f4xx_hal_cortex.o(i.HAL_NVIC_SetPriorityGrouping)
    HAL_RCC_ClockConfig                      0x08000b61   Thumb Code   514  stm32f4xx_hal_rcc.o(i.HAL_RCC_ClockConfig)
    HAL_RCC_GetHCLKFreq                      0x08000d6d   Thumb Code    38  stm32f4xx_hal_rcc.o(i.HAL_RCC_GetHCLKFreq)
    HAL_RCC_GetSysClockFreq                  0x08000da1   Thumb Code   104  stm32f4xx_hal_rcc.o(i.HAL_RCC_GetSysClockFreq)
    HAL_RCC_OscConfig                        0x08000e11   Thumb Code   806  stm32f4xx_hal_rcc.o(i.HAL_RCC_OscConfig)
    HAL_SPI_Init                             0x0800114d   Thumb Code   132  stm32f4xx_hal_spi.o(i.HAL_SPI_Init)
    HAL_SPI_MspInit                          0x080011d1   Thumb Code   314  stm32_bluenrg_ble.o(i.HAL_SPI_MspInit)
    HAL_SPI_TransmitReceive                  0x08001321   Thumb Code   682  stm32f4xx_hal_spi.o(i.HAL_SPI_TransmitReceive)
    HAL_SYSTICK_Config                       0x080015cb   Thumb Code    40  stm32f4xx_hal_cortex.o(i.HAL_SYSTICK_Config)
    HCI_Event_CB                             0x080015f5   Thumb Code   110  bluenrg_sdk_api.o(i.HCI_Event_CB)
    HCI_Init                                 0x08001669   Thumb Code    48  hci.o(i.HCI_Init)
    HCI_Isr                                  0x080016a1   Thumb Code   102  hci.o(i.HCI_Isr)
    HCI_Process                              0x08001711   Thumb Code   108  hci.o(i.HCI_Process)
    HCI_Queue_Empty                          0x08001785   Thumb Code     6  hci.o(i.HCI_Queue_Empty)
    HCI_verify                               0x08001791   Thumb Code    34  hci.o(i.HCI_verify)
    Hal_Write_Serial                         0x080017b5   Thumb Code    58  stm32_bluenrg_ble.o(i.Hal_Write_Serial)
    HardFault_Handler                        0x080017f9   Thumb Code     2  stm32xx_it.o(i.HardFault_Handler)
    NMI_Handler                              0x080017fb   Thumb Code     2  stm32xx_it.o(i.NMI_Handler)
    Osal_MemCpy                              0x0800181d   Thumb Code     4  osal.o(i.Osal_MemCpy)
    Osal_MemSet                              0x08001821   Thumb Code     4  osal.o(i.Osal_MemSet)
    PendSV_Handler                           0x08001825   Thumb Code     2  stm32xx_it.o(i.PendSV_Handler)
    SVC_Handler                              0x080018c5   Thumb Code     2  stm32xx_it.o(i.SVC_Handler)
    SysTick_Handler                          0x080018c9   Thumb Code    16  stm32xx_it.o(i.SysTick_Handler)
    SystemClock_Config                       0x080018dd   Thumb Code    60  canon_hal_f4.o(i.SystemClock_Config)
    SystemInit                               0x08001919   Thumb Code    66  system_stm32f4xx.o(i.SystemInit)
    Timer_Expired                            0x0800196d   Thumb Code    28  gp_timer.o(i.Timer_Expired)
    Timer_Set                                0x08001989   Thumb Code    14  gp_timer.o(i.Timer_Set)
    User_Process                             0x08001999   Thumb Code    20  demo_echo.o(i.User_Process)
    aci_gap_init                             0x080019b1   Thumb Code   118  bluenrg_gap_aci.o(i.aci_gap_init)
    aci_gap_set_auth_requirement             0x08001a27   Thumb Code   118  bluenrg_gap_aci.o(i.aci_gap_set_auth_requirement)
    aci_gap_set_discoverable                 0x08001a9d   Thumb Code   192  bluenrg_gap_aci.o(i.aci_gap_set_discoverable)
    aci_gatt_add_char                        0x08001b5d   Thumb Code   186  bluenrg_gatt_aci.o(i.aci_gatt_add_char)
    aci_gatt_add_serv                        0x08001c17   Thumb Code   132  bluenrg_gatt_aci.o(i.aci_gatt_add_serv)
    aci_gatt_allow_read                      0x08001c9b   Thumb Code    72  bluenrg_gatt_aci.o(i.aci_gatt_allow_read)
    aci_gatt_init                            0x08001ce3   Thumb Code    60  bluenrg_gatt_aci.o(i.aci_gatt_init)
    aci_gatt_update_char_value               0x08001d1f   Thumb Code   128  bluenrg_gatt_aci.o(i.aci_gatt_update_char_value)
    aci_hal_set_tx_power_level               0x08001d9f   Thumb Code    74  bluenrg_hal_aci.o(i.aci_hal_set_tx_power_level)
    aci_hal_write_config_data                0x08001de9   Thumb Code    96  bluenrg_hal_aci.o(i.aci_hal_write_config_data)
    ble_device_on_connect                    0x08001e49   Thumb Code     2  demo_echo.o(i.ble_device_on_connect)
    ble_device_on_disconnect                 0x08001e4d   Thumb Code     8  demo_echo.o(i.ble_device_on_disconnect)
    ble_device_on_message                    0x08001e59   Thumb Code     4  demo_echo.o(i.ble_device_on_message)
    ble_device_send                          0x08001e5d   Thumb Code    72  bluenrg_sdk_api.o(i.ble_device_send)
    ble_device_set_advertising_interval      0x08001ea9   Thumb Code     6  bluenrg_sdk_api.o(i.ble_device_set_advertising_interval)
    ble_device_set_name                      0x08001eb5   Thumb Code    42  bluenrg_sdk_api.o(i.ble_device_set_name)
    ble_device_set_tx_power                  0x08001ee9   Thumb Code     8  bluenrg_sdk_api.o(i.ble_device_set_tx_power)
    ble_device_start_advertising             0x08001ef1   Thumb Code    88  bluenrg_sdk_api.o(i.ble_device_start_advertising)
    ble_init_bluenrg                         0x08001f55   Thumb Code    82  bluenrg_sdk_api.o(i.ble_init_bluenrg)
    hci_le_set_scan_resp_data                0x08001fb1   Thumb Code   100  hci.o(i.hci_le_set_scan_resp_data)
    hci_send_cmd                             0x08002015   Thumb Code    48  hci.o(i.hci_send_cmd)
    hci_send_req                             0x08002045   Thumb Code   314  hci.o(i.hci_send_req)
    hci_write                                0x08002189   Thumb Code     4  hci.o(i.hci_write)
    list_init_head                           0x0800218d   Thumb Code     6  list.o(i.list_init_head)
    list_insert_head                         0x08002193   Thumb Code    14  list.o(i.list_insert_head)
    list_insert_tail                         0x080021a1   Thumb Code    14  list.o(i.list_insert_tail)
    list_is_empty                            0x080021af   Thumb Code    14  list.o(i.list_is_empty)
    list_remove_head                         0x080021bd   Thumb Code    26  list.o(i.list_remove_head)
    list_remove_node                         0x080021d7   Thumb Code    12  list.o(i.list_remove_node)
    main                                     0x080021e5   Thumb Code    82  main.o(i.main)
    set_irq_as_input                         0x08002271   Thumb Code    48  stm32_bluenrg_ble.o(i.set_irq_as_input)
    set_irq_as_output                        0x080022a9   Thumb Code    42  stm32_bluenrg_ble.o(i.set_irq_as_output)
    _fp_init                                 0x080022d9   Thumb Code    10  fpinit.o(x$fpl$fpinit)
    __fplib_config_fpu_vfp                   0x080022e1   Thumb Code     0  fpinit.o(x$fpl$fpinit)
    __fplib_config_pureend_doubles           0x080022e1   Thumb Code     0  fpinit.o(x$fpl$fpinit)
    CLOCK_SECOND                             0x080022e4   Data           4  clock.o(.constdata)
    BUTTON_IRQn                              0x080022e8   Data           1  stm32f4xx_canon.o(.constdata)
    GPIO_PIN                                 0x080022ea   Data           2  stm32f4xx_canon.o(.constdata)
    BUTTON_PIN                               0x080022ec   Data           2  stm32f4xx_canon.o(.constdata)
    APBAHBPrescTable                         0x080022ee   Data          16  stm32f4xx_hal_rcc.o(.constdata)
    Region$$Table$$Base                      0x08002300   Number         0  anon$$obj.o(Region$$Table)
    Region$$Table$$Limit                     0x08002320   Number         0  anon$$obj.o(Region$$Table)
    button_event                             0x20000000   Data           1  stm32xx_it.o(.data)
    ms_counter                               0x20000004   Data           4  stm32xx_it.o(.data)
    Ble_conn_state                           0x20000008   Data           1  bluenrg_sdk_api.o(.data)
    BLueNrgServHandle                        0x2000000e   Data           2  bluenrg_sdk_api.o(.data)
    WriteCharHandle                          0x20000010   Data           2  bluenrg_sdk_api.o(.data)
    WriteCmdCharHandle                       0x20000012   Data           2  bluenrg_sdk_api.o(.data)
    ReadNotifyCharHandle                     0x20000014   Data           2  bluenrg_sdk_api.o(.data)
    NotifyCharHandle                         0x20000016   Data           2  bluenrg_sdk_api.o(.data)
    service_handle                           0x20000018   Data           2  bluenrg_sdk_api.o(.data)
    dev_name_char_handle                     0x2000001a   Data           2  bluenrg_sdk_api.o(.data)
    appearance_char_handle                   0x2000001c   Data           2  bluenrg_sdk_api.o(.data)
    m_adv_params                             0x2000001e   Data           6  bluenrg_sdk_api.o(.data)
    LocalName                                0x20000024   Data          20  bluenrg_sdk_api.o(.data)
    GPIO_PORT                                0x20000038   Data           4  stm32f4xx_canon.o(.data)
    BUTTON_PORT                              0x2000003c   Data           4  stm32f4xx_canon.o(.data)
    SpixTimeout                              0x20000040   Data           4  stm32f4xx_canon.o(.data)
    SystemCoreClock                          0x20000044   Data           4  system_stm32f4xx.o(.data)
    AHBPrescTable                            0x20000048   Data          16  system_stm32f4xx.o(.data)
    hciReadPktPool                           0x20000060   Data           8  hci.o(.data)
    hciReadPktRxQueue                        0x20000068   Data           8  hci.o(.data)
    AdvName                                  0x20000070   Data          20  bluenrg_sdk_api.o(.bss)
    SpiHandle                                0x20000084   Data          88  stm32_bluenrg_ble.o(.bss)
    __libspace_start                         0x20000398   Data          96  libspace.o(.bss)
    __temporary_stack_top$libspace           0x200003f8   Data           0  libspace.o(.bss)



==============================================================================

Memory Map of the image

  Image Entry point : 0x08000195

  Load Region LR_IROM1 (Base: 0x08000000, Size: 0x00002390, Max: 0x00080000, ABSOLUTE)

    Execution Region ER_IROM1 (Base: 0x08000000, Size: 0x00002320, Max: 0x00080000, ABSOLUTE)

    Base Addr    Size         Type   Attr      Idx    E Section Name        Object

    0x08000000   0x00000194   Data   RO            3    RESET               startup_stm32f401xe.o
    0x08000194   0x00000008   Code   RO         3356  * !!!main             c_w.l(__main.o)
    0x0800019c   0x00000034   Code   RO         3516    !!!scatter          c_w.l(__scatter.o)
    0x080001d0   0x0000001a   Code   RO         3518    !!handler_copy      c_w.l(__scatter_copy.o)
    0x080001ea   0x00000002   PAD
    0x080001ec   0x0000001c   Code   RO         3520    !!handler_zi        c_w.l(__scatter_zi.o)
    0x08000208   0x00000002   Code   RO         3389    .ARM.Collect$$libinit$$00000000  c_w.l(libinit.o)
    0x0800020a   0x00000004   Code   RO         3395    .ARM.Collect$$libinit$$00000001  c_w.l(libinit2.o)
    0x0800020e   0x00000000   Code   RO         3399    .ARM.Collect$$libinit$$00000008  c_w.l(libinit2.o)
    0x0800020e   0x00000000   Code   RO         3401    .ARM.Collect$$libinit$$0000000A  c_w.l(libinit2.o)
    0x0800020e   0x00000000   Code   RO         3403    .ARM.Collect$$libinit$$0000000C  c_w.l(libinit2.o)
    0x0800020e   0x00000000   Code   RO         3406    .ARM.Collect$$libinit$$0000000F  c_w.l(libinit2.o)
    0x0800020e   0x00000000   Code   RO         3408    .ARM.Collect$$libinit$$00000011  c_w.l(libinit2.o)
    0x0800020e   0x00000000   Code   RO         3410    .ARM.Collect$$libinit$$00000013  c_w.l(libinit2.o)
    0x0800020e   0x00000000   Code   RO         3412    .ARM.Collect$$libinit$$00000015  c_w.l(libinit2.o)
    0x0800020e   0x00000000   Code   RO         3414    .ARM.Collect$$libinit$$00000017  c_w.l(libinit2.o)
    0x0800020e   0x00000000   Code   RO         3416    .ARM.Collect$$libinit$$00000019  c_w.l(libinit2.o)
    0x0800020e   0x00000000   Code   RO         3418    .ARM.Collect$$libinit$$0000001B  c_w.l(libinit2.o)
    0x0800020e   0x00000000   Code   RO         3420    .ARM.Collect$$libinit$$0000001D  c_w.l(libinit2.o)
    0x0800020e   0x00000000   Code   RO         3422    .ARM.Collect$$libinit$$0000001F  c_w.l(libinit2.o)
    0x0800020e   0x00000000   Code   RO         3424    .ARM.Collect$$libinit$$00000021  c_w.l(libinit2.o)
    0x0800020e   0x00000000   Code   RO         3426    .ARM.Collect$$libinit$$00000023  c_w.l(libinit2.o)
    0x0800020e   0x00000000   Code   RO         3430    .ARM.Collect$$libinit$$0000002A  c_w.l(libinit2.o)
    0x0800020e   0x00000000   Code   RO         3432    .ARM.Collect$$libinit$$0000002C  c_w.l(libinit2.o)
    0x0800020e   0x00000000   Code   RO         3434    .ARM.Collect$$libinit$$0000002E  c_w.l(libinit2.o)
    0x0800020e   0x00000000   Code   RO         3436    .ARM.Collect$$libinit$$00000030  c_w.l(libinit2.o)
    0x0800020e   0x00000002   Code   RO         3437    .ARM.Collect$$libinit$$00000031  c_w.l(libinit2.o)
    0x08000210   0x00000002   Code   RO         3457    .ARM.Collect$$libshutdown$$00000000  c_w.l(libshutdown.o)
    0x08000212   0x00000000   Code   RO         3471    .ARM.Collect$$libshutdown$$00000003  c_w.l(libshutdown2.o)
    0x08000212   0x00000000   Code   RO         3474    .ARM.Collect$$libshutdown$$00000006  c_w.l(libshutdown2.o)
    0x08000212   0x00000000   Code   RO         3477    .ARM.Collect$$libshutdown$$00000009  c_w.l(libshutdown2.o)
    0x08000212   0x00000000   Code   RO         3479    .ARM.Collect$$libshutdown$$0000000B  c_w.l(libshutdown2.o)
    0x08000212   0x00000000   Code   RO         3482    .ARM.Collect$$libshutdown$$0000000E  c_w.l(libshutdown2.o)
    0x08000212   0x00000002   Code   RO         3483    .ARM.Collect$$libshutdown$$0000000F  c_w.l(libshutdown2.o)
    0x08000214   0x00000000   Code   RO         3358    .ARM.Collect$$rtentry$$00000000  c_w.l(rtentry.o)
    0x08000214   0x00000000   Code   RO         3364    .ARM.Collect$$rtentry$$00000002  c_w.l(rtentry2.o)
    0x08000214   0x00000006   Code   RO         3376    .ARM.Collect$$rtentry$$00000004  c_w.l(rtentry4.o)
    0x0800021a   0x00000000   Code   RO         3366    .ARM.Collect$$rtentry$$00000009  c_w.l(rtentry2.o)
    0x0800021a   0x00000004   Code   RO         3367    .ARM.Collect$$rtentry$$0000000A  c_w.l(rtentry2.o)
    0x0800021e   0x00000000   Code   RO         3369    .ARM.Collect$$rtentry$$0000000C  c_w.l(rtentry2.o)
    0x0800021e   0x00000008   Code   RO         3370    .ARM.Collect$$rtentry$$0000000D  c_w.l(rtentry2.o)
    0x08000226   0x00000002   Code   RO         3393    .ARM.Collect$$rtexit$$00000000  c_w.l(rtexit.o)
    0x08000228   0x00000000   Code   RO         3439    .ARM.Collect$$rtexit$$00000002  c_w.l(rtexit2.o)
    0x08000228   0x00000004   Code   RO         3440    .ARM.Collect$$rtexit$$00000003  c_w.l(rtexit2.o)
    0x0800022c   0x00000006   Code   RO         3441    .ARM.Collect$$rtexit$$00000004  c_w.l(rtexit2.o)
    0x08000232   0x00000002   PAD
    0x08000234   0x00000040   Code   RO            4    .text               startup_stm32f401xe.o
    0x08000274   0x0000003e   Code   RO         3346    .text               c_w.l(strlen.o)
    0x080002b2   0x0000008a   Code   RO         3348    .text               c_w.l(rt_memcpy_v6.o)
    0x0800033c   0x00000008   Code   RO         3350    .text               c_w.l(memcpy.o)
    0x08000344   0x00000016   Code   RO         3352    .text               c_w.l(memset.o)
    0x0800035a   0x00000006   Code   RO         3354    .text               c_w.l(heapauxi.o)
    0x08000360   0x00000064   Code   RO         3359    .text               c_w.l(rt_memcpy_w.o)
    0x080003c4   0x00000044   Code   RO         3361    .text               c_w.l(rt_memclr.o)
    0x08000408   0x0000004e   Code   RO         3378    .text               c_w.l(rt_memclr_w.o)
    0x08000456   0x0000004a   Code   RO         3380    .text               c_w.l(sys_stackheap_outer.o)
    0x080004a0   0x0000000c   Code   RO         3382    .text               c_w.l(exit.o)
    0x080004ac   0x00000008   Code   RO         3390    .text               c_w.l(libspace.o)
    0x080004b4   0x0000000c   Code   RO         3449    .text               c_w.l(sys_exit.o)
    0x080004c0   0x00000002   Code   RO         3460    .text               c_w.l(use_no_semi.o)
    0x080004c2   0x00000000   Code   RO         3462    .text               c_w.l(indicate_semi.o)
    0x080004c2   0x00000002   PAD
    0x080004c4   0x00000130   Code   RO          317    i.Add_Service       bluenrg_sdk_api.o
    0x080005f4   0x00000014   Code   RO          318    i.Advertise_Address  bluenrg_sdk_api.o
    0x08000608   0x00000034   Code   RO          727    i.BNRG_SPI_Init     stm32_bluenrg_ble.o
    0x0800063c   0x00000058   Code   RO          560    i.BSP_LED_Init      stm32f4xx_canon.o
    0x08000694   0x00000018   Code   RO          728    i.BlueNRG_DataPresent  stm32_bluenrg_ble.o
    0x080006ac   0x00000030   Code   RO          730    i.BlueNRG_RST       stm32_bluenrg_ble.o
    0x080006dc   0x0000009c   Code   RO          731    i.BlueNRG_SPI_Read_All  stm32_bluenrg_ble.o
    0x08000778   0x000000dc   Code   RO          732    i.BlueNRG_SPI_Write  stm32_bluenrg_ble.o
    0x08000854   0x0000000c   Code   RO          733    i.Clear_SPI_EXTI_Flag  stm32_bluenrg_ble.o
    0x08000860   0x00000004   Code   RO          192    i.Clock_Time        clock.o
    0x08000864   0x00000002   Code   RO          240    i.DebugMon_Handler  stm32xx_it.o
    0x08000866   0x00000006   Code   RO          735    i.Disable_SPI_IRQ   stm32_bluenrg_ble.o
    0x0800086c   0x00000006   Code   RO          241    i.EXTI0_IRQHandler  stm32xx_it.o
    0x08000872   0x00000002   PAD
    0x08000874   0x00000014   Code   RO          242    i.EXTI15_10_IRQHandler  stm32xx_it.o
    0x08000888   0x00000006   Code   RO          736    i.Enable_SPI_IRQ    stm32_bluenrg_ble.o
    0x0800088e   0x00000016   Code   RO          886    i.HAL_Delay         stm32f4xx_hal.o
    0x080008a4   0x00000004   Code   RO           13    i.HAL_GPIO_EXTI_Callback  bluenrg_interface.o
    0x080008a8   0x00000018   Code   RO         1638    i.HAL_GPIO_EXTI_IRQHandler  stm32f4xx_hal_gpio.o
    0x080008c0   0x00000188   Code   RO         1639    i.HAL_GPIO_Init     stm32f4xx_hal_gpio.o
    0x08000a48   0x0000000a   Code   RO         1641    i.HAL_GPIO_ReadPin  stm32f4xx_hal_gpio.o
    0x08000a52   0x0000000a   Code   RO         1643    i.HAL_GPIO_WritePin  stm32f4xx_hal_gpio.o
    0x08000a5c   0x0000000c   Code   RO          892    i.HAL_GetTick       stm32f4xx_hal.o
    0x08000a68   0x00000010   Code   RO          893    i.HAL_IncTick       stm32f4xx_hal.o
    0x08000a78   0x00000034   Code   RO          894    i.HAL_Init          stm32f4xx_hal.o
    0x08000aac   0x00000022   Code   RO          895    i.HAL_InitTick      stm32f4xx_hal.o
    0x08000ace   0x00000002   Code   RO          897    i.HAL_MspInit       stm32f4xx_hal.o
    0x08000ad0   0x00000016   Code   RO         1313    i.HAL_NVIC_DisableIRQ  stm32f4xx_hal_cortex.o
    0x08000ae6   0x00000016   Code   RO         1314    i.HAL_NVIC_EnableIRQ  stm32f4xx_hal_cortex.o
    0x08000afc   0x00000040   Code   RO         1320    i.HAL_NVIC_SetPriority  stm32f4xx_hal_cortex.o
    0x08000b3c   0x00000024   Code   RO         1321    i.HAL_NVIC_SetPriorityGrouping  stm32f4xx_hal_cortex.o
    0x08000b60   0x0000020c   Code   RO         1913    i.HAL_RCC_ClockConfig  stm32f4xx_hal_rcc.o
    0x08000d6c   0x00000034   Code   RO         1918    i.HAL_RCC_GetHCLKFreq  stm32f4xx_hal_rcc.o
    0x08000da0   0x00000070   Code   RO         1922    i.HAL_RCC_GetSysClockFreq  stm32f4xx_hal_rcc.o
    0x08000e10   0x0000033c   Code   RO         1925    i.HAL_RCC_OscConfig  stm32f4xx_hal_rcc.o
    0x0800114c   0x00000084   Code   RO         2063    i.HAL_SPI_Init      stm32f4xx_hal_spi.o
    0x080011d0   0x00000150   Code   RO          737    i.HAL_SPI_MspInit   stm32_bluenrg_ble.o
    0x08001320   0x000002aa   Code   RO         2072    i.HAL_SPI_TransmitReceive  stm32f4xx_hal_spi.o
    0x080015ca   0x00000028   Code   RO         1325    i.HAL_SYSTICK_Config  stm32f4xx_hal_cortex.o
    0x080015f2   0x00000002   PAD
    0x080015f4   0x00000074   Code   RO          319    i.HCI_Event_CB      bluenrg_sdk_api.o
    0x08001668   0x00000038   Code   RO         2385    i.HCI_Init          hci.o
    0x080016a0   0x00000070   Code   RO         2386    i.HCI_Isr           hci.o
    0x08001710   0x00000074   Code   RO         2387    i.HCI_Process       hci.o
    0x08001784   0x0000000c   Code   RO         2388    i.HCI_Queue_Empty   hci.o
    0x08001790   0x00000022   Code   RO         2389    i.HCI_verify        hci.o
    0x080017b2   0x00000002   PAD
    0x080017b4   0x00000044   Code   RO          738    i.Hal_Write_Serial  stm32_bluenrg_ble.o
    0x080017f8   0x00000002   Code   RO          243    i.HardFault_Handler  stm32xx_it.o
    0x080017fa   0x00000002   Code   RO          244    i.NMI_Handler       stm32xx_it.o
    0x080017fc   0x00000020   Code   RO         1327    i.NVIC_SetPriority  stm32f4xx_hal_cortex.o
    0x0800181c   0x00000004   Code   RO         3323    i.Osal_MemCpy       osal.o
    0x08001820   0x00000004   Code   RO         3324    i.Osal_MemSet       osal.o
    0x08001824   0x00000002   Code   RO          245    i.PendSV_Handler    stm32xx_it.o
    0x08001826   0x0000009e   Code   RO         2094    i.SPI_WaitOnFlagUntilTimeout  stm32f4xx_hal_spi.o
    0x080018c4   0x00000002   Code   RO          246    i.SVC_Handler       stm32xx_it.o
    0x080018c6   0x00000002   PAD
    0x080018c8   0x00000014   Code   RO          247    i.SysTick_Handler   stm32xx_it.o
    0x080018dc   0x0000003c   Code   RO          160    i.SystemClock_Config  canon_hal_f4.o
    0x08001918   0x00000054   Code   RO          840    i.SystemInit        system_stm32f4xx.o
    0x0800196c   0x0000001c   Code   RO         3209    i.Timer_Expired     gp_timer.o
    0x08001988   0x0000000e   Code   RO         3213    i.Timer_Set         gp_timer.o
    0x08001996   0x00000002   PAD
    0x08001998   0x00000018   Code   RO          469    i.User_Process      demo_echo.o
    0x080019b0   0x00000076   Code   RO         2674    i.aci_gap_init      bluenrg_gap_aci.o
    0x08001a26   0x00000076   Code   RO         2679    i.aci_gap_set_auth_requirement  bluenrg_gap_aci.o
    0x08001a9c   0x000000c0   Code   RO         2683    i.aci_gap_set_discoverable  bluenrg_gap_aci.o
    0x08001b5c   0x000000ba   Code   RO         2888    i.aci_gatt_add_char  bluenrg_gatt_aci.o
    0x08001c16   0x00000084   Code   RO         2890    i.aci_gatt_add_serv  bluenrg_gatt_aci.o
    0x08001c9a   0x00000048   Code   RO         2891    i.aci_gatt_allow_read  bluenrg_gatt_aci.o
    0x08001ce2   0x0000003c   Code   RO         2904    i.aci_gatt_init     bluenrg_gatt_aci.o
    0x08001d1e   0x00000080   Code   RO         2917    i.aci_gatt_update_char_value  bluenrg_gatt_aci.o
    0x08001d9e   0x0000004a   Code   RO         3147    i.aci_hal_set_tx_power_level  bluenrg_hal_aci.o
    0x08001de8   0x00000060   Code   RO         3150    i.aci_hal_write_config_data  bluenrg_hal_aci.o
    0x08001e48   0x00000002   Code   RO          470    i.ble_device_on_connect  demo_echo.o
    0x08001e4a   0x00000002   PAD
    0x08001e4c   0x0000000c   Code   RO          471    i.ble_device_on_disconnect  demo_echo.o
    0x08001e58   0x00000004   Code   RO          472    i.ble_device_on_message  demo_echo.o
    0x08001e5c   0x0000004c   Code   RO          323    i.ble_device_send   bluenrg_sdk_api.o
    0x08001ea8   0x0000000c   Code   RO          324    i.ble_device_set_advertising_interval  bluenrg_sdk_api.o
    0x08001eb4   0x00000034   Code   RO          325    i.ble_device_set_name  bluenrg_sdk_api.o
    0x08001ee8   0x00000008   Code   RO          326    i.ble_device_set_tx_power  bluenrg_sdk_api.o
    0x08001ef0   0x00000064   Code   RO          327    i.ble_device_start_advertising  bluenrg_sdk_api.o
    0x08001f54   0x0000005c   Code   RO          329    i.ble_init_bluenrg  bluenrg_sdk_api.o
    0x08001fb0   0x00000064   Code   RO         2413    i.hci_le_set_scan_resp_data  hci.o
    0x08002014   0x00000030   Code   RO         2420    i.hci_send_cmd      hci.o
    0x08002044   0x00000144   Code   RO         2421    i.hci_send_req      hci.o
    0x08002188   0x00000004   Code   RO         2423    i.hci_write         hci.o
    0x0800218c   0x00000006   Code   RO         3248    i.list_init_head    list.o
    0x08002192   0x0000000e   Code   RO         3249    i.list_insert_head  list.o
    0x080021a0   0x0000000e   Code   RO         3252    i.list_insert_tail  list.o
    0x080021ae   0x0000000e   Code   RO         3253    i.list_is_empty     list.o
    0x080021bc   0x0000001a   Code   RO         3254    i.list_remove_head  list.o
    0x080021d6   0x0000000c   Code   RO         3255    i.list_remove_node  list.o
    0x080021e2   0x00000002   PAD
    0x080021e4   0x00000068   Code   RO          522    i.main              main.o
    0x0800224c   0x00000024   Code   RO         2424    i.move_list         hci.o
    0x08002270   0x00000038   Code   RO          740    i.set_irq_as_input  stm32_bluenrg_ble.o
    0x080022a8   0x00000030   Code   RO          741    i.set_irq_as_output  stm32_bluenrg_ble.o
    0x080022d8   0x0000000a   Code   RO         3447    x$fpl$fpinit        fz_wm.l(fpinit.o)
    0x080022e2   0x00000002   PAD
    0x080022e4   0x00000004   Data   RO          194    .constdata          clock.o
    0x080022e8   0x00000006   Data   RO          582    .constdata          stm32f4xx_canon.o
    0x080022ee   0x00000010   Data   RO         1926    .constdata          stm32f4xx_hal_rcc.o
    0x080022fe   0x00000002   PAD
    0x08002300   0x00000020   Data   RO         3514    Region$$Table       anon$$obj.o


    Execution Region RW_IRAM1 (Base: 0x20000000, Size: 0x000009f8, Max: 0x00018000, ABSOLUTE)

    Base Addr    Size         Type   Attr      Idx    E Section Name        Object

    0x20000000   0x00000008   Data   RW          248    .data               stm32xx_it.o
    0x20000008   0x00000030   Data   RW          332    .data               bluenrg_sdk_api.o
    0x20000038   0x0000000c   Data   RW          583    .data               stm32f4xx_canon.o
    0x20000044   0x00000014   Data   RW          841    .data               system_stm32f4xx.o
    0x20000058   0x00000004   Data   RW          900    .data               stm32f4xx_hal.o
    0x2000005c   0x00000014   Data   RW         2426    .data               hci.o
    0x20000070   0x00000014   Zero   RW          331    .bss                bluenrg_sdk_api.o
    0x20000084   0x00000058   Zero   RW          742    .bss                stm32_bluenrg_ble.o
    0x200000dc   0x000002bc   Zero   RW         2425    .bss                hci.o
    0x20000398   0x00000060   Zero   RW         3391    .bss                c_w.l(libspace.o)
    0x200003f8   0x00000200   Zero   RW            2    HEAP                startup_stm32f401xe.o
    0x200005f8   0x00000400   Zero   RW            1    STACK               startup_stm32f401xe.o


==============================================================================

Image component sizes


      Code (inc. data)   RO Data    RW Data    ZI Data      Debug   Object Name

       428          0          0          0          0       4241   bluenrg_gap_aci.o
       578          0          0          0          0       5895   bluenrg_gatt_aci.o
       170          0          0          0          0       2757   bluenrg_hal_aci.o
         4          0          0          0          0     225057   bluenrg_interface.o
       780        132          0         48         20      43450   bluenrg_sdk_api.o
        60          0          0          0          0        637   canon_hal_f4.o
         4          0          4          0          0       2220   clock.o
        42          8          0          0          0       2502   demo_echo.o
        42          0          0          0          0       1964   gp_timer.o
       842         42          0         20        700      32977   hci.o
        86          0          0          0          0       4397   list.o
       104         22          0          0          0       1415   main.o
         8          0          0          0          0       1316   osal.o
        64         26        404          0       1536        892   startup_stm32f401xe.o
      1032        102          0          0         88       9813   stm32_bluenrg_ble.o
        88         14          6         12          0       2836   stm32f4xx_canon.o
       138         16          0          4          0       5144   stm32f4xx_hal.o
       216         14          0          0          0      30885   stm32f4xx_hal_cortex.o
       436         40          0          0          0       3866   stm32f4xx_hal_gpio.o
      1516         54         16          0          0       5225   stm32f4xx_hal_rcc.o
       972          0          0          0          0       3545   stm32f4xx_hal_spi.o
        56          8          0          8          0       4690   stm32xx_it.o
        84         18          0         20          0       1613   system_stm32f4xx.o

    ----------------------------------------------------------------------
      7764        496        464        112       2344     397337   Object Totals
         0          0         32          0          0          0   (incl. Generated)
        14          0          2          0          0          0   (incl. Padding)

    ----------------------------------------------------------------------

      Code (inc. data)   RO Data    RW Data    ZI Data      Debug   Library Member Name

         8          0          0          0          0         68   __main.o
        52          8          0          0          0          0   __scatter.o
        26          0          0          0          0          0   __scatter_copy.o
        28          0          0          0          0          0   __scatter_zi.o
        12          0          0          0          0         72   exit.o
         6          0          0          0          0        152   heapauxi.o
         0          0          0          0          0          0   indicate_semi.o
         2          0          0          0          0          0   libinit.o
         6          0          0          0          0          0   libinit2.o
         2          0          0          0          0          0   libshutdown.o
         2          0          0          0          0          0   libshutdown2.o
         8          4          0          0         96         68   libspace.o
         8          0          0          0          0         76   memcpy.o
        22          0          0          0          0         76   memset.o
        68          0          0          0          0         68   rt_memclr.o
        78          0          0          0          0         80   rt_memclr_w.o
       138          0          0          0          0         68   rt_memcpy_v6.o
       100          0          0          0          0         80   rt_memcpy_w.o
         0          0          0          0          0          0   rtentry.o
        12          0          0          0          0          0   rtentry2.o
         6          0          0          0          0          0   rtentry4.o
         2          0          0          0          0          0   rtexit.o
        10          0          0          0          0          0   rtexit2.o
        62          0          0          0          0         76   strlen.o
        12          4          0          0          0         68   sys_exit.o
        74          0          0          0          0         80   sys_stackheap_outer.o
         2          0          0          0          0         68   use_no_semi.o
        10          0          0          0          0        116   fpinit.o

    ----------------------------------------------------------------------
       764         16          0          0         96       1216   Library Totals
         8          0          0          0          0          0   (incl. Padding)

    ----------------------------------------------------------------------

      Code (inc. data)   RO Data    RW Data    ZI Data      Debug   Library Name

       746         16          0          0         96       1100   c_w.l
        10          0          0          0          0        116   fz_wm.l

    ----------------------------------------------------------------------
       764         16          0          0         96       1216   Library Totals

    ----------------------------------------------------------------------

==============================================================================


      Code (inc. data)   RO Data    RW Data    ZI Data      Debug   

      8528        512        464        112       2440     389533   Grand Totals
      8528        512        464        112       2440     389533   ELF Image Totals
      8528        512        464        112          0          0   ROM Totals

==============================================================================

    Total RO  Size (Code + RO Data)                 8992 (   8.78kB)
    Total RW  Size (RW Data + ZI Data)              2552 (   2.49kB)
    Total ROM Size (Code + RO Data + RW Data)       9104 (   8.89kB)

==============================================================================

