Component: ARM Compiler 5.06 (build 20) Tool: armlink [4d35a3]

==============================================================================

Section Cross References

    cube_hal_f4.o(i.SystemClock_Config) refers to stm32f4xx_hal_rcc.o(i.HAL_RCC_OscConfig) for HAL_RCC_OscConfig
    cube_hal_f4.o(i.SystemClock_Config) refers to stm32f4xx_hal_rcc.o(i.HAL_RCC_ClockConfig) for HAL_RCC_ClockConfig
    main.o(i.Read_Temp_Hum) refers to x_nucleo_iks01a1_hum_temp.o(i.BSP_HUM_TEMP_GetHumidity) for BSP_HUM_TEMP_GetHumidity
    main.o(i.Read_Temp_Hum) refers to demo_echo.o(i.user_send_message) for user_send_message
    main.o(i.Read_Temp_Hum) refers to x_nucleo_iks01a1_hum_temp.o(i.BSP_HUM_TEMP_GetTemperature) for BSP_HUM_TEMP_GetTemperature
    main.o(i.Read_Temp_Hum) refers to stm32f4xx_hal.o(i.HAL_Delay) for HAL_Delay
    main.o(i.Read_Temp_Hum) refers to main.o(.data) for humidity
    main.o(i.ble_start_adv) refers to bluenrg_sdk_api.o(i.Advertise_Address) for Advertise_Address
    main.o(i.ble_start_adv) refers to bluenrg_sdk_api.o(i.ble_device_set_name) for ble_device_set_name
    main.o(i.ble_start_adv) refers to bluenrg_sdk_api.o(i.ble_init_bluenrg) for ble_init_bluenrg
    main.o(i.ble_start_adv) refers to bluenrg_sdk_api.o(i.ble_device_set_tx_power) for ble_device_set_tx_power
    main.o(i.ble_start_adv) refers to bluenrg_sdk_api.o(i.ble_device_set_advertising_interval) for ble_device_set_advertising_interval
    main.o(i.hum_temp) refers to stm32f4xx_hal.o(i.HAL_Delay) for HAL_Delay
    main.o(i.hum_temp) refers to x_nucleo_iks01a1_hum_temp.o(i.BSP_HUM_TEMP_Init) for BSP_HUM_TEMP_Init
    main.o(i.hum_temp) refers to x_nucleo_iks01a1_hum_temp.o(i.BSP_HUM_TEMP_isInitialized) for BSP_HUM_TEMP_isInitialized
    main.o(i.main) refers to stm32f4xx_hal.o(i.HAL_Init) for HAL_Init
    main.o(i.main) refers to stm32f4xx_nucleo.o(i.BSP_LED_Init) for BSP_LED_Init
    main.o(i.main) refers to stm32f4xx_nucleo.o(i.BSP_LED_On) for BSP_LED_On
    main.o(i.main) refers to cube_hal_f4.o(i.SystemClock_Config) for SystemClock_Config
    main.o(i.main) refers to main.o(i.hum_temp) for hum_temp
    main.o(i.main) refers to stm32_bluenrg_ble.o(i.BNRG_SPI_Init) for BNRG_SPI_Init
    main.o(i.main) refers to hci.o(i.HCI_Init) for HCI_Init
    main.o(i.main) refers to stm32_bluenrg_ble.o(i.BlueNRG_RST) for BlueNRG_RST
    main.o(i.main) refers to main.o(i.ble_start_adv) for ble_start_adv
    main.o(i.main) refers to hci.o(i.HCI_Process) for HCI_Process
    main.o(i.main) refers to demo_echo.o(i.User_Process) for User_Process
    stm32f4xx_it.o(i.EXTI4_IRQHandler) refers to stm32f4xx_hal_gpio.o(i.HAL_GPIO_EXTI_IRQHandler) for HAL_GPIO_EXTI_IRQHandler
    stm32f4xx_it.o(i.SysTick_Handler) refers to stm32f4xx_hal.o(i.HAL_IncTick) for HAL_IncTick
    stm32f4xx_it.o(i.SysTick_Handler) refers to stm32f4xx_it.o(.data) for ms_counter
    stm32f4xx_it.o(i.TIM3_IRQHandler) refers to stm32f4xx_hal_tim.o(i.HAL_TIM_IRQHandler) for HAL_TIM_IRQHandler
    stm32f4xx_it.o(i.TIM3_IRQHandler) refers to main.o(.bss) for TimHandle
    clock.o(i.Clock_Time) refers to stm32f4xx_hal.o(i.HAL_GetTick) for HAL_GetTick
    clock.o(i.Clock_Wait) refers to stm32f4xx_hal.o(i.HAL_Delay) for HAL_Delay
    bluenrg_gap_aci.o(i.aci_gap_allow_rebond) refers to osal.o(i.Osal_MemSet) for Osal_MemSet
    bluenrg_gap_aci.o(i.aci_gap_allow_rebond) refers to hci.o(i.hci_send_req) for hci_send_req
    bluenrg_gap_aci.o(i.aci_gap_authorization_response) refers to osal.o(i.Osal_MemSet) for Osal_MemSet
    bluenrg_gap_aci.o(i.aci_gap_authorization_response) refers to hci.o(i.hci_send_req) for hci_send_req
    bluenrg_gap_aci.o(i.aci_gap_clear_security_database) refers to osal.o(i.Osal_MemSet) for Osal_MemSet
    bluenrg_gap_aci.o(i.aci_gap_clear_security_database) refers to hci.o(i.hci_send_req) for hci_send_req
    bluenrg_gap_aci.o(i.aci_gap_configure_whitelist) refers to osal.o(i.Osal_MemSet) for Osal_MemSet
    bluenrg_gap_aci.o(i.aci_gap_configure_whitelist) refers to hci.o(i.hci_send_req) for hci_send_req
    bluenrg_gap_aci.o(i.aci_gap_create_connection) refers to osal.o(i.Osal_MemCpy) for Osal_MemCpy
    bluenrg_gap_aci.o(i.aci_gap_create_connection) refers to osal.o(i.Osal_MemSet) for Osal_MemSet
    bluenrg_gap_aci.o(i.aci_gap_create_connection) refers to hci.o(i.hci_send_req) for hci_send_req
    bluenrg_gap_aci.o(i.aci_gap_delete_ad_type) refers to osal.o(i.Osal_MemSet) for Osal_MemSet
    bluenrg_gap_aci.o(i.aci_gap_delete_ad_type) refers to hci.o(i.hci_send_req) for hci_send_req
    bluenrg_gap_aci.o(i.aci_gap_get_bonded_devices) refers to osal.o(i.Osal_MemSet) for Osal_MemSet
    bluenrg_gap_aci.o(i.aci_gap_get_bonded_devices) refers to hci.o(i.hci_send_req) for hci_send_req
    bluenrg_gap_aci.o(i.aci_gap_get_bonded_devices) refers to osal.o(i.Osal_MemCpy) for Osal_MemCpy
    bluenrg_gap_aci.o(i.aci_gap_get_security_level) refers to osal.o(i.Osal_MemSet) for Osal_MemSet
[...]
    i.NVIC_SetPriority                       0x08002f6c   Section        0  stm32f4xx_hal_cortex.o(i.NVIC_SetPriority)
    NVIC_SetPriority                         0x08002f6d   Thumb Code    32  stm32f4xx_hal_cortex.o(i.NVIC_SetPriority)
    i.Osal_MemCpy                            0x08002f94   Section        0  osal.o(i.Osal_MemCpy)
    i.Osal_MemSet                            0x08002fa8   Section        0  osal.o(i.Osal_MemSet)
    i.Read_Request_CB                        0x08002fbc   Section        0  bluenrg_sdk_api.o(i.Read_Request_CB)
    Read_Request_CB                          0x08002fbd   Thumb Code    20  bluenrg_sdk_api.o(i.Read_Request_CB)
    i.Read_Temp_Hum                          0x08002fd4   Section        0  main.o(i.Read_Temp_Hum)
    i.SPI_WaitOnFlagUntilTimeout             0x08003058   Section        0  stm32f4xx_hal_spi.o(i.SPI_WaitOnFlagUntilTimeout)
    SPI_WaitOnFlagUntilTimeout               0x08003059   Thumb Code   276  stm32f4xx_hal_spi.o(i.SPI_WaitOnFlagUntilTimeout)
    i.SysTick_Handler                        0x0800316c   Section        0  stm32f4xx_it.o(i.SysTick_Handler)
    i.SystemClock_Config                     0x08003184   Section        0  cube_hal_f4.o(i.SystemClock_Config)
    i.SystemInit                             0x0800321c   Section        0  system_stm32f4xx.o(i.SystemInit)
    i.TIM3_IRQHandler                        0x08003280   Section        0  stm32f4xx_it.o(i.TIM3_IRQHandler)
    i.Timer_Expired                          0x08003290   Section        0  gp_timer.o(i.Timer_Expired)
    i.Timer_Set                              0x080032ac   Section        0  gp_timer.o(i.Timer_Set)
    i.User_Process                           0x080032bc   Section        0  demo_echo.o(i.User_Process)
    i.__ARM_fpclassify                       0x080032d8   Section        0  fpclassify.o(i.__ARM_fpclassify)
    i.__hardfp_pow                           0x08003308   Section        0  pow.o(i.__hardfp_pow)
    i.__kernel_poly                          0x08003f58   Section        0  poly.o(i.__kernel_poly)
    i.__mathlib_dbl_divzero                  0x08004050   Section        0  dunder.o(i.__mathlib_dbl_divzero)
    i.__mathlib_dbl_infnan2                  0x08004080   Section        0  dunder.o(i.__mathlib_dbl_infnan2)
    i.__mathlib_dbl_invalid                  0x08004098   Section        0  dunder.o(i.__mathlib_dbl_invalid)
    i.__mathlib_dbl_overflow                 0x080040b8   Section        0  dunder.o(i.__mathlib_dbl_overflow)
    i.__mathlib_dbl_underflow                0x080040d8   Section        0  dunder.o(i.__mathlib_dbl_underflow)
    i.aci_gap_init                           0x080040f8   Section        0  bluenrg_gap_aci.o(i.aci_gap_init)
    i.aci_gap_set_auth_requirement           0x08004180   Section        0  bluenrg_gap_aci.o(i.aci_gap_set_auth_requirement)
    i.aci_gap_set_discoverable               0x08004208   Section        0  bluenrg_gap_aci.o(i.aci_gap_set_discoverable)
    i.aci_gatt_add_char                      0x08004314   Section        0  bluenrg_gatt_aci.o(i.aci_gatt_add_char)
    i.aci_gatt_add_serv                      0x080043f4   Section        0  bluenrg_gatt_aci.o(i.aci_gatt_add_serv)
    i.aci_gatt_allow_read                    0x08004494   Section        0  bluenrg_gatt_aci.o(i.aci_gatt_allow_read)
    i.aci_gatt_init                          0x080044dc   Section        0  bluenrg_gatt_aci.o(i.aci_gatt_init)
    i.aci_gatt_update_char_value             0x08004518   Section        0  bluenrg_gatt_aci.o(i.aci_gatt_update_char_value)
    i.aci_hal_set_tx_power_level             0x080045c2   Section        0  bluenrg_hal_aci.o(i.aci_hal_set_tx_power_level)
    i.aci_hal_write_config_data              0x0800461a   Section        0  bluenrg_hal_aci.o(i.aci_hal_write_config_data)
    i.ble_device_on_connect                  0x08004696   Section        0  demo_echo.o(i.ble_device_on_connect)
    i.ble_device_on_disconnect               0x0800469c   Section        0  demo_echo.o(i.ble_device_on_disconnect)
    i.ble_device_on_message                  0x080046a8   Section        0  demo_echo.o(i.ble_device_on_message)
    i.ble_device_send                        0x080046cc   Section        0  bluenrg_sdk_api.o(i.ble_device_send)
    i.ble_device_set_advertising_interval    0x08004730   Section        0  bluenrg_sdk_api.o(i.ble_device_set_advertising_interval)
    i.ble_device_set_name                    0x0800473c   Section        0  bluenrg_sdk_api.o(i.ble_device_set_name)
    i.ble_device_set_tx_power                0x08004778   Section        0  bluenrg_sdk_api.o(i.ble_device_set_tx_power)
    i.ble_device_start_advertising           0x0800478c   Section        0  bluenrg_sdk_api.o(i.ble_device_start_advertising)
    i.ble_init_bluenrg                       0x08004810   Section        0  bluenrg_sdk_api.o(i.ble_init_bluenrg)
    i.ble_start_adv                          0x08004894   Section        0  main.o(i.ble_start_adv)
    ble_start_adv                            0x08004895   Thumb Code    44  main.o(i.ble_start_adv)
    i.connection_information                 0x080048c0   Section        0  bluenrg_sdk_api.o(i.connection_information)
    connection_information                   0x080048c1   Thumb Code     6  bluenrg_sdk_api.o(i.connection_information)
    i.fabs                                   0x080048cc   Section        0  fabs.o(i.fabs)
    i.hci_le_set_scan_resp_data              0x080048e4   Section        0  hci.o(i.hci_le_set_scan_resp_data)
    i.hci_send_cmd                           0x0800494e   Section        0  hci.o(i.hci_send_cmd)
    i.hci_send_req                           0x0800498c   Section        0  hci.o(i.hci_send_req)
    i.hci_write                              0x08004b44   Section        0  hci.o(i.hci_write)
    i.hum_temp                               0x08004b60   Section        0  main.o(i.hum_temp)
    hum_temp                                 0x08004b61   Thumb Code    24  main.o(i.hum_temp)
    i.list_init_head                         0x08004b78   Section        0  list.o(i.list_init_head)
    i.list_insert_head                       0x08004b7e   Section        0  list.o(i.list_insert_head)
    i.list_insert_tail                       0x08004b8c   Section        0  list.o(i.list_insert_tail)
    i.list_is_empty                          0x08004b9a   Section        0  list.o(i.list_is_empty)
    i.list_remove_head                       0x08004baa   Section        0  list.o(i.list_remove_head)
    i.list_remove_node                       0x08004bc6   Section        0  list.o(i.list_remove_node)
    i.main                                   0x08004bd4   Section        0  main.o(i.main)
    i.move_list                              0x08004c38   Section        0  hci.o(i.move_list)
    move_list                                0x08004c39   Thumb Code    36  hci.o(i.move_list)
    i.set_irq_as_input                       0x08004c5c   Section        0  stm32_bluenrg_ble.o(i.set_irq_as_input)
    i.set_irq_as_output                      0x08004c94   Section        0  stm32_bluenrg_ble.o(i.set_irq_as_output)
    i.sqrt                                   0x08004cc4   Section        0  sqrt.o(i.sqrt)
    i.us150Delay                             0x08004d32   Section        0  stm32_bluenrg_ble.o(i.us150Delay)
    us150Delay                               0x08004d33   Thumb Code    28  stm32_bluenrg_ble.o(i.us150Delay)
    i.user_send_message                      0x08004d4e   Section        0  demo_echo.o(i.user_send_message)
    x$fpl$basic                              0x08004d60   Section       24  basic.o(x$fpl$basic)
    $v0                                      0x08004d60   Number         0  basic.o(x$fpl$basic)
    x$fpl$d2f                                0x08004d78   Section       98  d2f.o(x$fpl$d2f)
    $v0                                      0x08004d78   Number         0  d2f.o(x$fpl$d2f)
    x$fpl$dadd                               0x08004ddc   Section      336  daddsub_clz.o(x$fpl$dadd)
    $v0                                      0x08004ddc   Number         0  daddsub_clz.o(x$fpl$dadd)
    _dadd1                                   0x08004ded   Thumb Code     0  daddsub_clz.o(x$fpl$dadd)
    x$fpl$dcheck1                            0x08004f2c   Section       16  dcheck1.o(x$fpl$dcheck1)
    $v0                                      0x08004f2c   Number         0  dcheck1.o(x$fpl$dcheck1)
    x$fpl$dcmpinf                            0x08004f3c   Section       24  dcmpi.o(x$fpl$dcmpinf)
    $v0                                      0x08004f3c   Number         0  dcmpi.o(x$fpl$dcmpinf)
    x$fpl$ddiv                               0x08004f54   Section      688  ddiv.o(x$fpl$ddiv)
    $v0                                      0x08004f54   Number         0  ddiv.o(x$fpl$ddiv)
    ddiv_entry                               0x08004f5b   Thumb Code     0  ddiv.o(x$fpl$ddiv)
    x$fpl$dfix                               0x08005204   Section       94  dfix.o(x$fpl$dfix)
    $v0                                      0x08005204   Number         0  dfix.o(x$fpl$dfix)
    x$fpl$dfixu                              0x08005264   Section       90  dfixu.o(x$fpl$dfixu)
    $v0                                      0x08005264   Number         0  dfixu.o(x$fpl$dfixu)
    x$fpl$dflt                               0x080052be   Section       46  dflt_clz.o(x$fpl$dflt)
    $v0                                      0x080052be   Number         0  dflt_clz.o(x$fpl$dflt)
    x$fpl$dleqf                              0x080052ec   Section      120  dleqf.o(x$fpl$dleqf)
    $v0                                      0x080052ec   Number         0  dleqf.o(x$fpl$dleqf)
    x$fpl$dmul                               0x08005364   Section      340  dmul.o(x$fpl$dmul)
    $v0                                      0x08005364   Number         0  dmul.o(x$fpl$dmul)
    x$fpl$dnaninf                            0x080054b8   Section      156  dnaninf.o(x$fpl$dnaninf)
    $v0                                      0x080054b8   Number         0  dnaninf.o(x$fpl$dnaninf)
    x$fpl$dretinf                            0x08005554   Section       12  dretinf.o(x$fpl$dretinf)
    $v0                                      0x08005554   Number         0  dretinf.o(x$fpl$dretinf)
    x$fpl$drleqf                             0x08005560   Section      108  drleqf.o(x$fpl$drleqf)
    $v0                                      0x08005560   Number         0  drleqf.o(x$fpl$drleqf)
    x$fpl$drsb                               0x080055cc   Section       22  daddsub_clz.o(x$fpl$drsb)
    $v0                                      0x080055cc   Number         0  daddsub_clz.o(x$fpl$drsb)
    x$fpl$dsqrt                              0x080055e4   Section      408  dsqrt_umaal.o(x$fpl$dsqrt)
    $v0                                      0x080055e4   Number         0  dsqrt_umaal.o(x$fpl$dsqrt)
    x$fpl$dsub                               0x0800577c   Section      468  daddsub_clz.o(x$fpl$dsub)
    $v0                                      0x0800577c   Number         0  daddsub_clz.o(x$fpl$dsub)
    _dsub1                                   0x0800578d   Thumb Code     0  daddsub_clz.o(x$fpl$dsub)
    x$fpl$f2d                                0x08005950   Section       86  f2d.o(x$fpl$f2d)
    $v0                                      0x08005950   Number         0  f2d.o(x$fpl$f2d)
    x$fpl$fnaninf                            0x080059a6   Section      140  fnaninf.o(x$fpl$fnaninf)
    $v0                                      0x080059a6   Number         0  fnaninf.o(x$fpl$fnaninf)
    x$fpl$fpinit                             0x08005a32   Section       10  fpinit.o(x$fpl$fpinit)
    $v0                                      0x08005a32   Number         0  fpinit.o(x$fpl$fpinit)
    x$fpl$fretinf                            0x08005a3c   Section       10  fretinf.o(x$fpl$fretinf)
    $v0                                      0x08005a3c   Number         0  fretinf.o(x$fpl$fretinf)
    x$fpl$retnan                             0x08005a46   Section      100  retnan.o(x$fpl$retnan)
    $v0                                      0x08005a46   Number         0  retnan.o(x$fpl$retnan)
    x$fpl$scalbn                             0x08005aaa   Section       92  scalbn.o(x$fpl$scalbn)
    $v0                                      0x08005aaa   Number         0  scalbn.o(x$fpl$scalbn)
    x$fpl$trapveneer                         0x08005b06   Section       48  trapv.o(x$fpl$trapveneer)
    $v0                                      0x08005b06   Number         0  trapv.o(x$fpl$trapveneer)
    x$fpl$usenofp                            0x08005b36   Section        0  usenofp.o(x$fpl$usenofp)
    .constdata                               0x08005b38   Section        4  clock.o(.constdata)
    .constdata                               0x08005b3c   Section        5  stm32f4xx_nucleo.o(.constdata)
    .constdata                               0x08005b41   Section       16  stm32f4xx_hal_rcc.o(.constdata)
    .constdata                               0x08005b58   Section      136  pow.o(.constdata)
    bp                                       0x08005b58   Data          16  pow.o(.constdata)
    dp_h                                     0x08005b68   Data          16  pow.o(.constdata)
    dp_l                                     0x08005b78   Data          16  pow.o(.constdata)
    L                                        0x08005b88   Data          48  pow.o(.constdata)
    P                                        0x08005bb8   Data          40  pow.o(.constdata)
    .constdata                               0x08005be0   Section        8  qnan.o(.constdata)
    .data                                    0x20000000   Section       28  main.o(.data)
    free_fall_detected                       0x20000004   Data           4  main.o(.data)
    ff_enable                                0x20000008   Data           4  main.o(.data)
    delay_time                               0x2000000c   Data           4  main.o(.data)
    humidity                                 0x20000014   Data           4  main.o(.data)
    temperature                              0x20000018   Data           4  main.o(.data)
    .data                                    0x2000001c   Section        4  stm32f4xx_it.o(.data)
    .data                                    0x20000020   Section       19  hci.o(.data)
    readPacketListFull                       0x20000030   Data           1  hci.o(.data)
    hci_timer_id                             0x20000031   Data           1  hci.o(.data)
    hci_timeout                              0x20000032   Data           1  hci.o(.data)
    .data                                    0x20000034   Section       49  bluenrg_sdk_api.o(.data)
    connection_handle                        0x2000003c   Data           2  bluenrg_sdk_api.o(.data)
    notification_enabled                     0x2000003e   Data           2  bluenrg_sdk_api.o(.data)
    AdvNameLen                               0x20000064   Data           1  bluenrg_sdk_api.o(.data)
    .data                                    0x20000068   Section       80  hts221.o(.data)
    .data                                    0x200000b8   Section       12  stm32f4xx_nucleo.o(.data)
    .data                                    0x200000c4   Section        4  x_nucleo_iks01a1.o(.data)
    .data                                    0x200000c8   Section        5  x_nucleo_iks01a1_hum_temp.o(.data)
    Hum_tempDrv                              0x200000c8   Data           4  x_nucleo_iks01a1_hum_temp.o(.data)
    HumTempInitialized                       0x200000cc   Data           1  x_nucleo_iks01a1_hum_temp.o(.data)
    .data                                    0x200000d0   Section       20  system_stm32f4xx.o(.data)
    .data                                    0x200000e4   Section        4  stm32f4xx_hal.o(.data)
    uwTick                                   0x200000e4   Data           4  stm32f4xx_hal.o(.data)
    .bss                                     0x200000e8   Section       60  main.o(.bss)
    .bss                                     0x20000124   Section      700  hci.o(.bss)
    hciReadPacketBuffer                      0x20000124   Data         700  hci.o(.bss)
    .bss                                     0x200003e0   Section       20  bluenrg_sdk_api.o(.bss)
    .bss                                     0x200003f4   Section       88  stm32_bluenrg_ble.o(.bss)
    .bss                                     0x2000044c   Section       60  x_nucleo_iks01a1.o(.bss)
    I2C_EXPBD_Handle                         0x2000044c   Data          60  x_nucleo_iks01a1.o(.bss)
    .bss                                     0x20000488   Section       96  libspace.o(.bss)
    HEAP                                     0x200004e8   Section      512  startup_stm32f401xe.o(HEAP)
    Heap_Mem                                 0x200004e8   Data         512  startup_stm32f401xe.o(HEAP)
    STACK                                    0x200006e8   Section     1024  startup_stm32f401xe.o(STACK)
    Stack_Mem                                0x200006e8   Data        1024  startup_stm32f401xe.o(STACK)
    __initial_sp                             0x20000ae8   Data           0  startup_stm32f401xe.o(STACK)

    Global Symbols

    Symbol Name                              Value     Ov Type        Size  Object(Section)

    BuildAttributes$$THM_ISAv4$E$P$D$K$B$S$7EM$VFPi3$EXTD16$VFPS$VFMA$PE$A:L22UL41UL21$X:L11$S22US41US21$IEEE1$IW$USESV6$~STKCKD$USESV7$~SHL$OTIME$ROPI$IEEEX$EBA8$UX$STANDARDLIB$REQ8$PRES8$EABIv2 0x00000000   Number         0  anon$$obj.o ABSOLUTE
    __ARM_use_no_argv                        0x00000000   Number         0  main.o ABSOLUTE
    __ARM_exceptions_init                     - Undefined Weak Reference
    __alloca_initialize                       - Undefined Weak Reference
    __arm_preinit_                            - Undefined Weak Reference
    __cpp_initialize__aeabi_                  - Undefined Weak Reference
    __cxa_finalize                            - Undefined Weak Reference
    __rt_locale                               - Undefined Weak Reference
    __sigvec_lookup                           - Undefined Weak Reference
    _atexit_init                              - Undefined Weak Reference
    _call_atexit_fns                          - Undefined Weak Reference
    _clock_init                               - Undefined Weak Reference
    _fp_trap_init                             - Undefined Weak Reference
    _fp_trap_shutdown                         - Undefined Weak Reference
    _get_lc_collate                           - Undefined Weak Reference
    _get_lc_ctype                             - Undefined Weak Reference
    _get_lc_monetary                          - Undefined Weak Reference
    _get_lc_numeric                           - Undefined Weak Reference
    _get_lc_time                              - Undefined Weak Reference
    _getenv_init                              - Undefined Weak Reference
    _handle_redirection                       - Undefined Weak Reference
    _init_alloc                               - Undefined Weak Reference
    _init_user_alloc                          - Undefined Weak Reference
    _initio                                   - Undefined Weak Reference
    _rand_init                                - Undefined Weak Reference
    _signal_finish                            - Undefined Weak Reference
    _signal_init                              - Undefined Weak Reference
    _terminate_alloc                          - Undefined Weak Reference
    _terminate_user_alloc                     - Undefined Weak Reference
    _terminateio                              - Undefined Weak Reference
    __Vectors_Size                           0x00000194   Number         0  startup_stm32f401xe.o ABSOLUTE
    __Vectors                                0x08000000   Data           4  startup_stm32f401xe.o(RESET)
    __Vectors_End                            0x08000194   Data           0  startup_stm32f401xe.o(RESET)
    __main                                   0x08000195   Thumb Code     8  __main.o(!!!main)
    __scatterload                            0x0800019d   Thumb Code     0  __scatter.o(!!!scatter)
    __scatterload_rt2                        0x0800019d   Thumb Code    44  __scatter.o(!!!scatter)
    __scatterload_rt2_thumb_only             0x0800019d   Thumb Code     0  __scatter.o(!!!scatter)
    __scatterload_null                       0x080001ab   Thumb Code     0  __scatter.o(!!!scatter)
    __scatterload_copy                       0x080001d1   Thumb Code    26  __scatter_copy.o(!!handler_copy)
    __scatterload_zeroinit                   0x080001ed   Thumb Code    28  __scatter_zi.o(!!handler_zi)
    __rt_lib_init                            0x08000209   Thumb Code     0  libinit.o(.ARM.Collect$$libinit$$00000000)
    __rt_lib_init_fp_1                       0x0800020b   Thumb Code     0  libinit2.o(.ARM.Collect$$libinit$$00000001)
    __rt_lib_init_alloca_1                   0x0800020f   Thumb Code     0  libinit2.o(.ARM.Collect$$libinit$$0000002E)
    __rt_lib_init_argv_1                     0x0800020f   Thumb Code     0  libinit2.o(.ARM.Collect$$libinit$$0000002C)
    __rt_lib_init_atexit_1                   0x0800020f   Thumb Code     0  libinit2.o(.ARM.Collect$$libinit$$0000001B)
    __rt_lib_init_clock_1                    0x0800020f   Thumb Code     0  libinit2.o(.ARM.Collect$$libinit$$00000021)
    __rt_lib_init_cpp_1                      0x0800020f   Thumb Code     0  libinit2.o(.ARM.Collect$$libinit$$00000032)
    __rt_lib_init_exceptions_1               0x0800020f   Thumb Code     0  libinit2.o(.ARM.Collect$$libinit$$00000030)
    __rt_lib_init_fp_trap_1                  0x0800020f   Thumb Code     0  libinit2.o(.ARM.Collect$$libinit$$0000001F)
    __rt_lib_init_getenv_1                   0x0800020f   Thumb Code     0  libinit2.o(.ARM.Collect$$libinit$$00000023)
    __rt_lib_init_heap_1                     0x0800020f   Thumb Code     0  libinit2.o(.ARM.Collect$$libinit$$0000000A)
    __rt_lib_init_lc_collate_1               0x0800020f   Thumb Code     0  libinit2.o(.ARM.Collect$$libinit$$00000011)
    __rt_lib_init_lc_ctype_1                 0x0800020f   Thumb Code     0  libinit2.o(.ARM.Collect$$libinit$$00000013)
    __rt_lib_init_lc_monetary_1              0x0800020f   Thumb Code     0  libinit2.o(.ARM.Collect$$libinit$$00000015)
    __rt_lib_init_lc_numeric_1               0x0800020f   Thumb Code     0  libinit2.o(.ARM.Collect$$libinit$$00000017)
    __rt_lib_init_lc_time_1                  0x0800020f   Thumb Code     0  libinit2.o(.ARM.Collect$$libinit$$00000019)
    __rt_lib_init_preinit_1                  0x0800020f   Thumb Code     0  libinit2.o(.ARM.Collect$$libinit$$00000004)
    __rt_lib_init_rand_1                     0x0800020f   Thumb Code     0  libinit2.o(.ARM.Collect$$libinit$$0000000E)
    __rt_lib_init_return                     0x0800020f   Thumb Code     0  libinit2.o(.ARM.Collect$$libinit$$00000033)
    __rt_lib_init_signal_1                   0x0800020f   Thumb Code     0  libinit2.o(.ARM.Collect$$libinit$$0000001D)
    __rt_lib_init_stdio_1                    0x0800020f   Thumb Code     0  libinit2.o(.ARM.Collect$$libinit$$00000025)
    __rt_lib_init_user_alloc_1               0x0800020f   Thumb Code     0  libinit2.o(.ARM.Collect$$libinit$$0000000C)
    __rt_lib_shutdown                        0x08000211   Thumb Code     0  libshutdown.o(.ARM.Collect$$libshutdown$$00000000)
    __rt_lib_shutdown_cpp_1                  0x08000213   Thumb Code     0  libshutdown2.o(.ARM.Collect$$libshutdown$$00000002)
    __rt_lib_shutdown_fp_trap_1              0x08000213   Thumb Code     0  libshutdown2.o(.ARM.Collect$$libshutdown$$00000007)
    __rt_lib_shutdown_heap_1                 0x08000213   Thumb Code     0  libshutdown2.o(.ARM.Collect$$libshutdown$$0000000F)
    __rt_lib_shutdown_return                 0x08000213   Thumb Code     0  libshutdown2.o(.ARM.Collect$$libshutdown$$00000010)
    __rt_lib_shutdown_signal_1               0x08000213   Thumb Code     0  libshutdown2.o(.ARM.Collect$$libshutdown$$0000000A)
    __rt_lib_shutdown_stdio_1                0x08000213   Thumb Code     0  libshutdown2.o(.ARM.Collect$$libshutdown$$00000004)
    __rt_lib_shutdown_user_alloc_1           0x08000213   Thumb Code     0  libshutdown2.o(.ARM.Collect$$libshutdown$$0000000C)
    __rt_entry                               0x08000215   Thumb Code     0  __rtentry.o(.ARM.Collect$$rtentry$$00000000)
    __rt_entry_presh_1                       0x08000215   Thumb Code     0  __rtentry2.o(.ARM.Collect$$rtentry$$00000002)
    __rt_entry_sh                            0x08000215   Thumb Code     0  __rtentry4.o(.ARM.Collect$$rtentry$$00000004)
    __rt_entry_li                            0x0800021b   Thumb Code     0  __rtentry2.o(.ARM.Collect$$rtentry$$0000000A)
    __rt_entry_postsh_1                      0x0800021b   Thumb Code     0  __rtentry2.o(.ARM.Collect$$rtentry$$00000009)
    __rt_entry_main                          0x0800021f   Thumb Code     0  __rtentry2.o(.ARM.Collect$$rtentry$$0000000D)
    __rt_entry_postli_1                      0x0800021f   Thumb Code     0  __rtentry2.o(.ARM.Collect$$rtentry$$0000000C)
    __rt_exit                                0x08000227   Thumb Code     0  rtexit.o(.ARM.Collect$$rtexit$$00000000)
    __rt_exit_ls                             0x08000229   Thumb Code     0  rtexit2.o(.ARM.Collect$$rtexit$$00000003)
    __rt_exit_prels_1                        0x08000229   Thumb Code     0  rtexit2.o(.ARM.Collect$$rtexit$$00000002)
    __rt_exit_exit                           0x0800022d   Thumb Code     0  rtexit2.o(.ARM.Collect$$rtexit$$00000004)
    Reset_Handler                            0x08000235   Thumb Code     8  startup_stm32f401xe.o(.text)
    MemManage_Handler                        0x08000241   Thumb Code     2  startup_stm32f401xe.o(.text)
    BusFault_Handler                         0x08000243   Thumb Code     2  startup_stm32f401xe.o(.text)
    UsageFault_Handler                       0x08000245   Thumb Code     2  startup_stm32f401xe.o(.text)
    SVC_Handler                              0x08000247   Thumb Code     2  startup_stm32f401xe.o(.text)
    PendSV_Handler                           0x0800024b   Thumb Code     2  startup_stm32f401xe.o(.text)
    ADC_IRQHandler                           0x0800024f   Thumb Code     0  startup_stm32f401xe.o(.text)
    DMA1_Stream0_IRQHandler                  0x0800024f   Thumb Code     0  startup_stm32f401xe.o(.text)
    DMA1_Stream1_IRQHandler                  0x0800024f   Thumb Code     0  startup_stm32f401xe.o(.text)
    DMA1_Stream2_IRQHandler                  0x0800024f   Thumb Code     0  startup_stm32f401xe.o(.text)
    DMA1_Stream3_IRQHandler                  0x0800024f   Thumb Code     0  startup_stm32f401xe.o(.text)
    DMA1_Stream4_IRQHandler                  0x0800024f   Thumb Code     0  startup_stm32f401xe.o(.text)
    DMA1_Stream5_IRQHandler                  0x0800024f   Thumb Code     0  startup_stm32f401xe.o(.text)
    DMA1_Stream6_IRQHandler                  0x0800024f   Thumb Code     0  startup_stm32f401xe.o(.text)
    DMA1_Stream7_IRQHandler                  0x0800024f   Thumb Code     0  startup_stm32f401xe.o(.text)
    DMA2_Stream0_IRQHandler                  0x0800024f   Thumb Code     0  startup_stm32f401xe.o(.text)
    DMA2_Stream1_IRQHandler                  0x0800024f   Thumb Code     0  startup_stm32f401xe.o(.text)
    DMA2_Stream2_IRQHandler                  0x0800024f   Thumb Code     0  startup_stm32f401xe.o(.text)
    DMA2_Stream3_IRQHandler                  0x0800024f   Thumb Code     0  startup_stm32f401xe.o(.text)
    DMA2_Stream4_IRQHandler                  0x0800024f   Thumb Code     0  startup_stm32f401xe.o(.text)
    DMA2_Stream5_IRQHandler                  0x0800024f   Thumb Code     0  startup_stm32f401xe.o(.text)
    DMA2_Stream6_IRQHandler                  0x0800024f   Thumb Code     0  startup_stm32f401xe.o(.text)
    DMA2_Stream7_IRQHandler                  0x0800024f   Thumb Code     0  startup_stm32f401xe.o(.text)
    EXTI0_IRQHandler                         0x0800024f   Thumb Code     0  startup_stm32f401xe.o(.text)
    EXTI15_10_IRQHandler                     0x0800024f   Thumb Code     0  startup_stm32f401xe.o(.text)
    EXTI1_IRQHandler                         0x0800024f   Thumb Code     0  startup_stm32f401xe.o(.text)
    EXTI2_IRQHandler                         0x0800024f   Thumb Code     0  startup_stm32f401xe.o(.text)
    EXTI3_IRQHandler                         0x0800024f   Thumb Code     0  startup_stm32f401xe.o(.text)
    EXTI9_5_IRQHandler                       0x0800024f   Thumb Code     0  startup_stm32f401xe.o(.text)
    FLASH_IRQHandler                         0x0800024f   Thumb Code     0  startup_stm32f401xe.o(.text)
    FPU_IRQHandler                           0x0800024f   Thumb Code     0  startup_stm32f401xe.o(.text)
    I2C1_ER_IRQHandler                       0x0800024f   Thumb Code     0  startup_stm32f401xe.o(.text)
    I2C1_EV_IRQHandler                       0x0800024f   Thumb Code     0  startup_stm32f401xe.o(.text)
    I2C2_ER_IRQHandler                       0x0800024f   Thumb Code     0  startup_stm32f401xe.o(.text)
    I2C2_EV_IRQHandler                       0x0800024f   Thumb Code     0  startup_stm32f401xe.o(.text)
    I2C3_ER_IRQHandler                       0x0800024f   Thumb Code     0  startup_stm32f401xe.o(.text)
    I2C3_EV_IRQHandler                       0x0800024f   Thumb Code     0  startup_stm32f401xe.o(.text)
    OTG_FS_IRQHandler                        0x0800024f   Thumb Code     0  startup_stm32f401xe.o(.text)
    OTG_FS_WKUP_IRQHandler                   0x0800024f   Thumb Code     0  startup_stm32f401xe.o(.text)
    PVD_IRQHandler                           0x0800024f   Thumb Code     0  startup_stm32f401xe.o(.text)
    RCC_IRQHandler                           0x0800024f   Thumb Code     0  startup_stm32f401xe.o(.text)
    RTC_Alarm_IRQHandler                     0x0800024f   Thumb Code     0  startup_stm32f401xe.o(.text)
    RTC_WKUP_IRQHandler                      0x0800024f   Thumb Code     0  startup_stm32f401xe.o(.text)
    SDIO_IRQHandler                          0x0800024f   Thumb Code     0  startup_stm32f401xe.o(.text)
    SPI1_IRQHandler                          0x0800024f   Thumb Code     0  startup_stm32f401xe.o(.text)
    SPI2_IRQHandler                          0x0800024f   Thumb Code     0  startup_stm32f401xe.o(.text)
    SPI3_IRQHandler                          0x0800024f   Thumb Code     0  startup_stm32f401xe.o(.text)
    SPI4_IRQHandler                          0x0800024f   Thumb Code     0  startup_stm32f401xe.o(.text)
    TAMP_STAMP_IRQHandler                    0x0800024f   Thumb Code     0  startup_stm32f401xe.o(.text)
    TIM1_BRK_TIM9_IRQHandler                 0x0800024f   Thumb Code     0  startup_stm32f401xe.o(.text)
    TIM1_CC_IRQHandler                       0x0800024f   Thumb Code     0  startup_stm32f401xe.o(.text)
    TIM1_TRG_COM_TIM11_IRQHandler            0x0800024f   Thumb Code     0  startup_stm32f401xe.o(.text)
    TIM1_UP_TIM10_IRQHandler                 0x0800024f   Thumb Code     0  startup_stm32f401xe.o(.text)
    TIM2_IRQHandler                          0x0800024f   Thumb Code     0  startup_stm32f401xe.o(.text)
    TIM4_IRQHandler                          0x0800024f   Thumb Code     0  startup_stm32f401xe.o(.text)
    TIM5_IRQHandler                          0x0800024f   Thumb Code     0  startup_stm32f401xe.o(.text)
    USART1_IRQHandler                        0x0800024f   Thumb Code     0  startup_stm32f401xe.o(.text)
    USART2_IRQHandler                        0x0800024f   Thumb Code     0  startup_stm32f401xe.o(.text)
    USART6_IRQHandler                        0x0800024f   Thumb Code     0  startup_stm32f401xe.o(.text)
    WWDG_IRQHandler                          0x0800024f   Thumb Code     0  startup_stm32f401xe.o(.text)
    __user_initial_stackheap                 0x08000251   Thumb Code     0  startup_stm32f401xe.o(.text)
    strlen                                   0x08000275   Thumb Code    62  strlen.o(.text)
    __aeabi_memcpy                           0x080002b3   Thumb Code     0  rt_memcpy_v6.o(.text)
    __rt_memcpy                              0x080002b3   Thumb Code   138  rt_memcpy_v6.o(.text)
    _memcpy_lastbytes                        0x08000319   Thumb Code     0  rt_memcpy_v6.o(.text)
    memcpy                                   0x0800033d   Thumb Code     8  memcpy.o(.text)
    memset                                   0x08000345   Thumb Code    22  memset.o(.text)
    __aeabi_memclr4                          0x0800035b   Thumb Code     0  rt_memclr_w.o(.text)
    __aeabi_memclr8                          0x0800035b   Thumb Code     0  rt_memclr_w.o(.text)
    __rt_memclr_w                            0x0800035b   Thumb Code    78  rt_memclr_w.o(.text)
    _memset_w                                0x0800035f   Thumb Code     0  rt_memclr_w.o(.text)
    __use_two_region_memory                  0x080003a9   Thumb Code     2  heapauxi.o(.text)
    __rt_heap_escrow$2region                 0x080003ab   Thumb Code     2  heapauxi.o(.text)
    __rt_heap_expand$2region                 0x080003ad   Thumb Code     2  heapauxi.o(.text)
    __read_errno                             0x080003af   Thumb Code    10  _rserrno.o(.text)
    __set_errno                              0x080003b9   Thumb Code    12  _rserrno.o(.text)
    __aeabi_memcpy4                          0x080003c5   Thumb Code     0  rt_memcpy_w.o(.text)
    __aeabi_memcpy8                          0x080003c5   Thumb Code     0  rt_memcpy_w.o(.text)
    __rt_memcpy_w                            0x080003c5   Thumb Code   100  rt_memcpy_w.o(.text)
    _memcpy_lastbytes_aligned                0x0800040d   Thumb Code     0  rt_memcpy_w.o(.text)
    __aeabi_memclr                           0x08000429   Thumb Code     0  rt_memclr.o(.text)
    __rt_memclr                              0x08000429   Thumb Code    68  rt_memclr.o(.text)
    _memset                                  0x0800042d   Thumb Code     0  rt_memclr.o(.text)
    __aeabi_errno_addr                       0x0800046d   Thumb Code     8  rt_errno_addr_intlibspace.o(.text)
    __errno$intlibspace                      0x0800046d   Thumb Code     0  rt_errno_addr_intlibspace.o(.text)
    __rt_errno_addr$intlibspace              0x0800046d   Thumb Code     0  rt_errno_addr_intlibspace.o(.text)
    __user_libspace                          0x08000475   Thumb Code     8  libspace.o(.text)
    __user_perproc_libspace                  0x08000475   Thumb Code     0  libspace.o(.text)
    __user_perthread_libspace                0x08000475   Thumb Code     0  libspace.o(.text)
    __user_setup_stackheap                   0x0800047d   Thumb Code    74  sys_stackheap_outer.o(.text)
    exit                                     0x080004c7   Thumb Code    18  exit.o(.text)
    _sys_exit                                0x080004d9   Thumb Code     8  sys_exit.o(.text)
    __I$use$semihosting                      0x080004e5   Thumb Code     0  use_no_semi.o(.text)
    __use_no_semihosting_swi                 0x080004e5   Thumb Code     2  use_no_semi.o(.text)
    __semihosting_library_function           0x080004e7   Thumb Code     0  indicate_semi.o(.text)
    Advertise_Address                        0x08000659   Thumb Code    26  bluenrg_sdk_api.o(i.Advertise_Address)
    BNRG_SPI_Init                            0x08000675   Thumb Code    54  stm32_bluenrg_ble.o(i.BNRG_SPI_Init)
    BSP_HUM_TEMP_GetHumidity                 0x080006b5   Thumb Code    28  x_nucleo_iks01a1_hum_temp.o(i.BSP_HUM_TEMP_GetHumidity)
    BSP_HUM_TEMP_GetTemperature              0x080006d5   Thumb Code    28  x_nucleo_iks01a1_hum_temp.o(i.BSP_HUM_TEMP_GetTemperature)
    BSP_HUM_TEMP_Init                        0x080006f5   Thumb Code   130  x_nucleo_iks01a1_hum_temp.o(i.BSP_HUM_TEMP_Init)
    BSP_HUM_TEMP_isInitialized               0x08000789   Thumb Code     6  x_nucleo_iks01a1_hum_temp.o(i.BSP_HUM_TEMP_isInitialized)
    BSP_LED_Init                             0x08000795   Thumb Code    92  stm32f4xx_nucleo.o(i.BSP_LED_Init)
    BSP_LED_Off                              0x080007fd   Thumb Code    24  stm32f4xx_nucleo.o(i.BSP_LED_Off)
    BSP_LED_On                               0x0800081d   Thumb Code    24  stm32f4xx_nucleo.o(i.BSP_LED_On)
    BlueNRG_DataPresent                      0x0800083d   Thumb Code    20  stm32_bluenrg_ble.o(i.BlueNRG_DataPresent)
    BlueNRG_RST                              0x08000855   Thumb Code    36  stm32_bluenrg_ble.o(i.BlueNRG_RST)
    BlueNRG_SPI_Read_All                     0x0800087d   Thumb Code   154  stm32_bluenrg_ble.o(i.BlueNRG_SPI_Read_All)
    BlueNRG_SPI_Write                        0x08000925   Thumb Code   176  stm32_bluenrg_ble.o(i.BlueNRG_SPI_Write)
    Clear_SPI_EXTI_Flag                      0x080009e9   Thumb Code     8  stm32_bluenrg_ble.o(i.Clear_SPI_EXTI_Flag)
    Clock_Time                               0x080009f5   Thumb Code     8  clock.o(i.Clock_Time)
    DebugMon_Handler                         0x080009fd   Thumb Code     2  stm32f4xx_it.o(i.DebugMon_Handler)
    Disable_SPI_IRQ                          0x080009ff   Thumb Code    10  stm32_bluenrg_ble.o(i.Disable_SPI_IRQ)
    EXTI4_IRQHandler                         0x08000a09   Thumb Code    10  stm32f4xx_it.o(i.EXTI4_IRQHandler)
    Enable_SPI_IRQ                           0x08000a13   Thumb Code    10  stm32_bluenrg_ble.o(i.Enable_SPI_IRQ)
    HAL_Delay                                0x08000a1d   Thumb Code    26  stm32f4xx_hal.o(i.HAL_Delay)
    HAL_GPIO_EXTI_Callback                   0x08000a37   Thumb Code    10  bluenrg_interface.o(i.HAL_GPIO_EXTI_Callback)
    HAL_GPIO_EXTI_IRQHandler                 0x08000a41   Thumb Code    24  stm32f4xx_hal_gpio.o(i.HAL_GPIO_EXTI_IRQHandler)
    HAL_GPIO_Init                            0x08000a5d   Thumb Code   432  stm32f4xx_hal_gpio.o(i.HAL_GPIO_Init)
    HAL_GPIO_ReadPin                         0x08000c2d   Thumb Code    16  stm32f4xx_hal_gpio.o(i.HAL_GPIO_ReadPin)
    HAL_GPIO_WritePin                        0x08000c3d   Thumb Code    12  stm32f4xx_hal_gpio.o(i.HAL_GPIO_WritePin)
    HAL_GetTick                              0x08000c49   Thumb Code     6  stm32f4xx_hal.o(i.HAL_GetTick)
    HAL_I2C_DeInit                           0x08000c55   Thumb Code    54  stm32f4xx_hal_i2c.o(i.HAL_I2C_DeInit)
    HAL_I2C_GetState                         0x08000c8b   Thumb Code     8  stm32f4xx_hal_i2c.o(i.HAL_I2C_GetState)
    HAL_I2C_Init                             0x08000c95   Thumb Code   278  stm32f4xx_hal_i2c.o(i.HAL_I2C_Init)
    HAL_I2C_Mem_Read                         0x08000db5   Thumb Code   560  stm32f4xx_hal_i2c.o(i.HAL_I2C_Mem_Read)
    HAL_I2C_Mem_Write                        0x08000fed   Thumb Code   262  stm32f4xx_hal_i2c.o(i.HAL_I2C_Mem_Write)
    HAL_I2C_MspDeInit                        0x080010fd   Thumb Code     2  stm32f4xx_hal_i2c.o(i.HAL_I2C_MspDeInit)
    HAL_I2C_MspInit                          0x080010ff   Thumb Code     2  stm32f4xx_hal_i2c.o(i.HAL_I2C_MspInit)
    HAL_IncTick                              0x08001101   Thumb Code    12  stm32f4xx_hal.o(i.HAL_IncTick)
    HAL_Init                                 0x08001111   Thumb Code    54  stm32f4xx_hal.o(i.HAL_Init)
    HAL_InitTick                             0x0800114d   Thumb Code    36  stm32f4xx_hal.o(i.HAL_InitTick)
    HAL_MspInit                              0x08001171   Thumb Code     2  stm32f4xx_hal.o(i.HAL_MspInit)
    HAL_NVIC_DisableIRQ                      0x08001175   Thumb Code    22  stm32f4xx_hal_cortex.o(i.HAL_NVIC_DisableIRQ)
    HAL_NVIC_EnableIRQ                       0x08001191   Thumb Code    26  stm32f4xx_hal_cortex.o(i.HAL_NVIC_EnableIRQ)
    HAL_NVIC_SetPriority                     0x080011ab   Thumb Code   124  stm32f4xx_hal_cortex.o(i.HAL_NVIC_SetPriority)
    HAL_NVIC_SetPriorityGrouping             0x08001229   Thumb Code    32  stm32f4xx_hal_cortex.o(i.HAL_NVIC_SetPriorityGrouping)
    HAL_RCC_ClockConfig                      0x08001251   Thumb Code   680  stm32f4xx_hal_rcc.o(i.HAL_RCC_ClockConfig)
    HAL_RCC_GetHCLKFreq                      0x08001501   Thumb Code    42  stm32f4xx_hal_rcc.o(i.HAL_RCC_GetHCLKFreq)
    HAL_RCC_GetPCLK1Freq                     0x08001539   Thumb Code    36  stm32f4xx_hal_rcc.o(i.HAL_RCC_GetPCLK1Freq)
    HAL_RCC_GetSysClockFreq                  0x08001565   Thumb Code   168  stm32f4xx_hal_rcc.o(i.HAL_RCC_GetSysClockFreq)
    HAL_RCC_OscConfig                        0x08001619   Thumb Code  1028  stm32f4xx_hal_rcc.o(i.HAL_RCC_OscConfig)
    HAL_SPI_TransmitReceive                  0x08001a1d   Thumb Code   850  stm32f4xx_hal_spi.o(i.HAL_SPI_TransmitReceive)
    HAL_SYSTICK_Config                       0x08001d6f   Thumb Code    52  stm32f4xx_hal_cortex.o(i.HAL_SYSTICK_Config)
    HAL_TIMEx_BreakCallback                  0x08001da3   Thumb Code     2  stm32f4xx_hal_tim_ex.o(i.HAL_TIMEx_BreakCallback)
    HAL_TIMEx_CommutationCallback            0x08001da5   Thumb Code     2  stm32f4xx_hal_tim_ex.o(i.HAL_TIMEx_CommutationCallback)
    HAL_TIM_IC_CaptureCallback               0x08001da7   Thumb Code     2  stm32f4xx_hal_tim.o(i.HAL_TIM_IC_CaptureCallback)
    HAL_TIM_IRQHandler                       0x08001da9   Thumb Code   406  stm32f4xx_hal_tim.o(i.HAL_TIM_IRQHandler)
    HAL_TIM_OC_DelayElapsedCallback          0x08001f3f   Thumb Code     2  stm32f4xx_hal_tim.o(i.HAL_TIM_OC_DelayElapsedCallback)
    HAL_TIM_PWM_PulseFinishedCallback        0x08001f41   Thumb Code     2  stm32f4xx_hal_tim.o(i.HAL_TIM_PWM_PulseFinishedCallback)
    HAL_TIM_PeriodElapsedCallback            0x08001f43   Thumb Code     2  stm32f4xx_hal_tim.o(i.HAL_TIM_PeriodElapsedCallback)
    HAL_TIM_TriggerCallback                  0x08001f45   Thumb Code     2  stm32f4xx_hal_tim.o(i.HAL_TIM_TriggerCallback)
    HCI_Event_CB                             0x08001f49   Thumb Code   152  bluenrg_sdk_api.o(i.HCI_Event_CB)
    HCI_Init                                 0x08001fe5   Thumb Code    48  hci.o(i.HCI_Init)
    HCI_Isr                                  0x08002021   Thumb Code   118  hci.o(i.HCI_Isr)
    HCI_Process                              0x080020a9   Thumb Code   116  hci.o(i.HCI_Process)
    HCI_Queue_Empty                          0x0800212d   Thumb Code    10  hci.o(i.HCI_Queue_Empty)
    HCI_verify                               0x0800213d   Thumb Code    36  hci.o(i.HCI_verify)
    HTS221_IO_ITConfig                       0x08002649   Thumb Code     2  x_nucleo_iks01a1.o(i.HTS221_IO_ITConfig)
    HTS221_IO_Init                           0x0800264b   Thumb Code     8  x_nucleo_iks01a1.o(i.HTS221_IO_Init)
    HTS221_IO_Read                           0x08002653   Thumb Code    28  x_nucleo_iks01a1.o(i.HTS221_IO_Read)
    HTS221_IO_Write                          0x0800266f   Thumb Code    28  x_nucleo_iks01a1.o(i.HTS221_IO_Write)
    Hal_Write_Serial                         0x08002805   Thumb Code    70  stm32_bluenrg_ble.o(i.Hal_Write_Serial)
    HardFault_Handler                        0x08002855   Thumb Code     4  stm32f4xx_it.o(i.HardFault_Handler)
    LSM_HAL_SPI_Init                         0x08002d21   Thumb Code   136  stm32f4xx_hal_spi.o(i.LSM_HAL_SPI_Init)
    LSM_HAL_SPI_MspInit                      0x08002da9   Thumb Code   408  stm32_bluenrg_ble.o(i.LSM_HAL_SPI_MspInit)
    NMI_Handler                              0x08002f59   Thumb Code     2  stm32f4xx_it.o(i.NMI_Handler)
    Osal_MemCpy                              0x08002f95   Thumb Code    20  osal.o(i.Osal_MemCpy)
    Osal_MemSet                              0x08002fa9   Thumb Code    20  osal.o(i.Osal_MemSet)
    Read_Temp_Hum                            0x08002fd5   Thumb Code   118  main.o(i.Read_Temp_Hum)
    SysTick_Handler                          0x0800316d   Thumb Code    18  stm32f4xx_it.o(i.SysTick_Handler)
    SystemClock_Config                       0x08003185   Thumb Code   142  cube_hal_f4.o(i.SystemClock_Config)
    SystemInit                               0x0800321d   Thumb Code    82  system_stm32f4xx.o(i.SystemInit)
    TIM3_IRQHandler                          0x08003281   Thumb Code    10  stm32f4xx_it.o(i.TIM3_IRQHandler)
    Timer_Expired                            0x08003291   Thumb Code    28  gp_timer.o(i.Timer_Expired)
    Timer_Set                                0x080032ad   Thumb Code    16  gp_timer.o(i.Timer_Set)
    User_Process                             0x080032bd   Thumb Code    24  demo_echo.o(i.User_Process)
    __ARM_fpclassify                         0x080032d9   Thumb Code    48  fpclassify.o(i.__ARM_fpclassify)
    __hardfp_pow                             0x08003309   Thumb Code  3072  pow.o(i.__hardfp_pow)
    __kernel_poly                            0x08003f59   Thumb Code   248  poly.o(i.__kernel_poly)
    __mathlib_dbl_divzero                    0x08004051   Thumb Code    28  dunder.o(i.__mathlib_dbl_divzero)
    __mathlib_dbl_infnan2                    0x08004081   Thumb Code    20  dunder.o(i.__mathlib_dbl_infnan2)
    __mathlib_dbl_invalid                    0x08004099   Thumb Code    24  dunder.o(i.__mathlib_dbl_invalid)
    __mathlib_dbl_overflow                   0x080040b9   Thumb Code    24  dunder.o(i.__mathlib_dbl_overflow)
    __mathlib_dbl_underflow                  0x080040d9   Thumb Code    24  dunder.o(i.__mathlib_dbl_underflow)
    aci_gap_init                             0x080040f9   Thumb Code   136  bluenrg_gap_aci.o(i.aci_gap_init)
    aci_gap_set_auth_requirement             0x08004181   Thumb Code   136  bluenrg_gap_aci.o(i.aci_gap_set_auth_requirement)
    aci_gap_set_discoverable                 0x08004209   Thumb Code   268  bluenrg_gap_aci.o(i.aci_gap_set_discoverable)
    aci_gatt_add_char                        0x08004315   Thumb Code   224  bluenrg_gatt_aci.o(i.aci_gatt_add_char)
    aci_gatt_add_serv                        0x080043f5   Thumb Code   160  bluenrg_gatt_aci.o(i.aci_gatt_add_serv)
    aci_gatt_allow_read                      0x08004495   Thumb Code    72  bluenrg_gatt_aci.o(i.aci_gatt_allow_read)
    aci_gatt_init                            0x080044dd   Thumb Code    60  bluenrg_gatt_aci.o(i.aci_gatt_init)
    aci_gatt_update_char_value               0x08004519   Thumb Code   170  bluenrg_gatt_aci.o(i.aci_gatt_update_char_value)
    aci_hal_set_tx_power_level               0x080045c3   Thumb Code    88  bluenrg_hal_aci.o(i.aci_hal_set_tx_power_level)
    aci_hal_write_config_data                0x0800461b   Thumb Code   124  bluenrg_hal_aci.o(i.aci_hal_write_config_data)
    ble_device_on_connect                    0x08004697   Thumb Code     4  demo_echo.o(i.ble_device_on_connect)
    ble_device_on_disconnect                 0x0800469d   Thumb Code     8  demo_echo.o(i.ble_device_on_disconnect)
    ble_device_on_message                    0x080046a9   Thumb Code    34  demo_echo.o(i.ble_device_on_message)
    ble_device_send                          0x080046cd   Thumb Code    88  bluenrg_sdk_api.o(i.ble_device_send)
    ble_device_set_advertising_interval      0x08004731   Thumb Code     6  bluenrg_sdk_api.o(i.ble_device_set_advertising_interval)
    ble_device_set_name                      0x0800473d   Thumb Code    48  bluenrg_sdk_api.o(i.ble_device_set_name)
    ble_device_set_tx_power                  0x08004779   Thumb Code    18  bluenrg_sdk_api.o(i.ble_device_set_tx_power)
    ble_device_start_advertising             0x0800478d   Thumb Code   102  bluenrg_sdk_api.o(i.ble_device_start_advertising)
    ble_init_bluenrg                         0x08004811   Thumb Code   104  bluenrg_sdk_api.o(i.ble_init_bluenrg)
    fabs                                     0x080048cd   Thumb Code    24  fabs.o(i.fabs)
    hci_le_set_scan_resp_data                0x080048e5   Thumb Code   106  hci.o(i.hci_le_set_scan_resp_data)
    hci_send_cmd                             0x0800494f   Thumb Code    60  hci.o(i.hci_send_cmd)
    hci_send_req                             0x0800498d   Thumb Code   428  hci.o(i.hci_send_req)
    hci_write                                0x08004b45   Thumb Code    28  hci.o(i.hci_write)
    list_init_head                           0x08004b79   Thumb Code     6  list.o(i.list_init_head)
    list_insert_head                         0x08004b7f   Thumb Code    14  list.o(i.list_insert_head)
    list_insert_tail                         0x08004b8d   Thumb Code    14  list.o(i.list_insert_tail)
    list_is_empty                            0x08004b9b   Thumb Code    16  list.o(i.list_is_empty)
    list_remove_head                         0x08004bab   Thumb Code    28  list.o(i.list_remove_head)
    list_remove_node                         0x08004bc7   Thumb Code    14  list.o(i.list_remove_node)
    main                                     0x08004bd5   Thumb Code    76  main.o(i.main)
    set_irq_as_input                         0x08004c5d   Thumb Code    48  stm32_bluenrg_ble.o(i.set_irq_as_input)
    set_irq_as_output                        0x08004c95   Thumb Code    42  stm32_bluenrg_ble.o(i.set_irq_as_output)
    sqrt                                     0x08004cc5   Thumb Code   110  sqrt.o(i.sqrt)
    user_send_message                        0x08004d4f   Thumb Code    18  demo_echo.o(i.user_send_message)
    __aeabi_dneg                             0x08004d61   Thumb Code     0  basic.o(x$fpl$basic)
    _dneg                                    0x08004d61   Thumb Code     6  basic.o(x$fpl$basic)
    __aeabi_fneg                             0x08004d67   Thumb Code     0  basic.o(x$fpl$basic)
    _fneg                                    0x08004d67   Thumb Code     6  basic.o(x$fpl$basic)
    _dabs                                    0x08004d6d   Thumb Code     6  basic.o(x$fpl$basic)
    _fabs                                    0x08004d73   Thumb Code     6  basic.o(x$fpl$basic)
    __aeabi_d2f                              0x08004d79   Thumb Code     0  d2f.o(x$fpl$d2f)
    _d2f                                     0x08004d79   Thumb Code    98  d2f.o(x$fpl$d2f)
    __aeabi_dadd                             0x08004ddd   Thumb Code     0  daddsub_clz.o(x$fpl$dadd)
    _dadd                                    0x08004ddd   Thumb Code   332  daddsub_clz.o(x$fpl$dadd)
    __fpl_dcheck_NaN1                        0x08004f2d   Thumb Code    10  dcheck1.o(x$fpl$dcheck1)
    __fpl_dcmp_Inf                           0x08004f3d   Thumb Code    24  dcmpi.o(x$fpl$dcmpinf)
    __aeabi_ddiv                             0x08004f55   Thumb Code     0  ddiv.o(x$fpl$ddiv)
    _ddiv                                    0x08004f55   Thumb Code   552  ddiv.o(x$fpl$ddiv)
    __aeabi_d2iz                             0x08005205   Thumb Code     0  dfix.o(x$fpl$dfix)
    _dfix                                    0x08005205   Thumb Code    94  dfix.o(x$fpl$dfix)
    __aeabi_d2uiz                            0x08005265   Thumb Code     0  dfixu.o(x$fpl$dfixu)
    _dfixu                                   0x08005265   Thumb Code    90  dfixu.o(x$fpl$dfixu)
    __aeabi_i2d                              0x080052bf   Thumb Code     0  dflt_clz.o(x$fpl$dflt)
    _dflt                                    0x080052bf   Thumb Code    46  dflt_clz.o(x$fpl$dflt)
    __aeabi_cdcmple                          0x080052ed   Thumb Code     0  dleqf.o(x$fpl$dleqf)
    _dcmple                                  0x080052ed   Thumb Code   120  dleqf.o(x$fpl$dleqf)
    __fpl_dcmple_InfNaN                      0x0800534f   Thumb Code     0  dleqf.o(x$fpl$dleqf)
    __aeabi_dmul                             0x08005365   Thumb Code     0  dmul.o(x$fpl$dmul)
    _dmul                                    0x08005365   Thumb Code   332  dmul.o(x$fpl$dmul)
    __fpl_dnaninf                            0x080054b9   Thumb Code   156  dnaninf.o(x$fpl$dnaninf)
    __fpl_dretinf                            0x08005555   Thumb Code    12  dretinf.o(x$fpl$dretinf)
    __aeabi_cdrcmple                         0x08005561   Thumb Code     0  drleqf.o(x$fpl$drleqf)
    _drcmple                                 0x08005561   Thumb Code   108  drleqf.o(x$fpl$drleqf)
    __aeabi_drsub                            0x080055cd   Thumb Code     0  daddsub_clz.o(x$fpl$drsb)
    _drsb                                    0x080055cd   Thumb Code    22  daddsub_clz.o(x$fpl$drsb)
    _dsqrt                                   0x080055e5   Thumb Code   404  dsqrt_umaal.o(x$fpl$dsqrt)
    __aeabi_dsub                             0x0800577d   Thumb Code     0  daddsub_clz.o(x$fpl$dsub)
    _dsub                                    0x0800577d   Thumb Code   464  daddsub_clz.o(x$fpl$dsub)
    __aeabi_f2d                              0x08005951   Thumb Code     0  f2d.o(x$fpl$f2d)
    _f2d                                     0x08005951   Thumb Code    86  f2d.o(x$fpl$f2d)
    __fpl_fnaninf                            0x080059a7   Thumb Code   140  fnaninf.o(x$fpl$fnaninf)
    _fp_init                                 0x08005a33   Thumb Code    10  fpinit.o(x$fpl$fpinit)
    __fplib_config_fpu_vfp                   0x08005a3b   Thumb Code     0  fpinit.o(x$fpl$fpinit)
    __fplib_config_pureend_doubles           0x08005a3b   Thumb Code     0  fpinit.o(x$fpl$fpinit)
    __fpl_fretinf                            0x08005a3d   Thumb Code    10  fretinf.o(x$fpl$fretinf)
    __fpl_return_NaN                         0x08005a47   Thumb Code   100  retnan.o(x$fpl$retnan)
    __ARM_scalbn                             0x08005aab   Thumb Code    92  scalbn.o(x$fpl$scalbn)
    __fpl_cmpreturn                          0x08005b07   Thumb Code    48  trapv.o(x$fpl$trapveneer)
    __I$use$fp                               0x08005b36   Number         0  usenofp.o(x$fpl$usenofp)
    CLOCK_SECOND                             0x08005b38   Data           4  clock.o(.constdata)
    GPIO_PIN                                 0x08005b3c   Data           2  stm32f4xx_nucleo.o(.constdata)
    BUTTON_PIN                               0x08005b3e   Data           2  stm32f4xx_nucleo.o(.constdata)
    BUTTON_IRQn                              0x08005b40   Data           1  stm32f4xx_nucleo.o(.constdata)
    APBAHBPrescTable                         0x08005b41   Data          16  stm32f4xx_hal_rcc.o(.constdata)
    __mathlib_zero                           0x08005be0   Data           8  qnan.o(.constdata)
    Region$$Table$$Base                      0x08005be8   Number         0  anon$$obj.o(Region$$Table)
    Region$$Table$$Limit                     0x08005c08   Number         0  anon$$obj.o(Region$$Table)
    uwPrescalerValue                         0x20000000   Data           4  main.o(.data)
    test_status                              0x20000010   Data           1  main.o(.data)
    ms_counter                               0x2000001c   Data           4  stm32f4xx_it.o(.data)
    hciReadPktPool                           0x20000020   Data           8  hci.o(.data)
    hciReadPktRxQueue                        0x20000028   Data           8  hci.o(.data)
    m_adv_params                             0x20000034   Data           6  bluenrg_sdk_api.o(.data)
    Ble_conn_state                           0x2000003a   Data           1  bluenrg_sdk_api.o(.data)
    BLueNrgServHandle                        0x20000040   Data           2  bluenrg_sdk_api.o(.data)
    WriteCharHandle                          0x20000042   Data           2  bluenrg_sdk_api.o(.data)
    WriteCmdCharHandle                       0x20000044   Data           2  bluenrg_sdk_api.o(.data)
    ReadNotifyCharHandle                     0x20000046   Data           2  bluenrg_sdk_api.o(.data)
    NotifyCharHandle                         0x20000048   Data           2  bluenrg_sdk_api.o(.data)
    service_handle                           0x2000004a   Data           2  bluenrg_sdk_api.o(.data)
    dev_name_char_handle                     0x2000004c   Data           2  bluenrg_sdk_api.o(.data)
    appearance_char_handle                   0x2000004e   Data           2  bluenrg_sdk_api.o(.data)
    LocalName                                0x20000050   Data          20  bluenrg_sdk_api.o(.data)
    Hts221Drv                                0x20000068   Data          48  hts221.o(.data)
    Hts221Drv_ext                            0x20000098   Data           8  hts221.o(.data)
    T0_degC                                  0x200000a0   Data           4  hts221.o(.data)
    T1_degC                                  0x200000a4   Data           4  hts221.o(.data)
    T0_out                                   0x200000a8   Data           2  hts221.o(.data)
    T1_out                                   0x200000aa   Data           2  hts221.o(.data)
    H0_rh                                    0x200000ac   Data           4  hts221.o(.data)
    H1_rh                                    0x200000b0   Data           4  hts221.o(.data)
    H0_T0_out                                0x200000b4   Data           2  hts221.o(.data)
    H1_T0_out                                0x200000b6   Data           2  hts221.o(.data)
    GPIO_PORT                                0x200000b8   Data           4  stm32f4xx_nucleo.o(.data)
    BUTTON_PORT                              0x200000bc   Data           4  stm32f4xx_nucleo.o(.data)
    SpixTimeout                              0x200000c0   Data           4  stm32f4xx_nucleo.o(.data)
    I2C_EXPBD_Timeout                        0x200000c4   Data           4  x_nucleo_iks01a1.o(.data)
    SystemCoreClock                          0x200000d0   Data           4  system_stm32f4xx.o(.data)
    AHBPrescTable                            0x200000d4   Data          16  system_stm32f4xx.o(.data)
    TimHandle                                0x200000e8   Data          60  main.o(.bss)
    AdvName                                  0x200003e0   Data          20  bluenrg_sdk_api.o(.bss)
    SpiHandle                                0x200003f4   Data          88  stm32_bluenrg_ble.o(.bss)
    __libspace_start                         0x20000488   Data          96  libspace.o(.bss)
    __temporary_stack_top$libspace           0x200004e8   Data           0  libspace.o(.bss)



==============================================================================

Memory Map of the image

  Image Entry point : 0x08000195

  Load Region LR_IROM1 (Base: 0x08000000, Size: 0x00005cf0, Max: 0x00080000, ABSOLUTE)

    Execution Region ER_IROM1 (Base: 0x08000000, Size: 0x00005c08, Max: 0x00080000, ABSOLUTE)

    Base Addr    Size         Type   Attr      Idx    E Section Name        Object

    0x08000000   0x00000194   Data   RO         6426    RESET               startup_stm32f401xe.o
    0x08000194   0x00000008   Code   RO         6445  * !!!main             c_w.l(__main.o)
    0x0800019c   0x00000034   Code   RO         6721    !!!scatter          c_w.l(__scatter.o)
    0x080001d0   0x0000001a   Code   RO         6723    !!handler_copy      c_w.l(__scatter_copy.o)
    0x080001ea   0x00000002   PAD
    0x080001ec   0x0000001c   Code   RO         6725    !!handler_zi        c_w.l(__scatter_zi.o)
    0x08000208   0x00000002   Code   RO         6588    .ARM.Collect$$libinit$$00000000  c_w.l(libinit.o)
    0x0800020a   0x00000004   Code   RO         6595    .ARM.Collect$$libinit$$00000001  c_w.l(libinit2.o)
    0x0800020e   0x00000000   Code   RO         6598    .ARM.Collect$$libinit$$00000004  c_w.l(libinit2.o)
    0x0800020e   0x00000000   Code   RO         6601    .ARM.Collect$$libinit$$0000000A  c_w.l(libinit2.o)
    0x0800020e   0x00000000   Code   RO         6603    .ARM.Collect$$libinit$$0000000C  c_w.l(libinit2.o)
    0x0800020e   0x00000000   Code   RO         6605    .ARM.Collect$$libinit$$0000000E  c_w.l(libinit2.o)
    0x0800020e   0x00000000   Code   RO         6608    .ARM.Collect$$libinit$$00000011  c_w.l(libinit2.o)
    0x0800020e   0x00000000   Code   RO         6610    .ARM.Collect$$libinit$$00000013  c_w.l(libinit2.o)
    0x0800020e   0x00000000   Code   RO         6612    .ARM.Collect$$libinit$$00000015  c_w.l(libinit2.o)
    0x0800020e   0x00000000   Code   RO         6614    .ARM.Collect$$libinit$$00000017  c_w.l(libinit2.o)
    0x0800020e   0x00000000   Code   RO         6616    .ARM.Collect$$libinit$$00000019  c_w.l(libinit2.o)
    0x0800020e   0x00000000   Code   RO         6618    .ARM.Collect$$libinit$$0000001B  c_w.l(libinit2.o)
    0x0800020e   0x00000000   Code   RO         6620    .ARM.Collect$$libinit$$0000001D  c_w.l(libinit2.o)
    0x0800020e   0x00000000   Code   RO         6622    .ARM.Collect$$libinit$$0000001F  c_w.l(libinit2.o)
    0x0800020e   0x00000000   Code   RO         6624    .ARM.Collect$$libinit$$00000021  c_w.l(libinit2.o)
    0x0800020e   0x00000000   Code   RO         6626    .ARM.Collect$$libinit$$00000023  c_w.l(libinit2.o)
    0x0800020e   0x00000000   Code   RO         6628    .ARM.Collect$$libinit$$00000025  c_w.l(libinit2.o)
    0x0800020e   0x00000000   Code   RO         6632    .ARM.Collect$$libinit$$0000002C  c_w.l(libinit2.o)
    0x0800020e   0x00000000   Code   RO         6634    .ARM.Collect$$libinit$$0000002E  c_w.l(libinit2.o)
    0x0800020e   0x00000000   Code   RO         6636    .ARM.Collect$$libinit$$00000030  c_w.l(libinit2.o)
    0x0800020e   0x00000000   Code   RO         6638    .ARM.Collect$$libinit$$00000032  c_w.l(libinit2.o)
    0x0800020e   0x00000002   Code   RO         6639    .ARM.Collect$$libinit$$00000033  c_w.l(libinit2.o)
    0x08000210   0x00000002   Code   RO         6661    .ARM.Collect$$libshutdown$$00000000  c_w.l(libshutdown.o)
    0x08000212   0x00000000   Code   RO         6674    .ARM.Collect$$libshutdown$$00000002  c_w.l(libshutdown2.o)
    0x08000212   0x00000000   Code   RO         6676    .ARM.Collect$$libshutdown$$00000004  c_w.l(libshutdown2.o)
    0x08000212   0x00000000   Code   RO         6679    .ARM.Collect$$libshutdown$$00000007  c_w.l(libshutdown2.o)
    0x08000212   0x00000000   Code   RO         6682    .ARM.Collect$$libshutdown$$0000000A  c_w.l(libshutdown2.o)
    0x08000212   0x00000000   Code   RO         6684    .ARM.Collect$$libshutdown$$0000000C  c_w.l(libshutdown2.o)
    0x08000212   0x00000000   Code   RO         6687    .ARM.Collect$$libshutdown$$0000000F  c_w.l(libshutdown2.o)
    0x08000212   0x00000002   Code   RO         6688    .ARM.Collect$$libshutdown$$00000010  c_w.l(libshutdown2.o)
    0x08000214   0x00000000   Code   RO         6479    .ARM.Collect$$rtentry$$00000000  c_w.l(__rtentry.o)
    0x08000214   0x00000000   Code   RO         6551    .ARM.Collect$$rtentry$$00000002  c_w.l(__rtentry2.o)
    0x08000214   0x00000006   Code   RO         6563    .ARM.Collect$$rtentry$$00000004  c_w.l(__rtentry4.o)
    0x0800021a   0x00000000   Code   RO         6553    .ARM.Collect$$rtentry$$00000009  c_w.l(__rtentry2.o)
    0x0800021a   0x00000004   Code   RO         6554    .ARM.Collect$$rtentry$$0000000A  c_w.l(__rtentry2.o)
    0x0800021e   0x00000000   Code   RO         6556    .ARM.Collect$$rtentry$$0000000C  c_w.l(__rtentry2.o)
    0x0800021e   0x00000008   Code   RO         6557    .ARM.Collect$$rtentry$$0000000D  c_w.l(__rtentry2.o)
    0x08000226   0x00000002   Code   RO         6593    .ARM.Collect$$rtexit$$00000000  c_w.l(rtexit.o)
    0x08000228   0x00000000   Code   RO         6643    .ARM.Collect$$rtexit$$00000002  c_w.l(rtexit2.o)
    0x08000228   0x00000004   Code   RO         6644    .ARM.Collect$$rtexit$$00000003  c_w.l(rtexit2.o)
    0x0800022c   0x00000006   Code   RO         6645    .ARM.Collect$$rtexit$$00000004  c_w.l(rtexit2.o)
    0x08000232   0x00000002   PAD
    0x08000234   0x00000040   Code   RO         6427    .text               startup_stm32f401xe.o
    0x08000274   0x0000003e   Code   RO         6433    .text               c_w.l(strlen.o)
    0x080002b2   0x0000008a   Code   RO         6435    .text               c_w.l(rt_memcpy_v6.o)
    0x0800033c   0x00000008   Code   RO         6437    .text               c_w.l(memcpy.o)
    0x08000344   0x00000016   Code   RO         6439    .text               c_w.l(memset.o)
    0x0800035a   0x0000004e   Code   RO         6441    .text               c_w.l(rt_memclr_w.o)
    0x080003a8   0x00000006   Code   RO         6443    .text               c_w.l(heapauxi.o)
    0x080003ae   0x00000016   Code   RO         6480    .text               c_w.l(_rserrno.o)
    0x080003c4   0x00000064   Code   RO         6482    .text               c_w.l(rt_memcpy_w.o)
    0x08000428   0x00000044   Code   RO         6484    .text               c_w.l(rt_memclr.o)
    0x0800046c   0x00000008   Code   RO         6568    .text               c_w.l(rt_errno_addr_intlibspace.o)
    0x08000474   0x00000008   Code   RO         6576    .text               c_w.l(libspace.o)
    0x0800047c   0x0000004a   Code   RO         6579    .text               c_w.l(sys_stackheap_outer.o)
    0x080004c6   0x00000012   Code   RO         6581    .text               c_w.l(exit.o)
    0x080004d8   0x0000000c   Code   RO         6653    .text               c_w.l(sys_exit.o)
    0x080004e4   0x00000002   Code   RO         6664    .text               c_w.l(use_no_semi.o)
    0x080004e6   0x00000000   Code   RO         6666    .text               c_w.l(indicate_semi.o)
    0x080004e6   0x00000002   PAD
    0x080004e8   0x00000170   Code   RO         1504    i.Add_Service       bluenrg_sdk_api.o
    0x08000658   0x0000001a   Code   RO         1505    i.Advertise_Address  bluenrg_sdk_api.o
    0x08000672   0x00000002   PAD
    0x08000674   0x00000040   Code   RO         2351    i.BNRG_SPI_Init     stm32_bluenrg_ble.o
    0x080006b4   0x00000020   Code   RO         2726    i.BSP_HUM_TEMP_GetHumidity  x_nucleo_iks01a1_hum_temp.o
    0x080006d4   0x00000020   Code   RO         2727    i.BSP_HUM_TEMP_GetTemperature  x_nucleo_iks01a1_hum_temp.o
    0x080006f4   0x00000094   Code   RO         2728    i.BSP_HUM_TEMP_Init  x_nucleo_iks01a1_hum_temp.o
    0x08000788   0x0000000c   Code   RO         2732    i.BSP_HUM_TEMP_isInitialized  x_nucleo_iks01a1_hum_temp.o
    0x08000794   0x00000068   Code   RO         2174    i.BSP_LED_Init      stm32f4xx_nucleo.o
    0x080007fc   0x00000020   Code   RO         2175    i.BSP_LED_Off       stm32f4xx_nucleo.o
    0x0800081c   0x00000020   Code   RO         2176    i.BSP_LED_On        stm32f4xx_nucleo.o
    0x0800083c   0x00000018   Code   RO         2352    i.BlueNRG_DataPresent  stm32_bluenrg_ble.o
    0x08000854   0x00000028   Code   RO         2354    i.BlueNRG_RST       stm32_bluenrg_ble.o
    0x0800087c   0x000000a8   Code   RO         2355    i.BlueNRG_SPI_Read_All  stm32_bluenrg_ble.o
    0x08000924   0x000000c4   Code   RO         2356    i.BlueNRG_SPI_Write  stm32_bluenrg_ble.o
    0x080009e8   0x0000000c   Code   RO         2357    i.Clear_SPI_EXTI_Flag  stm32_bluenrg_ble.o
    0x080009f4   0x00000008   Code   RO          400    i.Clock_Time        clock.o
    0x080009fc   0x00000002   Code   RO          334    i.DebugMon_Handler  stm32f4xx_it.o
    0x080009fe   0x0000000a   Code   RO         2359    i.Disable_SPI_IRQ   stm32_bluenrg_ble.o
    0x08000a08   0x0000000a   Code   RO          335    i.EXTI4_IRQHandler  stm32f4xx_it.o
    0x08000a12   0x0000000a   Code   RO         2360    i.Enable_SPI_IRQ    stm32_bluenrg_ble.o
    0x08000a1c   0x0000001a   Code   RO         3129    i.HAL_Delay         stm32f4xx_hal.o
    0x08000a36   0x0000000a   Code   RO         1475    i.HAL_GPIO_EXTI_Callback  bluenrg_interface.o
    0x08000a40   0x0000001c   Code   RO         4068    i.HAL_GPIO_EXTI_IRQHandler  stm32f4xx_hal_gpio.o
    0x08000a5c   0x000001d0   Code   RO         4069    i.HAL_GPIO_Init     stm32f4xx_hal_gpio.o
    0x08000c2c   0x00000010   Code   RO         4071    i.HAL_GPIO_ReadPin  stm32f4xx_hal_gpio.o
    0x08000c3c   0x0000000c   Code   RO         4073    i.HAL_GPIO_WritePin  stm32f4xx_hal_gpio.o
    0x08000c48   0x0000000c   Code   RO         3135    i.HAL_GetTick       stm32f4xx_hal.o
    0x08000c54   0x00000036   Code   RO         4136    i.HAL_I2C_DeInit    stm32f4xx_hal_i2c.o
    0x08000c8a   0x00000008   Code   RO         4141    i.HAL_I2C_GetState  stm32f4xx_hal_i2c.o
    0x08000c92   0x00000002   PAD
    0x08000c94   0x00000120   Code   RO         4142    i.HAL_I2C_Init      stm32f4xx_hal_i2c.o
    0x08000db4   0x00000238   Code   RO         4154    i.HAL_I2C_Mem_Read  stm32f4xx_hal_i2c.o
    0x08000fec   0x00000110   Code   RO         4157    i.HAL_I2C_Mem_Write  stm32f4xx_hal_i2c.o
    0x080010fc   0x00000002   Code   RO         4160    i.HAL_I2C_MspDeInit  stm32f4xx_hal_i2c.o
    0x080010fe   0x00000002   Code   RO         4161    i.HAL_I2C_MspInit   stm32f4xx_hal_i2c.o
    0x08001100   0x00000010   Code   RO         3136    i.HAL_IncTick       stm32f4xx_hal.o
    0x08001110   0x0000003c   Code   RO         3137    i.HAL_Init          stm32f4xx_hal.o
    0x0800114c   0x00000024   Code   RO         3138    i.HAL_InitTick      stm32f4xx_hal.o
    0x08001170   0x00000002   Code   RO         3140    i.HAL_MspInit       stm32f4xx_hal.o
    0x08001172   0x00000002   PAD
    0x08001174   0x0000001c   Code   RO         3556    i.HAL_NVIC_DisableIRQ  stm32f4xx_hal_cortex.o
    0x08001190   0x0000001a   Code   RO         3557    i.HAL_NVIC_EnableIRQ  stm32f4xx_hal_cortex.o
    0x080011aa   0x0000007c   Code   RO         3563    i.HAL_NVIC_SetPriority  stm32f4xx_hal_cortex.o
    0x08001226   0x00000002   PAD
    0x08001228   0x00000028   Code   RO         3564    i.HAL_NVIC_SetPriorityGrouping  stm32f4xx_hal_cortex.o
    0x08001250   0x000002b0   Code   RO         4517    i.HAL_RCC_ClockConfig  stm32f4xx_hal_rcc.o
    0x08001500   0x00000038   Code   RO         4522    i.HAL_RCC_GetHCLKFreq  stm32f4xx_hal_rcc.o
    0x08001538   0x0000002c   Code   RO         4524    i.HAL_RCC_GetPCLK1Freq  stm32f4xx_hal_rcc.o
    0x08001564   0x000000b4   Code   RO         4526    i.HAL_RCC_GetSysClockFreq  stm32f4xx_hal_rcc.o
    0x08001618   0x00000404   Code   RO         4529    i.HAL_RCC_OscConfig  stm32f4xx_hal_rcc.o
    0x08001a1c   0x00000352   Code   RO         5050    i.HAL_SPI_TransmitReceive  stm32f4xx_hal_spi.o
    0x08001d6e   0x00000034   Code   RO         3568    i.HAL_SYSTICK_Config  stm32f4xx_hal_cortex.o
    0x08001da2   0x00000002   Code   RO         6184    i.HAL_TIMEx_BreakCallback  stm32f4xx_hal_tim_ex.o
    0x08001da4   0x00000002   Code   RO         6185    i.HAL_TIMEx_CommutationCallback  stm32f4xx_hal_tim_ex.o
    0x08001da6   0x00000002   Code   RO         5570    i.HAL_TIM_IC_CaptureCallback  stm32f4xx_hal_tim.o
    0x08001da8   0x00000196   Code   RO         5583    i.HAL_TIM_IRQHandler  stm32f4xx_hal_tim.o
    0x08001f3e   0x00000002   Code   RO         5586    i.HAL_TIM_OC_DelayElapsedCallback  stm32f4xx_hal_tim.o
    0x08001f40   0x00000002   Code   RO         5613    i.HAL_TIM_PWM_PulseFinishedCallback  stm32f4xx_hal_tim.o
    0x08001f42   0x00000002   Code   RO         5620    i.HAL_TIM_PeriodElapsedCallback  stm32f4xx_hal_tim.o
    0x08001f44   0x00000002   Code   RO         5624    i.HAL_TIM_TriggerCallback  stm32f4xx_hal_tim.o
    0x08001f46   0x00000002   PAD
    0x08001f48   0x0000009c   Code   RO         1506    i.HCI_Event_CB      bluenrg_sdk_api.o
    0x08001fe4   0x0000003c   Code   RO         1032    i.HCI_Init          hci.o
    0x08002020   0x00000088   Code   RO         1033    i.HCI_Isr           hci.o
    0x080020a8   0x00000084   Code   RO         1034    i.HCI_Process       hci.o
    0x0800212c   0x00000010   Code   RO         1035    i.HCI_Queue_Empty   hci.o
    0x0800213c   0x00000024   Code   RO         1036    i.HCI_verify        hci.o
    0x08002160   0x000001a8   Code   RO         1669    i.HTS221_Calibration  hts221.o
    0x08002308   0x000001bc   Code   RO         1670    i.HTS221_GetHumidity  hts221.o
    0x080024c4   0x00000184   Code   RO         1671    i.HTS221_GetTemperature  hts221.o
    0x08002648   0x00000002   Code   RO         2472    i.HTS221_IO_ITConfig  x_nucleo_iks01a1.o
    0x0800264a   0x00000008   Code   RO         2473    i.HTS221_IO_Init    x_nucleo_iks01a1.o
    0x08002652   0x0000001c   Code   RO         2474    i.HTS221_IO_Read    x_nucleo_iks01a1.o
    0x0800266e   0x0000001c   Code   RO         2475    i.HTS221_IO_Write   x_nucleo_iks01a1.o
    0x0800268a   0x00000066   Code   RO         1672    i.HTS221_Init       hts221.o
    0x080026f0   0x00000034   Code   RO         1673    i.HTS221_Power_OFF  hts221.o
    0x08002724   0x00000034   Code   RO         1674    i.HTS221_Power_On   hts221.o
    0x08002758   0x00000018   Code   RO         1675    i.HTS221_ReadID     hts221.o
    0x08002770   0x00000034   Code   RO         1676    i.HTS221_RebootCmd  hts221.o
    0x080027a4   0x00000010   Code   RO         2476    i.HUM_TEMP_IO_Init  x_nucleo_iks01a1.o
    0x080027b4   0x00000028   Code   RO         2477    i.HUM_TEMP_IO_Read  x_nucleo_iks01a1.o
    0x080027dc   0x00000028   Code   RO         2478    i.HUM_TEMP_IO_Write  x_nucleo_iks01a1.o
    0x08002804   0x00000050   Code   RO         2361    i.Hal_Write_Serial  stm32_bluenrg_ble.o
    0x08002854   0x00000004   Code   RO          336    i.HardFault_Handler  stm32f4xx_it.o
    0x08002858   0x0000001c   Code   RO         2479    i.I2C_EXPBD_Error   x_nucleo_iks01a1.o
    0x08002874   0x00000044   Code   RO         2480    i.I2C_EXPBD_Init    x_nucleo_iks01a1.o
    0x080028b8   0x000000a4   Code   RO         2481    i.I2C_EXPBD_MspInit  x_nucleo_iks01a1.o
    0x0800295c   0x0000003c   Code   RO         2482    i.I2C_EXPBD_ReadData  x_nucleo_iks01a1.o
    0x08002998   0x0000003c   Code   RO         2483    i.I2C_EXPBD_WriteData  x_nucleo_iks01a1.o
    0x080029d4   0x00000114   Code   RO         4183    i.I2C_RequestMemoryRead  stm32f4xx_hal_i2c.o
    0x08002ae8   0x000000b0   Code   RO         4184    i.I2C_RequestMemoryWrite  stm32f4xx_hal_i2c.o
    0x08002b98   0x000000de   Code   RO         4192    i.I2C_WaitOnFlagUntilTimeout  stm32f4xx_hal_i2c.o
    0x08002c76   0x000000aa   Code   RO         4193    i.I2C_WaitOnMasterAddressFlagUntilTimeout  stm32f4xx_hal_i2c.o
    0x08002d20   0x00000088   Code   RO         5059    i.LSM_HAL_SPI_Init  stm32f4xx_hal_spi.o
    0x08002da8   0x000001b0   Code   RO         2362    i.LSM_HAL_SPI_MspInit  stm32_bluenrg_ble.o
    0x08002f58   0x00000002   Code   RO          337    i.NMI_Handler       stm32f4xx_it.o
    0x08002f5a   0x00000002   PAD
    0x08002f5c   0x00000010   Code   RO         3570    i.NVIC_GetPriorityGrouping  stm32f4xx_hal_cortex.o
    0x08002f6c   0x00000028   Code   RO         3571    i.NVIC_SetPriority  stm32f4xx_hal_cortex.o
    0x08002f94   0x00000014   Code   RO         1442    i.Osal_MemCpy       osal.o
    0x08002fa8   0x00000014   Code   RO         1443    i.Osal_MemSet       osal.o
    0x08002fbc   0x00000018   Code   RO         1507    i.Read_Request_CB   bluenrg_sdk_api.o
    0x08002fd4   0x00000084   Code   RO          268    i.Read_Temp_Hum     main.o
    0x08003058   0x00000114   Code   RO         5074    i.SPI_WaitOnFlagUntilTimeout  stm32f4xx_hal_spi.o
    0x0800316c   0x00000018   Code   RO          338    i.SysTick_Handler   stm32f4xx_it.o
    0x08003184   0x00000098   Code   RO            4    i.SystemClock_Config  cube_hal_f4.o
    0x0800321c   0x00000064   Code   RO         3083    i.SystemInit        system_stm32f4xx.o
    0x08003280   0x00000010   Code   RO          339    i.TIM3_IRQHandler   stm32f4xx_it.o
    0x08003290   0x0000001c   Code   RO         1328    i.Timer_Expired     gp_timer.o
    0x080032ac   0x00000010   Code   RO         1332    i.Timer_Set         gp_timer.o
    0x080032bc   0x0000001c   Code   RO         1616    i.User_Process      demo_echo.o
    0x080032d8   0x00000030   Code   RO         6533    i.__ARM_fpclassify  m_wm.l(fpclassify.o)
    0x08003308   0x00000c50   Code   RO         6465    i.__hardfp_pow      m_wm.l(pow.o)
    0x08003f58   0x000000f8   Code   RO         6535    i.__kernel_poly     m_wm.l(poly.o)
    0x08004050   0x00000030   Code   RO         6513    i.__mathlib_dbl_divzero  m_wm.l(dunder.o)
    0x08004080   0x00000014   Code   RO         6515    i.__mathlib_dbl_infnan2  m_wm.l(dunder.o)
    0x08004094   0x00000004   PAD
    0x08004098   0x00000020   Code   RO         6516    i.__mathlib_dbl_invalid  m_wm.l(dunder.o)
    0x080040b8   0x00000020   Code   RO         6517    i.__mathlib_dbl_overflow  m_wm.l(dunder.o)
    0x080040d8   0x00000020   Code   RO         6519    i.__mathlib_dbl_underflow  m_wm.l(dunder.o)
    0x080040f8   0x00000088   Code   RO          453    i.aci_gap_init      bluenrg_gap_aci.o
    0x08004180   0x00000088   Code   RO          458    i.aci_gap_set_auth_requirement  bluenrg_gap_aci.o
    0x08004208   0x0000010c   Code   RO          462    i.aci_gap_set_discoverable  bluenrg_gap_aci.o
    0x08004314   0x000000e0   Code   RO          711    i.aci_gatt_add_char  bluenrg_gatt_aci.o
    0x080043f4   0x000000a0   Code   RO          713    i.aci_gatt_add_serv  bluenrg_gatt_aci.o
    0x08004494   0x00000048   Code   RO          714    i.aci_gatt_allow_read  bluenrg_gatt_aci.o
    0x080044dc   0x0000003c   Code   RO          727    i.aci_gatt_init     bluenrg_gatt_aci.o
    0x08004518   0x000000aa   Code   RO          740    i.aci_gatt_update_char_value  bluenrg_gatt_aci.o
    0x080045c2   0x00000058   Code   RO          973    i.aci_hal_set_tx_power_level  bluenrg_hal_aci.o
    0x0800461a   0x0000007c   Code   RO          976    i.aci_hal_write_config_data  bluenrg_hal_aci.o
    0x08004696   0x00000004   Code   RO         1617    i.ble_device_on_connect  demo_echo.o
    0x0800469a   0x00000002   PAD
    0x0800469c   0x0000000c   Code   RO         1618    i.ble_device_on_disconnect  demo_echo.o
    0x080046a8   0x00000022   Code   RO         1619    i.ble_device_on_message  demo_echo.o
    0x080046ca   0x00000002   PAD
    0x080046cc   0x00000064   Code   RO         1511    i.ble_device_send   bluenrg_sdk_api.o
    0x08004730   0x0000000c   Code   RO         1512    i.ble_device_set_advertising_interval  bluenrg_sdk_api.o
    0x0800473c   0x0000003c   Code   RO         1513    i.ble_device_set_name  bluenrg_sdk_api.o
    0x08004778   0x00000012   Code   RO         1514    i.ble_device_set_tx_power  bluenrg_sdk_api.o
    0x0800478a   0x00000002   PAD
    0x0800478c   0x00000084   Code   RO         1515    i.ble_device_start_advertising  bluenrg_sdk_api.o
    0x08004810   0x00000084   Code   RO         1517    i.ble_init_bluenrg  bluenrg_sdk_api.o
    0x08004894   0x0000002c   Code   RO          269    i.ble_start_adv     main.o
    0x080048c0   0x0000000c   Code   RO         1519    i.connection_information  bluenrg_sdk_api.o
    0x080048cc   0x00000018   Code   RO         6529    i.fabs              m_wm.l(fabs.o)
    0x080048e4   0x0000006a   Code   RO         1060    i.hci_le_set_scan_resp_data  hci.o
    0x0800494e   0x0000003c   Code   RO         1067    i.hci_send_cmd      hci.o
    0x0800498a   0x00000002   PAD
    0x0800498c   0x000001b8   Code   RO         1068    i.hci_send_req      hci.o
    0x08004b44   0x0000001c   Code   RO         1070    i.hci_write         hci.o
    0x08004b60   0x00000018   Code   RO          270    i.hum_temp          main.o
    0x08004b78   0x00000006   Code   RO         1367    i.list_init_head    list.o
    0x08004b7e   0x0000000e   Code   RO         1368    i.list_insert_head  list.o
    0x08004b8c   0x0000000e   Code   RO         1371    i.list_insert_tail  list.o
    0x08004b9a   0x00000010   Code   RO         1372    i.list_is_empty     list.o
    0x08004baa   0x0000001c   Code   RO         1373    i.list_remove_head  list.o
    0x08004bc6   0x0000000e   Code   RO         1374    i.list_remove_node  list.o
    0x08004bd4   0x00000064   Code   RO          271    i.main              main.o
    0x08004c38   0x00000024   Code   RO         1071    i.move_list         hci.o
    0x08004c5c   0x00000038   Code   RO         2364    i.set_irq_as_input  stm32_bluenrg_ble.o
    0x08004c94   0x00000030   Code   RO         2365    i.set_irq_as_output  stm32_bluenrg_ble.o
    0x08004cc4   0x0000006e   Code   RO         6540    i.sqrt              m_wm.l(sqrt.o)
    0x08004d32   0x0000001c   Code   RO         2366    i.us150Delay        stm32_bluenrg_ble.o
    0x08004d4e   0x00000012   Code   RO         1620    i.user_send_message  demo_echo.o
    0x08004d60   0x00000018   Code   RO         6486    x$fpl$basic         fz_wm.l(basic.o)
    0x08004d78   0x00000062   Code   RO         6447    x$fpl$d2f           fz_wm.l(d2f.o)
    0x08004dda   0x00000002   PAD
    0x08004ddc   0x00000150   Code   RO         6488    x$fpl$dadd          fz_wm.l(daddsub_clz.o)
    0x08004f2c   0x00000010   Code   RO         6570    x$fpl$dcheck1       fz_wm.l(dcheck1.o)
    0x08004f3c   0x00000018   Code   RO         6589    x$fpl$dcmpinf       fz_wm.l(dcmpi.o)
    0x08004f54   0x000002b0   Code   RO         6450    x$fpl$ddiv          fz_wm.l(ddiv.o)
    0x08005204   0x0000005e   Code   RO         6453    x$fpl$dfix          fz_wm.l(dfix.o)
    0x08005262   0x00000002   PAD
    0x08005264   0x0000005a   Code   RO         6457    x$fpl$dfixu         fz_wm.l(dfixu.o)
    0x080052be   0x0000002e   Code   RO         6495    x$fpl$dflt          fz_wm.l(dflt_clz.o)
    0x080052ec   0x00000078   Code   RO         6572    x$fpl$dleqf         fz_wm.l(dleqf.o)
    0x08005364   0x00000154   Code   RO         6461    x$fpl$dmul          fz_wm.l(dmul.o)
    0x080054b8   0x0000009c   Code   RO         6500    x$fpl$dnaninf       fz_wm.l(dnaninf.o)
    0x08005554   0x0000000c   Code   RO         6502    x$fpl$dretinf       fz_wm.l(dretinf.o)
    0x08005560   0x0000006c   Code   RO         6504    x$fpl$drleqf        fz_wm.l(drleqf.o)
    0x080055cc   0x00000016   Code   RO         6489    x$fpl$drsb          fz_wm.l(daddsub_clz.o)
    0x080055e2   0x00000002   PAD
    0x080055e4   0x00000198   Code   RO         6574    x$fpl$dsqrt         fz_wm.l(dsqrt_umaal.o)
    0x0800577c   0x000001d4   Code   RO         6490    x$fpl$dsub          fz_wm.l(daddsub_clz.o)
    0x08005950   0x00000056   Code   RO         6463    x$fpl$f2d           fz_wm.l(f2d.o)
    0x080059a6   0x0000008c   Code   RO         6506    x$fpl$fnaninf       fz_wm.l(fnaninf.o)
    0x08005a32   0x0000000a   Code   RO         6651    x$fpl$fpinit        fz_wm.l(fpinit.o)
    0x08005a3c   0x0000000a   Code   RO         6508    x$fpl$fretinf       fz_wm.l(fretinf.o)
    0x08005a46   0x00000064   Code   RO         6591    x$fpl$retnan        fz_wm.l(retnan.o)
    0x08005aaa   0x0000005c   Code   RO         6510    x$fpl$scalbn        fz_wm.l(scalbn.o)
    0x08005b06   0x00000030   Code   RO         6640    x$fpl$trapveneer    fz_wm.l(trapv.o)
    0x08005b36   0x00000000   Code   RO         6512    x$fpl$usenofp       fz_wm.l(usenofp.o)
    0x08005b36   0x00000002   PAD
    0x08005b38   0x00000004   Data   RO          402    .constdata          clock.o
    0x08005b3c   0x00000005   Data   RO         2197    .constdata          stm32f4xx_nucleo.o
    0x08005b41   0x00000010   Data   RO         4530    .constdata          stm32f4xx_hal_rcc.o
    0x08005b51   0x00000007   PAD
    0x08005b58   0x00000088   Data   RO         6468    .constdata          m_wm.l(pow.o)
    0x08005be0   0x00000008   Data   RO         6537    .constdata          m_wm.l(qnan.o)
    0x08005be8   0x00000020   Data   RO         6719    Region$$Table       anon$$obj.o


    Execution Region RW_IRAM1 (Base: 0x20000000, Size: 0x00000ae8, Max: 0x00018000, ABSOLUTE)

    Base Addr    Size         Type   Attr      Idx    E Section Name        Object

    0x20000000   0x0000001c   Data   RW          273    .data               main.o
    0x2000001c   0x00000004   Data   RW          340    .data               stm32f4xx_it.o
    0x20000020   0x00000013   Data   RW         1073    .data               hci.o
    0x20000033   0x00000001   PAD
    0x20000034   0x00000031   Data   RW         1521    .data               bluenrg_sdk_api.o
    0x20000065   0x00000003   PAD
    0x20000068   0x00000050   Data   RW         1677    .data               hts221.o
    0x200000b8   0x0000000c   Data   RW         2198    .data               stm32f4xx_nucleo.o
    0x200000c4   0x00000004   Data   RW         2514    .data               x_nucleo_iks01a1.o
    0x200000c8   0x00000005   Data   RW         2733    .data               x_nucleo_iks01a1_hum_temp.o
    0x200000cd   0x00000003   PAD
    0x200000d0   0x00000014   Data   RW         3084    .data               system_stm32f4xx.o
    0x200000e4   0x00000004   Data   RW         3143    .data               stm32f4xx_hal.o
    0x200000e8   0x0000003c   Zero   RW          272    .bss                main.o
    0x20000124   0x000002bc   Zero   RW         1072    .bss                hci.o
    0x200003e0   0x00000014   Zero   RW         1520    .bss                bluenrg_sdk_api.o
    0x200003f4   0x00000058   Zero   RW         2367    .bss                stm32_bluenrg_ble.o
    0x2000044c   0x0000003c   Zero   RW         2513    .bss                x_nucleo_iks01a1.o
    0x20000488   0x00000060   Zero   RW         6577    .bss                c_w.l(libspace.o)
    0x200004e8   0x00000200   Zero   RW         6425    HEAP                startup_stm32f401xe.o
    0x200006e8   0x00000400   Zero   RW         6424    STACK               startup_stm32f401xe.o


==============================================================================

Image component sizes


      Code (inc. data)   RO Data    RW Data    ZI Data      Debug   Object Name

       540          0          0          0          0      38397   bluenrg_gap_aci.o
       686          0          0          0          0       6787   bluenrg_gatt_aci.o
       212          0          0          0          0       3081   bluenrg_hal_aci.o
        10          0          0          0          0        705   bluenrg_interface.o
      1040        204          0         49         20      11635   bluenrg_sdk_api.o
         8          0          4          0          0       2708   clock.o
       152         10          0          0          0     299028   cube_hal_f4.o
        96          8          0          0          0       4032   demo_echo.o
        44          0          0          0          0       2348   gp_timer.o
      1050         64          0         19        700      35375   hci.o
      1538        106          0         80          0       8336   hts221.o
        92          0          0          0          0       5245   list.o
       300         38          0         28         60       4212   main.o
        40          0          0          0          0       1764   osal.o
        64         26        404          0       1536        920   startup_stm32f401xe.o
      1168        104          0          0         88      12061   stm32_bluenrg_ble.o
       152         16          0          4          0       5908   stm32f4xx_hal.o
       326         28          0          0          0      32229   stm32f4xx_hal_cortex.o
       520         36          0          0          0       4514   stm32f4xx_hal_gpio.o
      2038         36          0          0          0      11684   stm32f4xx_hal_i2c.o
      1996         58         16          0          0       6496   stm32f4xx_hal_rcc.o
      1262          0          0          0          0       4317   stm32f4xx_hal_spi.o
       416          0          0          0          0       5326   stm32f4xx_hal_tim.o
         4          0          0          0          0       2130   stm32f4xx_hal_tim_ex.o
        58         12          0          4          0       4469   stm32f4xx_it.o
       168         28          5         12          0       4074   stm32f4xx_nucleo.o
       100         18          0         20          0       1577   system_stm32f4xx.o
       542         44          0          4         60      10885   x_nucleo_iks01a1.o
       224         32          0          5          0       4330   x_nucleo_iks01a1_hum_temp.o

    ----------------------------------------------------------------------
     14866        868        468        232       2464     534573   Object Totals
         0          0         32          0          0          0   (incl. Generated)
        20          0          7          7          0          0   (incl. Padding)

    ----------------------------------------------------------------------

      Code (inc. data)   RO Data    RW Data    ZI Data      Debug   Library Member Name

         8          0          0          0          0         68   __main.o
         0          0          0          0          0          0   __rtentry.o
        12          0          0          0          0          0   __rtentry2.o
         6          0          0          0          0          0   __rtentry4.o
        52          8          0          0          0          0   __scatter.o
        26          0          0          0          0          0   __scatter_copy.o
        28          0          0          0          0          0   __scatter_zi.o
        22          0          0          0          0        100   _rserrno.o
        18          0          0          0          0         80   exit.o
         6          0          0          0          0        152   heapauxi.o
         0          0          0          0          0          0   indicate_semi.o
         2          0          0          0          0          0   libinit.o
         6          0          0          0          0          0   libinit2.o
         2          0          0          0          0          0   libshutdown.o
         2          0          0          0          0          0   libshutdown2.o
         8          4          0          0         96         68   libspace.o
         8          0          0          0          0         76   memcpy.o
        22          0          0          0          0         76   memset.o
         8          4          0          0          0         68   rt_errno_addr_intlibspace.o
        68          0          0          0          0         68   rt_memclr.o
        78          0          0          0          0         80   rt_memclr_w.o
       138          0          0          0          0         68   rt_memcpy_v6.o
       100          0          0          0          0         80   rt_memcpy_w.o
         2          0          0          0          0          0   rtexit.o
        10          0          0          0          0          0   rtexit2.o
        62          0          0          0          0         76   strlen.o
        12          4          0          0          0         68   sys_exit.o
        74          0          0          0          0         80   sys_stackheap_outer.o
         2          0          0          0          0         68   use_no_semi.o
        24          0          0          0          0        164   basic.o
        98          4          0          0          0        140   d2f.o
       826         16          0          0          0        492   daddsub_clz.o
        16          4          0          0          0        116   dcheck1.o
        24          0          0          0          0        116   dcmpi.o
       688        140          0          0          0        256   ddiv.o
        94          4          0          0          0        140   dfix.o
        90          4          0          0          0        140   dfixu.o
        46          0          0          0          0        116   dflt_clz.o
       120          4          0          0          0        140   dleqf.o
       340         12          0          0          0        152   dmul.o
       156          4          0          0          0        140   dnaninf.o
        12          0          0          0          0        116   dretinf.o
       108          0          0          0          0        128   drleqf.o
       408         56          0          0          0        168   dsqrt_umaal.o
        86          4          0          0          0        132   f2d.o
       140          4          0          0          0        132   fnaninf.o
        10          0          0          0          0        116   fpinit.o
        10          0          0          0          0        116   fretinf.o
       100          0          0          0          0        116   retnan.o
        92          0          0          0          0        116   scalbn.o
        48          0          0          0          0        116   trapv.o
         0          0          0          0          0          0   usenofp.o
       164         44          0          0          0        620   dunder.o
        24          0          0          0          0        124   fabs.o
        48          0          0          0          0        124   fpclassify.o
       248          0          0          0          0        152   poly.o
      3152        296        136          0          0        352   pow.o
         0          0          8          0          0          0   qnan.o
       110          0          0          0          0        148   sqrt.o

    ----------------------------------------------------------------------
      8082        616        144          0         96       6164   Library Totals
        18          0          0          0          0          0   (incl. Padding)

    ----------------------------------------------------------------------

      Code (inc. data)   RO Data    RW Data    ZI Data      Debug   Library Name

       782         20          0          0         96       1276   c_w.l
      3536        256          0          0          0       3368   fz_wm.l
      3746        340        144          0          0       1520   m_wm.l

    ----------------------------------------------------------------------
      8082        616        144          0         96       6164   Library Totals

    ----------------------------------------------------------------------

==============================================================================


      Code (inc. data)   RO Data    RW Data    ZI Data      Debug   

     22948       1484        612        232       2560     523013   Grand Totals
     22948       1484        612        232       2560     523013   ELF Image Totals
     22948       1484        612        232          0          0   ROM Totals

==============================================================================

    Total RO  Size (Code + RO Data)                23560 (  23.01kB)
    Total RW  Size (RW Data + ZI Data)              2792 (   2.73kB)
    Total ROM Size (Code + RO Data + RW Data)      23792 (  23.23kB)

==============================================================================

