<html>
<body>
<pre>
<h1>µVision Build Log</h1>
<h2>Tool Versions:</h2>
IDE-Version: ¦ÌVision V5.16.0.0
Copyright (C) 2015 ARM Ltd and ARM Germany GmbH. All rights reserved.
License Information: juma Microsoft, Microsoft, LIC=D0DAR-K58LI-30INC-7RXI2-LV2YB-P31EC
 
Tool Versions:
Toolchain:       MDK-ARM Standard  Version: 5.16.0.0
Toolchain Path:  C:\Keil_v5\ARM\ARMCC\Bin
C Compiler:      Armcc.exe V5.06 (build 20)
Assembler:       Armasm.exe V5.06 (build 20)
Linker/Locator:  ArmLink.exe V5.06 (build 20)
Library Manager: ArmAr.exe V5.06 (build 20)
Hex Converter:   FromElf.exe V5.06 (build 20)
CPU DLL:         SARMCM3.DLL V5.16.0.0
Dialog DLL:      DCM.DLL V1.13.2.0
Target DLL:      Segger\JL2CM3.dll V2.99.15.2
Dialog DLL:      TCM.DLL V1.14.5.0
 
<h2>Project:</h2>
D:\Work\CODE\ST\ST_SDK\Projects\Multi\Application\Hum_Tem_Monitor\MDK-ARM\Project.uvprojx
Project File Date:  12/03/2015

<h2>Output:</h2>
*** Using Compiler 'V5.06 (build 20)', folder: 'C:\Keil_v5\ARM\ARMCC\Bin'
Build target 'Blue_NRG_MS_F4xx_SDK'
compiling canon_hal_f4.c...
compiling bluenrg_interface.c...
compiling bluenrg_sdk_api.c...
..\..\Sdk\Src\bluenrg_sdk_api.c(79): warning:  #940-D: missing return statement at end of non-void function "ble_init_bluenrg"
  }
..\..\Sdk\Src\bluenrg_sdk_api.c(35): warning:  #177-D: variable "SERVER_BDADDR" was declared but never referenced
    uint8_t SERVER_BDADDR[] = {0x04, 0x34, 0x00, 0xE1, 0x80, 0x02};
..\..\Sdk\Src\bluenrg_sdk_api.c(39): warning:  #177-D: variable "bdaddr" was declared but never referenced
  	uint8_t bdaddr[BDADDR_SIZE];
..\..\Sdk\Src\bluenrg_sdk_api.c(153): warning:  #167-D: argument of type "const uint8_t *" is incompatible with parameter of type "void *__restrict__"
  		memcpy(AdvName,new_device_name,AdvNameLen);
..\..\Sdk\Src\bluenrg_sdk_api.c(151): warning:  #177-D: variable "ret" was declared but never referenced
  	 tBleStatus ret; 
..\..\Sdk\Src\bluenrg_sdk_api.c(175): warning:  #940-D: missing return statement at end of non-void function "advertise_address"
  }
..\..\Sdk\Src\bluenrg_sdk_api.c(217): warning:  #167-D: argument of type "const uint8_t *" is incompatible with parameter of type "uint8_t *"
                                     AdvNameLen+1, LocalName, uuid_length, serviceUUIDList, 0, 0);//// start advertising
..\..\Sdk\Src\bluenrg_sdk_api.c(251): warning:  #940-D: missing return statement at end of non-void function "ble_device_send"
  }
..\..\Sdk\Src\bluenrg_sdk_api.c: 8 warnings, 0 errors
compiling clock.c...
linking...
Program Size: Code=22444 RO-data=624 RW-data=228 ZI-data=2500  
".\Objects\Project.axf" - 0 Error(s), 8 Warning(s).

<h2>Software Packages used:</h2>

Package Vendor: ARM
                http://www.keil.com/pack/ARM.CMSIS.4.3.0.pack
                ARM::CMSIS:CORE:4.1.0
                CMSIS (Cortex Microcontroller Software Interface Standard)
   * Component: CORE Version: 4.1.0

<h2>Collection of Component include folders:</h2>
  D:\Work\CODE\ST\ST_SDK\Projects\Multi\Application\Hum_Tem_Monitor\MDK-ARM\RTE
  C:\Keil_v5\ARM\PACK\ARM\CMSIS\4.3.0\CMSIS\Include
  C:\Keil_v5\ARM\PACK\Keil\STM32F4xx_DFP\2.3.0\Drivers\CMSIS\Device\ST\STM32F4xx\Include

<h2>Collection of Component Files used:</h2>

   * Component: ARM::CMSIS:CORE:4.1.0
Build Time Elapsed:  00:00:02
</pre>
</body>
</html>
