Component: ARM Compiler 5.05 update 1 (build 106) Tool: armlink [4d0efa]

==============================================================================

Section Cross References

    app.o(.text) refers to juma_sdk_lib.o(i.gpio_setup) for gpio_setup
    app.o(.text) refers to juma_sdk_lib.o(i.gpio_write) for gpio_write
    app.o(.text) refers to juma_sdk_lib.o(i.ble_device_set_name) for ble_device_set_name
    app.o(.text) refers to juma_sdk_lib.o(i.ble_device_start_advertising) for ble_device_start_advertising
    juma_sdk_lib.o(.text) refers to juma_sdk_lib.o(.data) for .data
    juma_sdk_lib.o(descriptor) refers to juma_sdk_lib.o(.text) for on_init
    juma_sdk_lib.o(descriptor) refers to app.o(.text) for on_ready
    juma_sdk_lib.o(i.run_when_idle) refers to juma_sdk_lib.o(.data) for .data
    juma_sdk_lib.o(i.run_at_time) refers to juma_sdk_lib.o(.data) for .data
    juma_sdk_lib.o(i.current_time) refers to juma_sdk_lib.o(.data) for .data
    juma_sdk_lib.o(i.timer_init) refers to juma_sdk_lib.o(.data) for .data
    juma_sdk_lib.o(i.timer_start) refers to juma_sdk_lib.o(.data) for .data
    juma_sdk_lib.o(i.timer_stop) refers to juma_sdk_lib.o(.data) for .data
    juma_sdk_lib.o(i.gpio_setup) refers to juma_sdk_lib.o(.data) for .data
    juma_sdk_lib.o(i.gpio_write) refers to juma_sdk_lib.o(.data) for .data
    juma_sdk_lib.o(i.gpio_read) refers to juma_sdk_lib.o(.data) for .data
    juma_sdk_lib.o(i.gpio_watch) refers to juma_sdk_lib.o(.data) for .data
    juma_sdk_lib.o(i.gpio_unwatch) refers to juma_sdk_lib.o(.data) for .data
    juma_sdk_lib.o(i.adc_measure) refers to juma_sdk_lib.o(.data) for .data
    juma_sdk_lib.o(i.vcc_measure) refers to juma_sdk_lib.o(.data) for .data
    juma_sdk_lib.o(i.get_temperature) refers to juma_sdk_lib.o(.data) for .data
    juma_sdk_lib.o(i.ble_device_is_connected) refers to juma_sdk_lib.o(.data) for .data
    juma_sdk_lib.o(i.ble_device_get_id) refers to juma_sdk_lib.o(.data) for .data
    juma_sdk_lib.o(i.ble_device_select_address) refers to juma_sdk_lib.o(.data) for .data
    juma_sdk_lib.o(i.ble_device_set_name) refers to juma_sdk_lib.o(.data) for .data
    juma_sdk_lib.o(i.ble_device_set_advertising_interval) refers to juma_sdk_lib.o(.data) for .data
    juma_sdk_lib.o(i.ble_device_set_tx_power) refers to juma_sdk_lib.o(.data) for .data
    juma_sdk_lib.o(i.ble_device_start_advertising) refers to juma_sdk_lib.o(.data) for .data
    juma_sdk_lib.o(i.ble_device_stop_advertising) refers to juma_sdk_lib.o(.data) for .data
    juma_sdk_lib.o(i.ble_device_disconnect) refers to juma_sdk_lib.o(.data) for .data
    juma_sdk_lib.o(i.ble_device_send) refers to juma_sdk_lib.o(.data) for .data
    juma_sdk_lib.o(i.serial_send) refers to juma_sdk_lib.o(.data) for .data
    juma_sdk_lib.o(i.serial_setup) refers to juma_sdk_lib.o(.data) for .data
    juma_sdk_lib.o(i.play_sound) refers to juma_sdk_lib.o(.data) for .data
    juma_sdk_lib.o(i.light_setup) refers to juma_sdk_lib.o(.data) for .data
    juma_sdk_lib.o(i.light_on) refers to juma_sdk_lib.o(.data) for .data
    juma_sdk_lib.o(i.light_off) refers to juma_sdk_lib.o(.data) for .data
    juma_sdk_lib.o(i.light_set_color) refers to juma_sdk_lib.o(.data) for .data
    juma_sdk_lib.o(i.data_storage_write) refers to juma_sdk_lib.o(.data) for .data
    juma_sdk_lib.o(i.data_storage_read) refers to juma_sdk_lib.o(.data) for .data
    juma_sdk_lib.o(i.ble_infrared_config) refers to juma_sdk_lib.o(.data) for .data
    juma_sdk_lib.o(i.ble_infrared_send) refers to juma_sdk_lib.o(.data) for .data
    juma_sdk_lib.o(i.ble_infrared_get_statue) refers to juma_sdk_lib.o(.data) for .data
    juma_sdk_lib.o(i.gfx_init_screen) refers to juma_sdk_lib.o(.data) for .data
    juma_sdk_lib.o(i.gfx_clear) refers to juma_sdk_lib.o(.data) for .data
    juma_sdk_lib.o(i.gfx_draw_pixel) refers to juma_sdk_lib.o(.data) for .data
    juma_sdk_lib.o(i.gfx_draw_line) refers to juma_sdk_lib.o(.data) for .data
    juma_sdk_lib.o(i.gfx_draw_rect) refers to juma_sdk_lib.o(.data) for .data
    juma_sdk_lib.o(i.gfx_fill_rect) refers to juma_sdk_lib.o(.data) for .data
    juma_sdk_lib.o(i.gfx_draw_circle) refers to juma_sdk_lib.o(.data) for .data
    juma_sdk_lib.o(i.gfx_fill_circle) refers to juma_sdk_lib.o(.data) for .data
    juma_sdk_lib.o(i.gfx_set_font) refers to juma_sdk_lib.o(.data) for .data
    juma_sdk_lib.o(i.gfx_draw_char) refers to juma_sdk_lib.o(.data) for .data
    juma_sdk_lib.o(i.gfx_draw_string) refers to juma_sdk_lib.o(.data) for .data
    juma_sdk_lib.o(i.gfx_draw_image) refers to juma_sdk_lib.o(.data) for .data
    juma_sdk_lib.o(i.watchDog_Config) refers to juma_sdk_lib.o(.data) for .data
    juma_sdk_lib.o(i.watchDog_Start) refers to juma_sdk_lib.o(.data) for .data
    juma_sdk_lib.o(i.watchDog_user_dog1_RR) refers to juma_sdk_lib.o(.data) for .data
    juma_sdk_lib.o(i.watchDog_user_dog2_RR) refers to juma_sdk_lib.o(.data) for .data
    juma_sdk_lib.o(i.watchDog_user_dog3_RR) refers to juma_sdk_lib.o(.data) for .data
    juma_sdk_lib.o(i.watchDog_user_dog4_RR) refers to juma_sdk_lib.o(.data) for .data


==============================================================================

Image Symbol Table

    Local Symbols

    Symbol Name                              Value     Ov Type        Size  Object(Section)

    ..\Source\juma_sdk_lib.c                 0x00000000   Number         0  juma_sdk_lib.o ABSOLUTE
    ..\app.c                                 0x00000000   Number         0  app.o ABSOLUTE
    dc.s                                     0x00000000   Number         0  dc.o ABSOLUTE
    descriptor                               0x00020100   Section       40  juma_sdk_lib.o(descriptor)
    .text                                    0x00020128   Section        0  app.o(.text)
    .text                                    0x0002035c   Section        0  juma_sdk_lib.o(.text)
    i.adc_measure                            0x00020378   Section        0  juma_sdk_lib.o(i.adc_measure)
    i.ble_device_disconnect                  0x00020384   Section        0  juma_sdk_lib.o(i.ble_device_disconnect)
    i.ble_device_get_id                      0x00020390   Section        0  juma_sdk_lib.o(i.ble_device_get_id)
    i.ble_device_is_connected                0x0002039c   Section        0  juma_sdk_lib.o(i.ble_device_is_connected)
    i.ble_device_select_address              0x000203a8   Section        0  juma_sdk_lib.o(i.ble_device_select_address)
    i.ble_device_send                        0x000203b4   Section        0  juma_sdk_lib.o(i.ble_device_send)
    i.ble_device_set_advertising_interval    0x000203c0   Section        0  juma_sdk_lib.o(i.ble_device_set_advertising_interval)
    i.ble_device_set_name                    0x000203cc   Section        0  juma_sdk_lib.o(i.ble_device_set_name)
    i.ble_device_set_tx_power                0x000203d8   Section        0  juma_sdk_lib.o(i.ble_device_set_tx_power)
    i.ble_device_start_advertising           0x000203e4   Section        0  juma_sdk_lib.o(i.ble_device_start_advertising)
    i.ble_device_stop_advertising            0x000203f0   Section        0  juma_sdk_lib.o(i.ble_device_stop_advertising)
    i.ble_infrared_config                    0x000203fc   Section        0  juma_sdk_lib.o(i.ble_infrared_config)
    i.ble_infrared_get_statue                0x0002040c   Section        0  juma_sdk_lib.o(i.ble_infrared_get_statue)
    i.ble_infrared_send                      0x0002041c   Section        0  juma_sdk_lib.o(i.ble_infrared_send)
    i.current_time                           0x0002042c   Section        0  juma_sdk_lib.o(i.current_time)
    i.data_storage_read                      0x00020438   Section        0  juma_sdk_lib.o(i.data_storage_read)
    i.data_storage_write                     0x00020448   Section        0  juma_sdk_lib.o(i.data_storage_write)
    i.get_temperature                        0x00020454   Section        0  juma_sdk_lib.o(i.get_temperature)
    i.gfx_clear                              0x00020460   Section        0  juma_sdk_lib.o(i.gfx_clear)
    i.gfx_draw_char                          0x00020470   Section        0  juma_sdk_lib.o(i.gfx_draw_char)
    i.gfx_draw_circle                        0x00020484   Section        0  juma_sdk_lib.o(i.gfx_draw_circle)
    i.gfx_draw_image                         0x00020498   Section        0  juma_sdk_lib.o(i.gfx_draw_image)
    i.gfx_draw_line                          0x000204b4   Section        0  juma_sdk_lib.o(i.gfx_draw_line)
    i.gfx_draw_pixel                         0x000204cc   Section        0  juma_sdk_lib.o(i.gfx_draw_pixel)
    i.gfx_draw_rect                          0x000204dc   Section        0  juma_sdk_lib.o(i.gfx_draw_rect)
    i.gfx_draw_string                        0x000204f4   Section        0  juma_sdk_lib.o(i.gfx_draw_string)
    i.gfx_fill_circle                        0x00020508   Section        0  juma_sdk_lib.o(i.gfx_fill_circle)
    i.gfx_fill_rect                          0x0002051c   Section        0  juma_sdk_lib.o(i.gfx_fill_rect)
    i.gfx_init_screen                        0x00020534   Section        0  juma_sdk_lib.o(i.gfx_init_screen)
    i.gfx_set_font                           0x00020548   Section        0  juma_sdk_lib.o(i.gfx_set_font)
    i.gpio_read                              0x00020558   Section        0  juma_sdk_lib.o(i.gpio_read)
    i.gpio_setup                             0x00020564   Section        0  juma_sdk_lib.o(i.gpio_setup)
    i.gpio_unwatch                           0x00020570   Section        0  juma_sdk_lib.o(i.gpio_unwatch)
    i.gpio_watch                             0x0002057c   Section        0  juma_sdk_lib.o(i.gpio_watch)
    i.gpio_write                             0x00020588   Section        0  juma_sdk_lib.o(i.gpio_write)
    i.light_off                              0x00020594   Section        0  juma_sdk_lib.o(i.light_off)
    i.light_on                               0x000205a0   Section        0  juma_sdk_lib.o(i.light_on)
    i.light_set_color                        0x000205ac   Section        0  juma_sdk_lib.o(i.light_set_color)
    i.light_setup                            0x000205b8   Section        0  juma_sdk_lib.o(i.light_setup)
    i.play_sound                             0x000205c4   Section        0  juma_sdk_lib.o(i.play_sound)
    i.run_at_time                            0x000205d0   Section        0  juma_sdk_lib.o(i.run_at_time)
    i.run_when_idle                          0x000205dc   Section        0  juma_sdk_lib.o(i.run_when_idle)
    i.serial_send                            0x000205e8   Section        0  juma_sdk_lib.o(i.serial_send)
    i.serial_setup                           0x000205f4   Section        0  juma_sdk_lib.o(i.serial_setup)
    i.timer_init                             0x00020600   Section        0  juma_sdk_lib.o(i.timer_init)
    i.timer_start                            0x0002060c   Section        0  juma_sdk_lib.o(i.timer_start)
    i.timer_stop                             0x00020618   Section        0  juma_sdk_lib.o(i.timer_stop)
    i.vcc_measure                            0x00020624   Section        0  juma_sdk_lib.o(i.vcc_measure)
    i.watchDog_Config                        0x00020630   Section        0  juma_sdk_lib.o(i.watchDog_Config)
    i.watchDog_Start                         0x00020640   Section        0  juma_sdk_lib.o(i.watchDog_Start)
    i.watchDog_user_dog1_RR                  0x00020650   Section        0  juma_sdk_lib.o(i.watchDog_user_dog1_RR)
    i.watchDog_user_dog2_RR                  0x00020660   Section        0  juma_sdk_lib.o(i.watchDog_user_dog2_RR)
    i.watchDog_user_dog3_RR                  0x00020670   Section        0  juma_sdk_lib.o(i.watchDog_user_dog3_RR)
    i.watchDog_user_dog4_RR                  0x00020680   Section        0  juma_sdk_lib.o(i.watchDog_user_dog4_RR)
    .data                                    0x20003000   Section        4  juma_sdk_lib.o(.data)

    Global Symbols

    Symbol Name                              Value     Ov Type        Size  Object(Section)

    BuildAttributes$$THM_ISAv3M$S$PE$A:L22$X:L11$S22$IEEE1$IW$USESV6$~STKCKD$USESV7$~SHL$OSPACE$EBA8$MICROLIB$REQ8$PRES8$EABIv2 0x00000000   Number         0  anon$$obj.o ABSOLUTE
    app_descriptor                           0x00020100   Data          40  juma_sdk_lib.o(descriptor)
    right_cycle_stop                         0x00020129   Thumb Code    68  app.o(.text)
    left_cycle_stop                          0x0002016d   Thumb Code    68  app.o(.text)
    on_ready                                 0x000201b1   Thumb Code    22  app.o(.text)
    ble_device_on_connect                    0x000201c7   Thumb Code    20  app.o(.text)
    ble_device_on_disconnect                 0x000201db   Thumb Code    32  app.o(.text)
    left_cycle_front                         0x000201fb   Thumb Code    68  app.o(.text)
    left_cycle_back                          0x0002023f   Thumb Code    68  app.o(.text)
    right_cycle_front                        0x00020283   Thumb Code    68  app.o(.text)
    right_cycle_back                         0x000202c7   Thumb Code    68  app.o(.text)
    ble_device_on_message                    0x0002030b   Thumb Code    68  app.o(.text)
    on_init                                  0x0002035d   Thumb Code     6  juma_sdk_lib.o(.text)
    gpio_on_change                           0x00020365   Thumb Code     2  juma_sdk_lib.o(.text)
    timer_on_fired                           0x00020367   Thumb Code     2  juma_sdk_lib.o(.text)
    serial_on_data                           0x0002036f   Thumb Code     2  juma_sdk_lib.o(.text)
    data_storage_on_finish                   0x00020371   Thumb Code     2  juma_sdk_lib.o(.text)
    watchDog_on_timerout                     0x00020373   Thumb Code     2  juma_sdk_lib.o(.text)
    adc_measure                              0x00020379   Thumb Code     8  juma_sdk_lib.o(i.adc_measure)
    ble_device_disconnect                    0x00020385   Thumb Code     8  juma_sdk_lib.o(i.ble_device_disconnect)
    ble_device_get_id                        0x00020391   Thumb Code     8  juma_sdk_lib.o(i.ble_device_get_id)
    ble_device_is_connected                  0x0002039d   Thumb Code     8  juma_sdk_lib.o(i.ble_device_is_connected)
    ble_device_select_address                0x000203a9   Thumb Code     8  juma_sdk_lib.o(i.ble_device_select_address)
    ble_device_send                          0x000203b5   Thumb Code     8  juma_sdk_lib.o(i.ble_device_send)
    ble_device_set_advertising_interval      0x000203c1   Thumb Code     8  juma_sdk_lib.o(i.ble_device_set_advertising_interval)
    ble_device_set_name                      0x000203cd   Thumb Code     8  juma_sdk_lib.o(i.ble_device_set_name)
    ble_device_set_tx_power                  0x000203d9   Thumb Code     8  juma_sdk_lib.o(i.ble_device_set_tx_power)
    ble_device_start_advertising             0x000203e5   Thumb Code     8  juma_sdk_lib.o(i.ble_device_start_advertising)
    ble_device_stop_advertising              0x000203f1   Thumb Code     8  juma_sdk_lib.o(i.ble_device_stop_advertising)
    ble_infrared_config                      0x000203fd   Thumb Code    10  juma_sdk_lib.o(i.ble_infrared_config)
    ble_infrared_get_statue                  0x0002040d   Thumb Code    10  juma_sdk_lib.o(i.ble_infrared_get_statue)
    ble_infrared_send                        0x0002041d   Thumb Code    10  juma_sdk_lib.o(i.ble_infrared_send)
    current_time                             0x0002042d   Thumb Code     8  juma_sdk_lib.o(i.current_time)
    data_storage_read                        0x00020439   Thumb Code    10  juma_sdk_lib.o(i.data_storage_read)
    data_storage_write                       0x00020449   Thumb Code     8  juma_sdk_lib.o(i.data_storage_write)
    get_temperature                          0x00020455   Thumb Code     8  juma_sdk_lib.o(i.get_temperature)
    gfx_clear                                0x00020461   Thumb Code    10  juma_sdk_lib.o(i.gfx_clear)
    gfx_draw_char                            0x00020471   Thumb Code    16  juma_sdk_lib.o(i.gfx_draw_char)
    gfx_draw_circle                          0x00020485   Thumb Code    16  juma_sdk_lib.o(i.gfx_draw_circle)
    gfx_draw_image                           0x00020499   Thumb Code    22  juma_sdk_lib.o(i.gfx_draw_image)
    gfx_draw_line                            0x000204b5   Thumb Code    18  juma_sdk_lib.o(i.gfx_draw_line)
    gfx_draw_pixel                           0x000204cd   Thumb Code    10  juma_sdk_lib.o(i.gfx_draw_pixel)
    gfx_draw_rect                            0x000204dd   Thumb Code    18  juma_sdk_lib.o(i.gfx_draw_rect)
    gfx_draw_string                          0x000204f5   Thumb Code    16  juma_sdk_lib.o(i.gfx_draw_string)
    gfx_fill_circle                          0x00020509   Thumb Code    16  juma_sdk_lib.o(i.gfx_fill_circle)
    gfx_fill_rect                            0x0002051d   Thumb Code    18  juma_sdk_lib.o(i.gfx_fill_rect)
    gfx_init_screen                          0x00020535   Thumb Code    16  juma_sdk_lib.o(i.gfx_init_screen)
    gfx_set_font                             0x00020549   Thumb Code    10  juma_sdk_lib.o(i.gfx_set_font)
    gpio_read                                0x00020559   Thumb Code     8  juma_sdk_lib.o(i.gpio_read)
    gpio_setup                               0x00020565   Thumb Code     8  juma_sdk_lib.o(i.gpio_setup)
    gpio_unwatch                             0x00020571   Thumb Code     8  juma_sdk_lib.o(i.gpio_unwatch)
    gpio_watch                               0x0002057d   Thumb Code     8  juma_sdk_lib.o(i.gpio_watch)
    gpio_write                               0x00020589   Thumb Code     8  juma_sdk_lib.o(i.gpio_write)
    light_off                                0x00020595   Thumb Code     8  juma_sdk_lib.o(i.light_off)
    light_on                                 0x000205a1   Thumb Code     8  juma_sdk_lib.o(i.light_on)
    light_set_color                          0x000205ad   Thumb Code     8  juma_sdk_lib.o(i.light_set_color)
    light_setup                              0x000205b9   Thumb Code     8  juma_sdk_lib.o(i.light_setup)
    play_sound                               0x000205c5   Thumb Code     8  juma_sdk_lib.o(i.play_sound)
    run_at_time                              0x000205d1   Thumb Code     8  juma_sdk_lib.o(i.run_at_time)
    run_when_idle                            0x000205dd   Thumb Code     8  juma_sdk_lib.o(i.run_when_idle)
    serial_send                              0x000205e9   Thumb Code     8  juma_sdk_lib.o(i.serial_send)
    serial_setup                             0x000205f5   Thumb Code     8  juma_sdk_lib.o(i.serial_setup)
    timer_init                               0x00020601   Thumb Code     8  juma_sdk_lib.o(i.timer_init)
    timer_start                              0x0002060d   Thumb Code     8  juma_sdk_lib.o(i.timer_start)
    timer_stop                               0x00020619   Thumb Code     8  juma_sdk_lib.o(i.timer_stop)
    vcc_measure                              0x00020625   Thumb Code     8  juma_sdk_lib.o(i.vcc_measure)
    watchDog_Config                          0x00020631   Thumb Code    10  juma_sdk_lib.o(i.watchDog_Config)
    watchDog_Start                           0x00020641   Thumb Code    10  juma_sdk_lib.o(i.watchDog_Start)
    watchDog_user_dog1_RR                    0x00020651   Thumb Code    10  juma_sdk_lib.o(i.watchDog_user_dog1_RR)
    watchDog_user_dog2_RR                    0x00020661   Thumb Code    10  juma_sdk_lib.o(i.watchDog_user_dog2_RR)
    watchDog_user_dog3_RR                    0x00020671   Thumb Code    10  juma_sdk_lib.o(i.watchDog_user_dog3_RR)
    watchDog_user_dog4_RR                    0x00020681   Thumb Code    10  juma_sdk_lib.o(i.watchDog_user_dog4_RR)
    sys                                      0x20003000   Data           4  juma_sdk_lib.o(.data)



==============================================================================

Memory Map of the image

  Image entry point : Not specified.

  Load Region LR_IROM1 (Base: 0x00020100, Size: 0x00000594, Max: 0x00008000, ABSOLUTE)

    Execution Region ER_IROM1 (Base: 0x00020100, Size: 0x00000590, Max: 0x00008000, ABSOLUTE)

    Base Addr    Size         Type   Attr      Idx    E Section Name        Object

    0x00020100   0x00000028   Data   RO           36    descriptor          juma_sdk.lib(juma_sdk_lib.o)
    0x00020128   0x00000234   Code   RO            1    .text               app.o
    0x0002035c   0x0000001c   Code   RO           34    .text               juma_sdk.lib(juma_sdk_lib.o)
    0x00020378   0x0000000c   Code   RO          113    i.adc_measure       juma_sdk.lib(juma_sdk_lib.o)
    0x00020384   0x0000000c   Code   RO          179    i.ble_device_disconnect  juma_sdk.lib(juma_sdk_lib.o)
    0x00020390   0x0000000c   Code   RO          137    i.ble_device_get_id  juma_sdk.lib(juma_sdk_lib.o)
    0x0002039c   0x0000000c   Code   RO          131    i.ble_device_is_connected  juma_sdk.lib(juma_sdk_lib.o)
    0x000203a8   0x0000000c   Code   RO          143    i.ble_device_select_address  juma_sdk.lib(juma_sdk_lib.o)
    0x000203b4   0x0000000c   Code   RO          185    i.ble_device_send   juma_sdk.lib(juma_sdk_lib.o)
    0x000203c0   0x0000000c   Code   RO          155    i.ble_device_set_advertising_interval  juma_sdk.lib(juma_sdk_lib.o)
    0x000203cc   0x0000000c   Code   RO          149    i.ble_device_set_name  juma_sdk.lib(juma_sdk_lib.o)
    0x000203d8   0x0000000c   Code   RO          161    i.ble_device_set_tx_power  juma_sdk.lib(juma_sdk_lib.o)
    0x000203e4   0x0000000c   Code   RO          167    i.ble_device_start_advertising  juma_sdk.lib(juma_sdk_lib.o)
    0x000203f0   0x0000000c   Code   RO          173    i.ble_device_stop_advertising  juma_sdk.lib(juma_sdk_lib.o)
    0x000203fc   0x00000010   Code   RO          245    i.ble_infrared_config  juma_sdk.lib(juma_sdk_lib.o)
    0x0002040c   0x00000010   Code   RO          257    i.ble_infrared_get_statue  juma_sdk.lib(juma_sdk_lib.o)
    0x0002041c   0x00000010   Code   RO          251    i.ble_infrared_send  juma_sdk.lib(juma_sdk_lib.o)
    0x0002042c   0x0000000c   Code   RO           59    i.current_time      juma_sdk.lib(juma_sdk_lib.o)
    0x00020438   0x00000010   Code   RO          239    i.data_storage_read  juma_sdk.lib(juma_sdk_lib.o)
    0x00020448   0x0000000c   Code   RO          233    i.data_storage_write  juma_sdk.lib(juma_sdk_lib.o)
    0x00020454   0x0000000c   Code   RO          125    i.get_temperature   juma_sdk.lib(juma_sdk_lib.o)
    0x00020460   0x00000010   Code   RO          269    i.gfx_clear         juma_sdk.lib(juma_sdk_lib.o)
    0x00020470   0x00000014   Code   RO          317    i.gfx_draw_char     juma_sdk.lib(juma_sdk_lib.o)
    0x00020484   0x00000014   Code   RO          299    i.gfx_draw_circle   juma_sdk.lib(juma_sdk_lib.o)
    0x00020498   0x0000001c   Code   RO          329    i.gfx_draw_image    juma_sdk.lib(juma_sdk_lib.o)
    0x000204b4   0x00000018   Code   RO          281    i.gfx_draw_line     juma_sdk.lib(juma_sdk_lib.o)
    0x000204cc   0x00000010   Code   RO          275    i.gfx_draw_pixel    juma_sdk.lib(juma_sdk_lib.o)
    0x000204dc   0x00000018   Code   RO          287    i.gfx_draw_rect     juma_sdk.lib(juma_sdk_lib.o)
    0x000204f4   0x00000014   Code   RO          323    i.gfx_draw_string   juma_sdk.lib(juma_sdk_lib.o)
    0x00020508   0x00000014   Code   RO          305    i.gfx_fill_circle   juma_sdk.lib(juma_sdk_lib.o)
    0x0002051c   0x00000018   Code   RO          293    i.gfx_fill_rect     juma_sdk.lib(juma_sdk_lib.o)
    0x00020534   0x00000014   Code   RO          263    i.gfx_init_screen   juma_sdk.lib(juma_sdk_lib.o)
    0x00020548   0x00000010   Code   RO          311    i.gfx_set_font      juma_sdk.lib(juma_sdk_lib.o)
    0x00020558   0x0000000c   Code   RO           95    i.gpio_read         juma_sdk.lib(juma_sdk_lib.o)
    0x00020564   0x0000000c   Code   RO           83    i.gpio_setup        juma_sdk.lib(juma_sdk_lib.o)
    0x00020570   0x0000000c   Code   RO          107    i.gpio_unwatch      juma_sdk.lib(juma_sdk_lib.o)
    0x0002057c   0x0000000c   Code   RO          101    i.gpio_watch        juma_sdk.lib(juma_sdk_lib.o)
    0x00020588   0x0000000c   Code   RO           89    i.gpio_write        juma_sdk.lib(juma_sdk_lib.o)
    0x00020594   0x0000000c   Code   RO          221    i.light_off         juma_sdk.lib(juma_sdk_lib.o)
    0x000205a0   0x0000000c   Code   RO          215    i.light_on          juma_sdk.lib(juma_sdk_lib.o)
    0x000205ac   0x0000000c   Code   RO          227    i.light_set_color   juma_sdk.lib(juma_sdk_lib.o)
    0x000205b8   0x0000000c   Code   RO          209    i.light_setup       juma_sdk.lib(juma_sdk_lib.o)
    0x000205c4   0x0000000c   Code   RO          203    i.play_sound        juma_sdk.lib(juma_sdk_lib.o)
    0x000205d0   0x0000000c   Code   RO           53    i.run_at_time       juma_sdk.lib(juma_sdk_lib.o)
    0x000205dc   0x0000000c   Code   RO           47    i.run_when_idle     juma_sdk.lib(juma_sdk_lib.o)
    0x000205e8   0x0000000c   Code   RO          191    i.serial_send       juma_sdk.lib(juma_sdk_lib.o)
    0x000205f4   0x0000000c   Code   RO          197    i.serial_setup      juma_sdk.lib(juma_sdk_lib.o)
    0x00020600   0x0000000c   Code   RO           65    i.timer_init        juma_sdk.lib(juma_sdk_lib.o)
    0x0002060c   0x0000000c   Code   RO           71    i.timer_start       juma_sdk.lib(juma_sdk_lib.o)
    0x00020618   0x0000000c   Code   RO           77    i.timer_stop        juma_sdk.lib(juma_sdk_lib.o)
    0x00020624   0x0000000c   Code   RO          119    i.vcc_measure       juma_sdk.lib(juma_sdk_lib.o)
    0x00020630   0x00000010   Code   RO          335    i.watchDog_Config   juma_sdk.lib(juma_sdk_lib.o)
    0x00020640   0x00000010   Code   RO          341    i.watchDog_Start    juma_sdk.lib(juma_sdk_lib.o)
    0x00020650   0x00000010   Code   RO          347    i.watchDog_user_dog1_RR  juma_sdk.lib(juma_sdk_lib.o)
    0x00020660   0x00000010   Code   RO          353    i.watchDog_user_dog2_RR  juma_sdk.lib(juma_sdk_lib.o)
    0x00020670   0x00000010   Code   RO          359    i.watchDog_user_dog3_RR  juma_sdk.lib(juma_sdk_lib.o)
    0x00020680   0x00000010   Code   RO          365    i.watchDog_user_dog4_RR  juma_sdk.lib(juma_sdk_lib.o)


    Execution Region RW_IRAM1 (Base: 0x20003000, Size: 0x00000004, Max: 0x00001000, ABSOLUTE)

    Base Addr    Size         Type   Attr      Idx    E Section Name        Object

    0x20003000   0x00000004   Data   RW           35    .data               juma_sdk.lib(juma_sdk_lib.o)


==============================================================================

Image component sizes


      Code (inc. data)   RO Data    RW Data    ZI Data      Debug   Object Name

       564         14          0          0          0       6661   app.o

    ----------------------------------------------------------------------
       564         14          0          0          0       6661   Object Totals
         0          0          0          0          0          0   (incl. Generated)
         0          0          0          0          0          0   (incl. Padding)

    ----------------------------------------------------------------------

      Code (inc. data)   RO Data    RW Data    ZI Data      Debug   Library Member Name

       820        254         40          4          0      38660   juma_sdk_lib.o

    ----------------------------------------------------------------------
       820        254         40          4          0      38660   Library Totals
         0          0          0          0          0          0   (incl. Padding)

    ----------------------------------------------------------------------

      Code (inc. data)   RO Data    RW Data    ZI Data      Debug   Library Name

       820        254         40          4          0      38660   juma_sdk.lib

    ----------------------------------------------------------------------
       820        254         40          4          0      38660   Library Totals

    ----------------------------------------------------------------------

==============================================================================


      Code (inc. data)   RO Data    RW Data    ZI Data      Debug   

      1384        268         40          4          0      42901   Grand Totals
      1384        268         40          4          0      42901   ELF Image Totals
      1384        268         40          4          0          0   ROM Totals

==============================================================================

    Total RO  Size (Code + RO Data)                 1424 (   1.39kB)
    Total RW  Size (RW Data + ZI Data)                 4 (   0.00kB)
    Total ROM Size (Code + RO Data + RW Data)       1428 (   1.39kB)

==============================================================================

