<!doctype html public "-//w3c//dtd html 4.0 transitional//en">
<html><head>
<title>Static Call Graph - [.\build\app.axf]</title></head>
<body><HR>
<H1>Static Call Graph for image .\build\app.axf</H1><HR>
<BR><P>#&#060CALLGRAPH&#062# ARM Linker, 5050106: Last Updated: Fri Dec 18 12:05:28 2015
<BR><P>
<H3>Maximum Stack Usage =         16 bytes + Unknown(Untraceable Function Pointers)</H3><H3>
Call chain for Maximum Stack Depth:</H3>
on_ready &rArr; left_cycle_stop
<P>
<H3>
Function Pointers
</H3><UL>
 <LI><a href="#[4]">ble_device_on_connect</a> from app.o(.text) referenced from juma_sdk_lib.o(descriptor)
 <LI><a href="#[5]">ble_device_on_disconnect</a> from app.o(.text) referenced from juma_sdk_lib.o(descriptor)
 <LI><a href="#[6]">ble_device_on_message</a> from app.o(.text) referenced from juma_sdk_lib.o(descriptor)
 <LI><a href="#[8]">data_storage_on_finish</a> from juma_sdk_lib.o(.text) referenced from juma_sdk_lib.o(descriptor)
 <LI><a href="#[2]">gpio_on_change</a> from juma_sdk_lib.o(.text) referenced from juma_sdk_lib.o(descriptor)
 <LI><a href="#[0]">on_init</a> from juma_sdk_lib.o(.text) referenced from juma_sdk_lib.o(descriptor)
 <LI><a href="#[1]">on_ready</a> from app.o(.text) referenced from juma_sdk_lib.o(descriptor)
 <LI><a href="#[7]">serial_on_data</a> from juma_sdk_lib.o(.text) referenced from juma_sdk_lib.o(descriptor)
 <LI><a href="#[3]">timer_on_fired</a> from juma_sdk_lib.o(.text) referenced from juma_sdk_lib.o(descriptor)
 <LI><a href="#[9]">watchDog_on_timerout</a> from juma_sdk_lib.o(.text) referenced from juma_sdk_lib.o(descriptor)
</UL>
<P>
<H3>
Global Symbols
</H3>
<P><STRONG><a name="[a]"></a>right_cycle_stop</STRONG> (Thumb, 68 bytes, Stack size 8 bytes, app.o(.text))
<BR><BR>[Stack]<UL><LI>Max Depth = 8<LI>Call Chain = right_cycle_stop
</UL>
<BR>[Calls]<UL><LI><a href="#[c]">&gt;&gt;</a>&nbsp;&nbsp;&nbsp;gpio_write
<LI><a href="#[b]">&gt;&gt;</a>&nbsp;&nbsp;&nbsp;gpio_setup
</UL>
<BR>[Called By]<UL><LI><a href="#[6]">&gt;&gt;</a>&nbsp;&nbsp;&nbsp;ble_device_on_message
<LI><a href="#[5]">&gt;&gt;</a>&nbsp;&nbsp;&nbsp;ble_device_on_disconnect
<LI><a href="#[1]">&gt;&gt;</a>&nbsp;&nbsp;&nbsp;on_ready
</UL>

<P><STRONG><a name="[d]"></a>left_cycle_stop</STRONG> (Thumb, 68 bytes, Stack size 8 bytes, app.o(.text))
<BR><BR>[Stack]<UL><LI>Max Depth = 8<LI>Call Chain = left_cycle_stop
</UL>
<BR>[Calls]<UL><LI><a href="#[c]">&gt;&gt;</a>&nbsp;&nbsp;&nbsp;gpio_write
<LI><a href="#[b]">&gt;&gt;</a>&nbsp;&nbsp;&nbsp;gpio_setup
</UL>
<BR>[Called By]<UL><LI><a href="#[6]">&gt;&gt;</a>&nbsp;&nbsp;&nbsp;ble_device_on_message
<LI><a href="#[5]">&gt;&gt;</a>&nbsp;&nbsp;&nbsp;ble_device_on_disconnect
<LI><a href="#[1]">&gt;&gt;</a>&nbsp;&nbsp;&nbsp;on_ready
</UL>

<P><STRONG><a name="[1]"></a>on_ready</STRONG> (Thumb, 22 bytes, Stack size 8 bytes, app.o(.text))
<BR><BR>[Stack]<UL><LI>Max Depth = 16<LI>Call Chain = on_ready &rArr; left_cycle_stop
</UL>
<BR>[Calls]<UL><LI><a href="#[f]">&gt;&gt;</a>&nbsp;&nbsp;&nbsp;ble_device_start_advertising
<LI><a href="#[e]">&gt;&gt;</a>&nbsp;&nbsp;&nbsp;ble_device_set_name
<LI><a href="#[d]">&gt;&gt;</a>&nbsp;&nbsp;&nbsp;left_cycle_stop
<LI><a href="#[a]">&gt;&gt;</a>&nbsp;&nbsp;&nbsp;right_cycle_stop
</UL>
<BR>[Address Reference Count : 1]<UL><LI> juma_sdk_lib.o(descriptor)
</UL>
<P><STRONG><a name="[4]"></a>ble_device_on_connect</STRONG> (Thumb, 20 bytes, Stack size 8 bytes, app.o(.text))
<BR><BR>[Stack]<UL><LI>Max Depth = 8<LI>Call Chain = ble_device_on_connect
</UL>
<BR>[Calls]<UL><LI><a href="#[c]">&gt;&gt;</a>&nbsp;&nbsp;&nbsp;gpio_write
<LI><a href="#[b]">&gt;&gt;</a>&nbsp;&nbsp;&nbsp;gpio_setup
</UL>
<BR>[Address Reference Count : 1]<UL><LI> juma_sdk_lib.o(descriptor)
</UL>
<P><STRONG><a name="[5]"></a>ble_device_on_disconnect</STRONG> (Thumb, 32 bytes, Stack size 8 bytes, app.o(.text))
<BR><BR>[Stack]<UL><LI>Max Depth = 16<LI>Call Chain = ble_device_on_disconnect &rArr; left_cycle_stop
</UL>
<BR>[Calls]<UL><LI><a href="#[c]">&gt;&gt;</a>&nbsp;&nbsp;&nbsp;gpio_write
<LI><a href="#[b]">&gt;&gt;</a>&nbsp;&nbsp;&nbsp;gpio_setup
<LI><a href="#[f]">&gt;&gt;</a>&nbsp;&nbsp;&nbsp;ble_device_start_advertising
<LI><a href="#[d]">&gt;&gt;</a>&nbsp;&nbsp;&nbsp;left_cycle_stop
<LI><a href="#[a]">&gt;&gt;</a>&nbsp;&nbsp;&nbsp;right_cycle_stop
</UL>
<BR>[Address Reference Count : 1]<UL><LI> juma_sdk_lib.o(descriptor)
</UL>
<P><STRONG><a name="[10]"></a>left_cycle_front</STRONG> (Thumb, 68 bytes, Stack size 8 bytes, app.o(.text))
<BR><BR>[Stack]<UL><LI>Max Depth = 8<LI>Call Chain = left_cycle_front
</UL>
<BR>[Calls]<UL><LI><a href="#[c]">&gt;&gt;</a>&nbsp;&nbsp;&nbsp;gpio_write
<LI><a href="#[b]">&gt;&gt;</a>&nbsp;&nbsp;&nbsp;gpio_setup
</UL>
<BR>[Called By]<UL><LI><a href="#[6]">&gt;&gt;</a>&nbsp;&nbsp;&nbsp;ble_device_on_message
</UL>

<P><STRONG><a name="[11]"></a>left_cycle_back</STRONG> (Thumb, 68 bytes, Stack size 8 bytes, app.o(.text))
<BR><BR>[Stack]<UL><LI>Max Depth = 8<LI>Call Chain = left_cycle_back
</UL>
<BR>[Calls]<UL><LI><a href="#[c]">&gt;&gt;</a>&nbsp;&nbsp;&nbsp;gpio_write
<LI><a href="#[b]">&gt;&gt;</a>&nbsp;&nbsp;&nbsp;gpio_setup
</UL>
<BR>[Called By]<UL><LI><a href="#[6]">&gt;&gt;</a>&nbsp;&nbsp;&nbsp;ble_device_on_message
</UL>

<P><STRONG><a name="[12]"></a>right_cycle_front</STRONG> (Thumb, 68 bytes, Stack size 8 bytes, app.o(.text))
<BR><BR>[Stack]<UL><LI>Max Depth = 8<LI>Call Chain = right_cycle_front
</UL>
<BR>[Calls]<UL><LI><a href="#[c]">&gt;&gt;</a>&nbsp;&nbsp;&nbsp;gpio_write
<LI><a href="#[b]">&gt;&gt;</a>&nbsp;&nbsp;&nbsp;gpio_setup
</UL>
<BR>[Called By]<UL><LI><a href="#[6]">&gt;&gt;</a>&nbsp;&nbsp;&nbsp;ble_device_on_message
</UL>

<P><STRONG><a name="[13]"></a>right_cycle_back</STRONG> (Thumb, 68 bytes, Stack size 8 bytes, app.o(.text))
<BR><BR>[Stack]<UL><LI>Max Depth = 8<LI>Call Chain = right_cycle_back
</UL>
<BR>[Calls]<UL><LI><a href="#[c]">&gt;&gt;</a>&nbsp;&nbsp;&nbsp;gpio_write
<LI><a href="#[b]">&gt;&gt;</a>&nbsp;&nbsp;&nbsp;gpio_setup
</UL>
<BR>[Called By]<UL><LI><a href="#[6]">&gt;&gt;</a>&nbsp;&nbsp;&nbsp;ble_device_on_message
</UL>

<P><STRONG><a name="[6]"></a>ble_device_on_message</STRONG> (Thumb, 68 bytes, Stack size 8 bytes, app.o(.text))
<BR><BR>[Stack]<UL><LI>Max Depth = 16<LI>Call Chain = ble_device_on_message &rArr; right_cycle_back
</UL>
<BR>[Calls]<UL><LI><a href="#[13]">&gt;&gt;</a>&nbsp;&nbsp;&nbsp;right_cycle_back
<LI><a href="#[12]">&gt;&gt;</a>&nbsp;&nbsp;&nbsp;right_cycle_front
<LI><a href="#[11]">&gt;&gt;</a>&nbsp;&nbsp;&nbsp;left_cycle_back
<LI><a href="#[10]">&gt;&gt;</a>&nbsp;&nbsp;&nbsp;left_cycle_front
<LI><a href="#[d]">&gt;&gt;</a>&nbsp;&nbsp;&nbsp;left_cycle_stop
<LI><a href="#[a]">&gt;&gt;</a>&nbsp;&nbsp;&nbsp;right_cycle_stop
</UL>
<BR>[Address Reference Count : 1]<UL><LI> juma_sdk_lib.o(descriptor)
</UL>
<P><STRONG><a name="[0]"></a>on_init</STRONG> (Thumb, 6 bytes, Stack size 0 bytes, juma_sdk_lib.o(.text))
<BR>[Address Reference Count : 1]<UL><LI> juma_sdk_lib.o(descriptor)
</UL>
<P><STRONG><a name="[2]"></a>gpio_on_change</STRONG> (Thumb, 2 bytes, Stack size 0 bytes, juma_sdk_lib.o(.text))
<BR>[Address Reference Count : 1]<UL><LI> juma_sdk_lib.o(descriptor)
</UL>
<P><STRONG><a name="[3]"></a>timer_on_fired</STRONG> (Thumb, 2 bytes, Stack size 0 bytes, juma_sdk_lib.o(.text))
<BR>[Address Reference Count : 1]<UL><LI> juma_sdk_lib.o(descriptor)
</UL>
<P><STRONG><a name="[7]"></a>serial_on_data</STRONG> (Thumb, 2 bytes, Stack size 0 bytes, juma_sdk_lib.o(.text))
<BR>[Address Reference Count : 1]<UL><LI> juma_sdk_lib.o(descriptor)
</UL>
<P><STRONG><a name="[8]"></a>data_storage_on_finish</STRONG> (Thumb, 2 bytes, Stack size 0 bytes, juma_sdk_lib.o(.text))
<BR>[Address Reference Count : 1]<UL><LI> juma_sdk_lib.o(descriptor)
</UL>
<P><STRONG><a name="[9]"></a>watchDog_on_timerout</STRONG> (Thumb, 2 bytes, Stack size 0 bytes, juma_sdk_lib.o(.text))
<BR>[Address Reference Count : 1]<UL><LI> juma_sdk_lib.o(descriptor)
</UL>
<P><STRONG><a name="[14]"></a>adc_measure</STRONG> (Thumb, 8 bytes, Stack size 0 bytes, juma_sdk_lib.o(i.adc_measure), UNUSED)

<P><STRONG><a name="[15]"></a>ble_device_disconnect</STRONG> (Thumb, 8 bytes, Stack size 0 bytes, juma_sdk_lib.o(i.ble_device_disconnect), UNUSED)

<P><STRONG><a name="[16]"></a>ble_device_get_id</STRONG> (Thumb, 8 bytes, Stack size 0 bytes, juma_sdk_lib.o(i.ble_device_get_id), UNUSED)

<P><STRONG><a name="[17]"></a>ble_device_is_connected</STRONG> (Thumb, 8 bytes, Stack size 0 bytes, juma_sdk_lib.o(i.ble_device_is_connected), UNUSED)

<P><STRONG><a name="[18]"></a>ble_device_select_address</STRONG> (Thumb, 8 bytes, Stack size 0 bytes, juma_sdk_lib.o(i.ble_device_select_address), UNUSED)

<P><STRONG><a name="[19]"></a>ble_device_send</STRONG> (Thumb, 8 bytes, Stack size 0 bytes, juma_sdk_lib.o(i.ble_device_send), UNUSED)

<P><STRONG><a name="[1a]"></a>ble_device_set_advertising_interval</STRONG> (Thumb, 8 bytes, Stack size 0 bytes, juma_sdk_lib.o(i.ble_device_set_advertising_interval), UNUSED)

<P><STRONG><a name="[e]"></a>ble_device_set_name</STRONG> (Thumb, 8 bytes, Stack size 0 bytes, juma_sdk_lib.o(i.ble_device_set_name))
<BR><BR>[Called By]<UL><LI><a href="#[1]">&gt;&gt;</a>&nbsp;&nbsp;&nbsp;on_ready
</UL>

<P><STRONG><a name="[1b]"></a>ble_device_set_tx_power</STRONG> (Thumb, 8 bytes, Stack size 0 bytes, juma_sdk_lib.o(i.ble_device_set_tx_power), UNUSED)

<P><STRONG><a name="[f]"></a>ble_device_start_advertising</STRONG> (Thumb, 8 bytes, Stack size 0 bytes, juma_sdk_lib.o(i.ble_device_start_advertising))
<BR><BR>[Called By]<UL><LI><a href="#[5]">&gt;&gt;</a>&nbsp;&nbsp;&nbsp;ble_device_on_disconnect
<LI><a href="#[1]">&gt;&gt;</a>&nbsp;&nbsp;&nbsp;on_ready
</UL>

<P><STRONG><a name="[1c]"></a>ble_device_stop_advertising</STRONG> (Thumb, 8 bytes, Stack size 0 bytes, juma_sdk_lib.o(i.ble_device_stop_advertising), UNUSED)

<P><STRONG><a name="[1d]"></a>ble_infrared_config</STRONG> (Thumb, 10 bytes, Stack size 0 bytes, juma_sdk_lib.o(i.ble_infrared_config), UNUSED)

<P><STRONG><a name="[1e]"></a>ble_infrared_get_statue</STRONG> (Thumb, 10 bytes, Stack size 0 bytes, juma_sdk_lib.o(i.ble_infrared_get_statue), UNUSED)

<P><STRONG><a name="[1f]"></a>ble_infrared_send</STRONG> (Thumb, 10 bytes, Stack size 0 bytes, juma_sdk_lib.o(i.ble_infrared_send), UNUSED)

<P><STRONG><a name="[20]"></a>current_time</STRONG> (Thumb, 8 bytes, Stack size 0 bytes, juma_sdk_lib.o(i.current_time), UNUSED)

<P><STRONG><a name="[21]"></a>data_storage_read</STRONG> (Thumb, 10 bytes, Stack size 0 bytes, juma_sdk_lib.o(i.data_storage_read), UNUSED)

<P><STRONG><a name="[22]"></a>data_storage_write</STRONG> (Thumb, 8 bytes, Stack size 0 bytes, juma_sdk_lib.o(i.data_storage_write), UNUSED)

<P><STRONG><a name="[23]"></a>get_temperature</STRONG> (Thumb, 8 bytes, Stack size 0 bytes, juma_sdk_lib.o(i.get_temperature), UNUSED)

<P><STRONG><a name="[24]"></a>gfx_clear</STRONG> (Thumb, 10 bytes, Stack size 0 bytes, juma_sdk_lib.o(i.gfx_clear), UNUSED)

<P><STRONG><a name="[25]"></a>gfx_draw_char</STRONG> (Thumb, 16 bytes, Stack size 8 bytes, juma_sdk_lib.o(i.gfx_draw_char), UNUSED)

<P><STRONG><a name="[26]"></a>gfx_draw_circle</STRONG> (Thumb, 16 bytes, Stack size 8 bytes, juma_sdk_lib.o(i.gfx_draw_circle), UNUSED)

<P><STRONG><a name="[27]"></a>gfx_draw_image</STRONG> (Thumb, 22 bytes, Stack size 24 bytes, juma_sdk_lib.o(i.gfx_draw_image), UNUSED)

<P><STRONG><a name="[28]"></a>gfx_draw_line</STRONG> (Thumb, 18 bytes, Stack size 16 bytes, juma_sdk_lib.o(i.gfx_draw_line), UNUSED)

<P><STRONG><a name="[29]"></a>gfx_draw_pixel</STRONG> (Thumb, 10 bytes, Stack size 0 bytes, juma_sdk_lib.o(i.gfx_draw_pixel), UNUSED)

<P><STRONG><a name="[2a]"></a>gfx_draw_rect</STRONG> (Thumb, 18 bytes, Stack size 16 bytes, juma_sdk_lib.o(i.gfx_draw_rect), UNUSED)

<P><STRONG><a name="[2b]"></a>gfx_draw_string</STRONG> (Thumb, 16 bytes, Stack size 8 bytes, juma_sdk_lib.o(i.gfx_draw_string), UNUSED)

<P><STRONG><a name="[2c]"></a>gfx_fill_circle</STRONG> (Thumb, 16 bytes, Stack size 8 bytes, juma_sdk_lib.o(i.gfx_fill_circle), UNUSED)

<P><STRONG><a name="[2d]"></a>gfx_fill_rect</STRONG> (Thumb, 18 bytes, Stack size 16 bytes, juma_sdk_lib.o(i.gfx_fill_rect), UNUSED)

<P><STRONG><a name="[2e]"></a>gfx_init_screen</STRONG> (Thumb, 16 bytes, Stack size 8 bytes, juma_sdk_lib.o(i.gfx_init_screen), UNUSED)

<P><STRONG><a name="[2f]"></a>gfx_set_font</STRONG> (Thumb, 10 bytes, Stack size 0 bytes, juma_sdk_lib.o(i.gfx_set_font), UNUSED)

<P><STRONG><a name="[30]"></a>gpio_read</STRONG> (Thumb, 8 bytes, Stack size 0 bytes, juma_sdk_lib.o(i.gpio_read), UNUSED)

<P><STRONG><a name="[b]"></a>gpio_setup</STRONG> (Thumb, 8 bytes, Stack size 0 bytes, juma_sdk_lib.o(i.gpio_setup))
<BR><BR>[Called By]<UL><LI><a href="#[13]">&gt;&gt;</a>&nbsp;&nbsp;&nbsp;right_cycle_back
<LI><a href="#[12]">&gt;&gt;</a>&nbsp;&nbsp;&nbsp;right_cycle_front
<LI><a href="#[11]">&gt;&gt;</a>&nbsp;&nbsp;&nbsp;left_cycle_back
<LI><a href="#[10]">&gt;&gt;</a>&nbsp;&nbsp;&nbsp;left_cycle_front
<LI><a href="#[5]">&gt;&gt;</a>&nbsp;&nbsp;&nbsp;ble_device_on_disconnect
<LI><a href="#[4]">&gt;&gt;</a>&nbsp;&nbsp;&nbsp;ble_device_on_connect
<LI><a href="#[d]">&gt;&gt;</a>&nbsp;&nbsp;&nbsp;left_cycle_stop
<LI><a href="#[a]">&gt;&gt;</a>&nbsp;&nbsp;&nbsp;right_cycle_stop
</UL>

<P><STRONG><a name="[31]"></a>gpio_unwatch</STRONG> (Thumb, 8 bytes, Stack size 0 bytes, juma_sdk_lib.o(i.gpio_unwatch), UNUSED)

<P><STRONG><a name="[32]"></a>gpio_watch</STRONG> (Thumb, 8 bytes, Stack size 0 bytes, juma_sdk_lib.o(i.gpio_watch), UNUSED)

<P><STRONG><a name="[c]"></a>gpio_write</STRONG> (Thumb, 8 bytes, Stack size 0 bytes, juma_sdk_lib.o(i.gpio_write))
<BR><BR>[Called By]<UL><LI><a href="#[13]">&gt;&gt;</a>&nbsp;&nbsp;&nbsp;right_cycle_back
<LI><a href="#[12]">&gt;&gt;</a>&nbsp;&nbsp;&nbsp;right_cycle_front
<LI><a href="#[11]">&gt;&gt;</a>&nbsp;&nbsp;&nbsp;left_cycle_back
<LI><a href="#[10]">&gt;&gt;</a>&nbsp;&nbsp;&nbsp;left_cycle_front
<LI><a href="#[5]">&gt;&gt;</a>&nbsp;&nbsp;&nbsp;ble_device_on_disconnect
<LI><a href="#[4]">&gt;&gt;</a>&nbsp;&nbsp;&nbsp;ble_device_on_connect
<LI><a href="#[d]">&gt;&gt;</a>&nbsp;&nbsp;&nbsp;left_cycle_stop
<LI><a href="#[a]">&gt;&gt;</a>&nbsp;&nbsp;&nbsp;right_cycle_stop
</UL>

<P><STRONG><a name="[33]"></a>light_off</STRONG> (Thumb, 8 bytes, Stack size 0 bytes, juma_sdk_lib.o(i.light_off), UNUSED)

<P><STRONG><a name="[34]"></a>light_on</STRONG> (Thumb, 8 bytes, Stack size 0 bytes, juma_sdk_lib.o(i.light_on), UNUSED)

<P><STRONG><a name="[35]"></a>light_set_color</STRONG> (Thumb, 8 bytes, Stack size 0 bytes, juma_sdk_lib.o(i.light_set_color), UNUSED)

<P><STRONG><a name="[36]"></a>light_setup</STRONG> (Thumb, 8 bytes, Stack size 0 bytes, juma_sdk_lib.o(i.light_setup), UNUSED)

<P><STRONG><a name="[37]"></a>play_sound</STRONG> (Thumb, 8 bytes, Stack size 0 bytes, juma_sdk_lib.o(i.play_sound), UNUSED)

<P><STRONG><a name="[38]"></a>run_at_time</STRONG> (Thumb, 8 bytes, Stack size 0 bytes, juma_sdk_lib.o(i.run_at_time), UNUSED)

<P><STRONG><a name="[39]"></a>run_when_idle</STRONG> (Thumb, 8 bytes, Stack size 0 bytes, juma_sdk_lib.o(i.run_when_idle), UNUSED)

<P><STRONG><a name="[3a]"></a>serial_send</STRONG> (Thumb, 8 bytes, Stack size 0 bytes, juma_sdk_lib.o(i.serial_send), UNUSED)

<P><STRONG><a name="[3b]"></a>serial_setup</STRONG> (Thumb, 8 bytes, Stack size 0 bytes, juma_sdk_lib.o(i.serial_setup), UNUSED)

<P><STRONG><a name="[3c]"></a>timer_init</STRONG> (Thumb, 8 bytes, Stack size 0 bytes, juma_sdk_lib.o(i.timer_init), UNUSED)

<P><STRONG><a name="[3d]"></a>timer_start</STRONG> (Thumb, 8 bytes, Stack size 0 bytes, juma_sdk_lib.o(i.timer_start), UNUSED)

<P><STRONG><a name="[3e]"></a>timer_stop</STRONG> (Thumb, 8 bytes, Stack size 0 bytes, juma_sdk_lib.o(i.timer_stop), UNUSED)

<P><STRONG><a name="[3f]"></a>vcc_measure</STRONG> (Thumb, 8 bytes, Stack size 0 bytes, juma_sdk_lib.o(i.vcc_measure), UNUSED)

<P><STRONG><a name="[40]"></a>watchDog_Config</STRONG> (Thumb, 10 bytes, Stack size 0 bytes, juma_sdk_lib.o(i.watchDog_Config), UNUSED)

<P><STRONG><a name="[41]"></a>watchDog_Start</STRONG> (Thumb, 10 bytes, Stack size 0 bytes, juma_sdk_lib.o(i.watchDog_Start), UNUSED)

<P><STRONG><a name="[42]"></a>watchDog_user_dog1_RR</STRONG> (Thumb, 10 bytes, Stack size 0 bytes, juma_sdk_lib.o(i.watchDog_user_dog1_RR), UNUSED)

<P><STRONG><a name="[43]"></a>watchDog_user_dog2_RR</STRONG> (Thumb, 10 bytes, Stack size 0 bytes, juma_sdk_lib.o(i.watchDog_user_dog2_RR), UNUSED)

<P><STRONG><a name="[44]"></a>watchDog_user_dog3_RR</STRONG> (Thumb, 10 bytes, Stack size 0 bytes, juma_sdk_lib.o(i.watchDog_user_dog3_RR), UNUSED)

<P><STRONG><a name="[45]"></a>watchDog_user_dog4_RR</STRONG> (Thumb, 10 bytes, Stack size 0 bytes, juma_sdk_lib.o(i.watchDog_user_dog4_RR), UNUSED)
<P>
<H3>
Local Symbols
</H3><P>
<H3>
Undefined Global Symbols
</H3><HR></body></html>
