Component: ARM Compiler 5.05 update 1 (build 106) Tool: armlink [4d0efa]

==============================================================================

Section Cross References

    app.o(.text) refers to juma_sdk_lib.o(i.light_off) for light_off
    app.o(.text) refers to juma_sdk_lib.o(i.light_set_color) for light_set_color
    app.o(.text) refers to juma_sdk_lib.o(i.light_on) for light_on
    app.o(.text) refers to juma_sdk_lib.o(i.ble_device_start_advertising) for ble_device_start_advertising
    app.o(.text) refers to juma_sdk_lib.o(i.ble_device_set_name) for ble_device_set_name
    app.o(.text) refers to juma_sdk_lib.o(i.ble_device_set_advertising_interval) for ble_device_set_advertising_interval
    app.o(.text) refers to juma_sdk_lib.o(i.light_setup) for light_setup
    app.o(.text) refers to app.o(.data) for .data
    app.o(.text) refers to app.o(.constdata) for .constdata
    juma_sdk_lib.o(.text) refers to juma_sdk_lib.o(.data) for .data
    juma_sdk_lib.o(descriptor) refers to juma_sdk_lib.o(.text) for on_init
    juma_sdk_lib.o(descriptor) refers to app.o(.text) for on_ready
    juma_sdk_lib.o(i.run_when_idle) refers to juma_sdk_lib.o(.data) for .data
    juma_sdk_lib.o(i.run_at_time) refers to juma_sdk_lib.o(.data) for .data
    juma_sdk_lib.o(i.current_time) refers to juma_sdk_lib.o(.data) for .data
    juma_sdk_lib.o(i.timer_init) refers to juma_sdk_lib.o(.data) for .data
    juma_sdk_lib.o(i.timer_start) refers to juma_sdk_lib.o(.data) for .data
    juma_sdk_lib.o(i.timer_stop) refers to juma_sdk_lib.o(.data) for .data
    juma_sdk_lib.o(i.gpio_setup) refers to juma_sdk_lib.o(.data) for .data
    juma_sdk_lib.o(i.gpio_write) refers to juma_sdk_lib.o(.data) for .data
    juma_sdk_lib.o(i.gpio_read) refers to juma_sdk_lib.o(.data) for .data
    juma_sdk_lib.o(i.gpio_watch) refers to juma_sdk_lib.o(.data) for .data
    juma_sdk_lib.o(i.gpio_unwatch) refers to juma_sdk_lib.o(.data) for .data
    juma_sdk_lib.o(i.adc_measure) refers to juma_sdk_lib.o(.data) for .data
    juma_sdk_lib.o(i.vcc_measure) refers to juma_sdk_lib.o(.data) for .data
    juma_sdk_lib.o(i.get_temperature) refers to juma_sdk_lib.o(.data) for .data
    juma_sdk_lib.o(i.ble_device_is_connected) refers to juma_sdk_lib.o(.data) for .data
    juma_sdk_lib.o(i.ble_device_get_id) refers to juma_sdk_lib.o(.data) for .data
    juma_sdk_lib.o(i.ble_device_select_address) refers to juma_sdk_lib.o(.data) for .data
    juma_sdk_lib.o(i.ble_device_set_name) refers to juma_sdk_lib.o(.data) for .data
    juma_sdk_lib.o(i.ble_device_set_advertising_interval) refers to juma_sdk_lib.o(.data) for .data
    juma_sdk_lib.o(i.ble_device_set_tx_power) refers to juma_sdk_lib.o(.data) for .data
    juma_sdk_lib.o(i.ble_device_start_advertising) refers to juma_sdk_lib.o(.data) for .data
    juma_sdk_lib.o(i.ble_device_stop_advertising) refers to juma_sdk_lib.o(.data) for .data
    juma_sdk_lib.o(i.ble_device_disconnect) refers to juma_sdk_lib.o(.data) for .data
    juma_sdk_lib.o(i.ble_device_send) refers to juma_sdk_lib.o(.data) for .data
    juma_sdk_lib.o(i.serial_send) refers to juma_sdk_lib.o(.data) for .data
    juma_sdk_lib.o(i.serial_setup) refers to juma_sdk_lib.o(.data) for .data
    juma_sdk_lib.o(i.play_sound) refers to juma_sdk_lib.o(.data) for .data
    juma_sdk_lib.o(i.light_setup) refers to juma_sdk_lib.o(.data) for .data
    juma_sdk_lib.o(i.light_on) refers to juma_sdk_lib.o(.data) for .data
    juma_sdk_lib.o(i.light_off) refers to juma_sdk_lib.o(.data) for .data
    juma_sdk_lib.o(i.light_set_color) refers to juma_sdk_lib.o(.data) for .data
    juma_sdk_lib.o(i.data_storage_write) refers to juma_sdk_lib.o(.data) for .data
    juma_sdk_lib.o(i.data_storage_read) refers to juma_sdk_lib.o(.data) for .data
    juma_sdk_lib.o(i.ble_infrared_config) refers to juma_sdk_lib.o(.data) for .data
    juma_sdk_lib.o(i.ble_infrared_send) refers to juma_sdk_lib.o(.data) for .data
    juma_sdk_lib.o(i.ble_infrared_get_statue) refers to juma_sdk_lib.o(.data) for .data
    juma_sdk_lib.o(i.gfx_init_screen) refers to juma_sdk_lib.o(.data) for .data
    juma_sdk_lib.o(i.gfx_clear) refers to juma_sdk_lib.o(.data) for .data
    juma_sdk_lib.o(i.gfx_draw_pixel) refers to juma_sdk_lib.o(.data) for .data
    juma_sdk_lib.o(i.gfx_draw_line) refers to juma_sdk_lib.o(.data) for .data
    juma_sdk_lib.o(i.gfx_draw_rect) refers to juma_sdk_lib.o(.data) for .data
    juma_sdk_lib.o(i.gfx_fill_rect) refers to juma_sdk_lib.o(.data) for .data
    juma_sdk_lib.o(i.gfx_draw_circle) refers to juma_sdk_lib.o(.data) for .data
    juma_sdk_lib.o(i.gfx_fill_circle) refers to juma_sdk_lib.o(.data) for .data
    juma_sdk_lib.o(i.gfx_set_font) refers to juma_sdk_lib.o(.data) for .data
    juma_sdk_lib.o(i.gfx_draw_char) refers to juma_sdk_lib.o(.data) for .data
    juma_sdk_lib.o(i.gfx_draw_string) refers to juma_sdk_lib.o(.data) for .data
    juma_sdk_lib.o(i.gfx_draw_image) refers to juma_sdk_lib.o(.data) for .data
    juma_sdk_lib.o(i.watchDog_Config) refers to juma_sdk_lib.o(.data) for .data
    juma_sdk_lib.o(i.watchDog_Start) refers to juma_sdk_lib.o(.data) for .data
    juma_sdk_lib.o(i.watchDog_user_dog1_RR) refers to juma_sdk_lib.o(.data) for .data
    juma_sdk_lib.o(i.watchDog_user_dog2_RR) refers to juma_sdk_lib.o(.data) for .data
    juma_sdk_lib.o(i.watchDog_user_dog3_RR) refers to juma_sdk_lib.o(.data) for .data
    juma_sdk_lib.o(i.watchDog_user_dog4_RR) refers to juma_sdk_lib.o(.data) for .data


==============================================================================

Image Symbol Table

    Local Symbols

    Symbol Name                              Value     Ov Type        Size  Object(Section)

    ..\Source\juma_sdk_lib.c                 0x00000000   Number         0  juma_sdk_lib.o ABSOLUTE
    ..\app.c                                 0x00000000   Number         0  app.o ABSOLUTE
    dc.s                                     0x00000000   Number         0  dc.o ABSOLUTE
    descriptor                               0x00020100   Section       40  juma_sdk_lib.o(descriptor)
    .text                                    0x00020128   Section        0  app.o(.text)
    .text                                    0x0002019c   Section        0  juma_sdk_lib.o(.text)
    i.adc_measure                            0x000201b8   Section        0  juma_sdk_lib.o(i.adc_measure)
    i.ble_device_disconnect                  0x000201c4   Section        0  juma_sdk_lib.o(i.ble_device_disconnect)
    i.ble_device_get_id                      0x000201d0   Section        0  juma_sdk_lib.o(i.ble_device_get_id)
    i.ble_device_is_connected                0x000201dc   Section        0  juma_sdk_lib.o(i.ble_device_is_connected)
    i.ble_device_select_address              0x000201e8   Section        0  juma_sdk_lib.o(i.ble_device_select_address)
    i.ble_device_send                        0x000201f4   Section        0  juma_sdk_lib.o(i.ble_device_send)
    i.ble_device_set_advertising_interval    0x00020200   Section        0  juma_sdk_lib.o(i.ble_device_set_advertising_interval)
    i.ble_device_set_name                    0x0002020c   Section        0  juma_sdk_lib.o(i.ble_device_set_name)
    i.ble_device_set_tx_power                0x00020218   Section        0  juma_sdk_lib.o(i.ble_device_set_tx_power)
    i.ble_device_start_advertising           0x00020224   Section        0  juma_sdk_lib.o(i.ble_device_start_advertising)
    i.ble_device_stop_advertising            0x00020230   Section        0  juma_sdk_lib.o(i.ble_device_stop_advertising)
    i.ble_infrared_config                    0x0002023c   Section        0  juma_sdk_lib.o(i.ble_infrared_config)
    i.ble_infrared_get_statue                0x0002024c   Section        0  juma_sdk_lib.o(i.ble_infrared_get_statue)
    i.ble_infrared_send                      0x0002025c   Section        0  juma_sdk_lib.o(i.ble_infrared_send)
    i.current_time                           0x0002026c   Section        0  juma_sdk_lib.o(i.current_time)
    i.data_storage_read                      0x00020278   Section        0  juma_sdk_lib.o(i.data_storage_read)
    i.data_storage_write                     0x00020288   Section        0  juma_sdk_lib.o(i.data_storage_write)
    i.get_temperature                        0x00020294   Section        0  juma_sdk_lib.o(i.get_temperature)
    i.gfx_clear                              0x000202a0   Section        0  juma_sdk_lib.o(i.gfx_clear)
    i.gfx_draw_char                          0x000202b0   Section        0  juma_sdk_lib.o(i.gfx_draw_char)
    i.gfx_draw_circle                        0x000202c4   Section        0  juma_sdk_lib.o(i.gfx_draw_circle)
    i.gfx_draw_image                         0x000202d8   Section        0  juma_sdk_lib.o(i.gfx_draw_image)
    i.gfx_draw_line                          0x000202f4   Section        0  juma_sdk_lib.o(i.gfx_draw_line)
    i.gfx_draw_pixel                         0x0002030c   Section        0  juma_sdk_lib.o(i.gfx_draw_pixel)
    i.gfx_draw_rect                          0x0002031c   Section        0  juma_sdk_lib.o(i.gfx_draw_rect)
    i.gfx_draw_string                        0x00020334   Section        0  juma_sdk_lib.o(i.gfx_draw_string)
    i.gfx_fill_circle                        0x00020348   Section        0  juma_sdk_lib.o(i.gfx_fill_circle)
    i.gfx_fill_rect                          0x0002035c   Section        0  juma_sdk_lib.o(i.gfx_fill_rect)
    i.gfx_init_screen                        0x00020374   Section        0  juma_sdk_lib.o(i.gfx_init_screen)
    i.gfx_set_font                           0x00020388   Section        0  juma_sdk_lib.o(i.gfx_set_font)
    i.gpio_read                              0x00020398   Section        0  juma_sdk_lib.o(i.gpio_read)
    i.gpio_setup                             0x000203a4   Section        0  juma_sdk_lib.o(i.gpio_setup)
    i.gpio_unwatch                           0x000203b0   Section        0  juma_sdk_lib.o(i.gpio_unwatch)
    i.gpio_watch                             0x000203bc   Section        0  juma_sdk_lib.o(i.gpio_watch)
    i.gpio_write                             0x000203c8   Section        0  juma_sdk_lib.o(i.gpio_write)
    i.light_off                              0x000203d4   Section        0  juma_sdk_lib.o(i.light_off)
    i.light_on                               0x000203e0   Section        0  juma_sdk_lib.o(i.light_on)
    i.light_set_color                        0x000203ec   Section        0  juma_sdk_lib.o(i.light_set_color)
    i.light_setup                            0x000203f8   Section        0  juma_sdk_lib.o(i.light_setup)
    i.play_sound                             0x00020404   Section        0  juma_sdk_lib.o(i.play_sound)
    i.run_at_time                            0x00020410   Section        0  juma_sdk_lib.o(i.run_at_time)
    i.run_when_idle                          0x0002041c   Section        0  juma_sdk_lib.o(i.run_when_idle)
    i.serial_send                            0x00020428   Section        0  juma_sdk_lib.o(i.serial_send)
    i.serial_setup                           0x00020434   Section        0  juma_sdk_lib.o(i.serial_setup)
    i.timer_init                             0x00020440   Section        0  juma_sdk_lib.o(i.timer_init)
    i.timer_start                            0x0002044c   Section        0  juma_sdk_lib.o(i.timer_start)
    i.timer_stop                             0x00020458   Section        0  juma_sdk_lib.o(i.timer_stop)
    i.vcc_measure                            0x00020464   Section        0  juma_sdk_lib.o(i.vcc_measure)
    i.watchDog_Config                        0x00020470   Section        0  juma_sdk_lib.o(i.watchDog_Config)
    i.watchDog_Start                         0x00020480   Section        0  juma_sdk_lib.o(i.watchDog_Start)
    i.watchDog_user_dog1_RR                  0x00020490   Section        0  juma_sdk_lib.o(i.watchDog_user_dog1_RR)
    i.watchDog_user_dog2_RR                  0x000204a0   Section        0  juma_sdk_lib.o(i.watchDog_user_dog2_RR)
    i.watchDog_user_dog3_RR                  0x000204b0   Section        0  juma_sdk_lib.o(i.watchDog_user_dog3_RR)
    i.watchDog_user_dog4_RR                  0x000204c0   Section        0  juma_sdk_lib.o(i.watchDog_user_dog4_RR)
    .constdata                               0x000204d0   Section        4  app.o(.constdata)
    .data                                    0x20003000   Section        4  app.o(.data)
    .data                                    0x20003004   Section        4  juma_sdk_lib.o(.data)

    Global Symbols

    Symbol Name                              Value     Ov Type        Size  Object(Section)

    BuildAttributes$$THM_ISAv3M$S$PE$A:L22$X:L11$S22$IEEE1$IW$USESV6$~STKCKD$USESV7$~SHL$OSPACE$EBA8$MICROLIB$REQ8$PRES8$EABIv2 0x00000000   Number         0  anon$$obj.o ABSOLUTE
    app_descriptor                           0x00020100   Data          40  juma_sdk_lib.o(descriptor)
    ble_device_on_message                    0x00020129   Thumb Code    48  app.o(.text)
    ble_device_on_disconnect                 0x00020159   Thumb Code     8  app.o(.text)
    on_ready                                 0x00020161   Thumb Code    40  app.o(.text)
    on_init                                  0x0002019d   Thumb Code     6  juma_sdk_lib.o(.text)
    gpio_on_change                           0x000201a5   Thumb Code     2  juma_sdk_lib.o(.text)
    timer_on_fired                           0x000201a7   Thumb Code     2  juma_sdk_lib.o(.text)
    ble_device_on_connect                    0x000201a9   Thumb Code     2  juma_sdk_lib.o(.text)
    serial_on_data                           0x000201af   Thumb Code     2  juma_sdk_lib.o(.text)
    data_storage_on_finish                   0x000201b1   Thumb Code     2  juma_sdk_lib.o(.text)
    watchDog_on_timerout                     0x000201b3   Thumb Code     2  juma_sdk_lib.o(.text)
    adc_measure                              0x000201b9   Thumb Code     8  juma_sdk_lib.o(i.adc_measure)
    ble_device_disconnect                    0x000201c5   Thumb Code     8  juma_sdk_lib.o(i.ble_device_disconnect)
    ble_device_get_id                        0x000201d1   Thumb Code     8  juma_sdk_lib.o(i.ble_device_get_id)
    ble_device_is_connected                  0x000201dd   Thumb Code     8  juma_sdk_lib.o(i.ble_device_is_connected)
    ble_device_select_address                0x000201e9   Thumb Code     8  juma_sdk_lib.o(i.ble_device_select_address)
    ble_device_send                          0x000201f5   Thumb Code     8  juma_sdk_lib.o(i.ble_device_send)
    ble_device_set_advertising_interval      0x00020201   Thumb Code     8  juma_sdk_lib.o(i.ble_device_set_advertising_interval)
    ble_device_set_name                      0x0002020d   Thumb Code     8  juma_sdk_lib.o(i.ble_device_set_name)
    ble_device_set_tx_power                  0x00020219   Thumb Code     8  juma_sdk_lib.o(i.ble_device_set_tx_power)
    ble_device_start_advertising             0x00020225   Thumb Code     8  juma_sdk_lib.o(i.ble_device_start_advertising)
    ble_device_stop_advertising              0x00020231   Thumb Code     8  juma_sdk_lib.o(i.ble_device_stop_advertising)
    ble_infrared_config                      0x0002023d   Thumb Code    10  juma_sdk_lib.o(i.ble_infrared_config)
    ble_infrared_get_statue                  0x0002024d   Thumb Code    10  juma_sdk_lib.o(i.ble_infrared_get_statue)
    ble_infrared_send                        0x0002025d   Thumb Code    10  juma_sdk_lib.o(i.ble_infrared_send)
    current_time                             0x0002026d   Thumb Code     8  juma_sdk_lib.o(i.current_time)
    data_storage_read                        0x00020279   Thumb Code    10  juma_sdk_lib.o(i.data_storage_read)
    data_storage_write                       0x00020289   Thumb Code     8  juma_sdk_lib.o(i.data_storage_write)
    get_temperature                          0x00020295   Thumb Code     8  juma_sdk_lib.o(i.get_temperature)
    gfx_clear                                0x000202a1   Thumb Code    10  juma_sdk_lib.o(i.gfx_clear)
    gfx_draw_char                            0x000202b1   Thumb Code    16  juma_sdk_lib.o(i.gfx_draw_char)
    gfx_draw_circle                          0x000202c5   Thumb Code    16  juma_sdk_lib.o(i.gfx_draw_circle)
    gfx_draw_image                           0x000202d9   Thumb Code    22  juma_sdk_lib.o(i.gfx_draw_image)
    gfx_draw_line                            0x000202f5   Thumb Code    18  juma_sdk_lib.o(i.gfx_draw_line)
    gfx_draw_pixel                           0x0002030d   Thumb Code    10  juma_sdk_lib.o(i.gfx_draw_pixel)
    gfx_draw_rect                            0x0002031d   Thumb Code    18  juma_sdk_lib.o(i.gfx_draw_rect)
    gfx_draw_string                          0x00020335   Thumb Code    16  juma_sdk_lib.o(i.gfx_draw_string)
    gfx_fill_circle                          0x00020349   Thumb Code    16  juma_sdk_lib.o(i.gfx_fill_circle)
    gfx_fill_rect                            0x0002035d   Thumb Code    18  juma_sdk_lib.o(i.gfx_fill_rect)
    gfx_init_screen                          0x00020375   Thumb Code    16  juma_sdk_lib.o(i.gfx_init_screen)
    gfx_set_font                             0x00020389   Thumb Code    10  juma_sdk_lib.o(i.gfx_set_font)
    gpio_read                                0x00020399   Thumb Code     8  juma_sdk_lib.o(i.gpio_read)
    gpio_setup                               0x000203a5   Thumb Code     8  juma_sdk_lib.o(i.gpio_setup)
    gpio_unwatch                             0x000203b1   Thumb Code     8  juma_sdk_lib.o(i.gpio_unwatch)
    gpio_watch                               0x000203bd   Thumb Code     8  juma_sdk_lib.o(i.gpio_watch)
    gpio_write                               0x000203c9   Thumb Code     8  juma_sdk_lib.o(i.gpio_write)
    light_off                                0x000203d5   Thumb Code     8  juma_sdk_lib.o(i.light_off)
    light_on                                 0x000203e1   Thumb Code     8  juma_sdk_lib.o(i.light_on)
    light_set_color                          0x000203ed   Thumb Code     8  juma_sdk_lib.o(i.light_set_color)
    light_setup                              0x000203f9   Thumb Code     8  juma_sdk_lib.o(i.light_setup)
    play_sound                               0x00020405   Thumb Code     8  juma_sdk_lib.o(i.play_sound)
    run_at_time                              0x00020411   Thumb Code     8  juma_sdk_lib.o(i.run_at_time)
    run_when_idle                            0x0002041d   Thumb Code     8  juma_sdk_lib.o(i.run_when_idle)
    serial_send                              0x00020429   Thumb Code     8  juma_sdk_lib.o(i.serial_send)
    serial_setup                             0x00020435   Thumb Code     8  juma_sdk_lib.o(i.serial_setup)
    timer_init                               0x00020441   Thumb Code     8  juma_sdk_lib.o(i.timer_init)
    timer_start                              0x0002044d   Thumb Code     8  juma_sdk_lib.o(i.timer_start)
    timer_stop                               0x00020459   Thumb Code     8  juma_sdk_lib.o(i.timer_stop)
    vcc_measure                              0x00020465   Thumb Code     8  juma_sdk_lib.o(i.vcc_measure)
    watchDog_Config                          0x00020471   Thumb Code    10  juma_sdk_lib.o(i.watchDog_Config)
    watchDog_Start                           0x00020481   Thumb Code    10  juma_sdk_lib.o(i.watchDog_Start)
    watchDog_user_dog1_RR                    0x00020491   Thumb Code    10  juma_sdk_lib.o(i.watchDog_user_dog1_RR)
    watchDog_user_dog2_RR                    0x000204a1   Thumb Code    10  juma_sdk_lib.o(i.watchDog_user_dog2_RR)
    watchDog_user_dog3_RR                    0x000204b1   Thumb Code    10  juma_sdk_lib.o(i.watchDog_user_dog3_RR)
    watchDog_user_dog4_RR                    0x000204c1   Thumb Code    10  juma_sdk_lib.o(i.watchDog_user_dog4_RR)
    rgb_color                                0x20003000   Data           4  app.o(.data)
    sys                                      0x20003004   Data           4  juma_sdk_lib.o(.data)



==============================================================================

Memory Map of the image

  Image entry point : Not specified.

  Load Region LR_IROM1 (Base: 0x00020100, Size: 0x000003dc, Max: 0x00008000, ABSOLUTE)

    Execution Region ER_IROM1 (Base: 0x00020100, Size: 0x000003d4, Max: 0x00008000, ABSOLUTE)

    Base Addr    Size         Type   Attr      Idx    E Section Name        Object

    0x00020100   0x00000028   Data   RO           40    descriptor          juma_sdk.lib(juma_sdk_lib.o)
    0x00020128   0x00000074   Code   RO            1    .text               app.o
    0x0002019c   0x0000001c   Code   RO           38    .text               juma_sdk.lib(juma_sdk_lib.o)
    0x000201b8   0x0000000c   Code   RO          117    i.adc_measure       juma_sdk.lib(juma_sdk_lib.o)
    0x000201c4   0x0000000c   Code   RO          183    i.ble_device_disconnect  juma_sdk.lib(juma_sdk_lib.o)
    0x000201d0   0x0000000c   Code   RO          141    i.ble_device_get_id  juma_sdk.lib(juma_sdk_lib.o)
    0x000201dc   0x0000000c   Code   RO          135    i.ble_device_is_connected  juma_sdk.lib(juma_sdk_lib.o)
    0x000201e8   0x0000000c   Code   RO          147    i.ble_device_select_address  juma_sdk.lib(juma_sdk_lib.o)
    0x000201f4   0x0000000c   Code   RO          189    i.ble_device_send   juma_sdk.lib(juma_sdk_lib.o)
    0x00020200   0x0000000c   Code   RO          159    i.ble_device_set_advertising_interval  juma_sdk.lib(juma_sdk_lib.o)
    0x0002020c   0x0000000c   Code   RO          153    i.ble_device_set_name  juma_sdk.lib(juma_sdk_lib.o)
    0x00020218   0x0000000c   Code   RO          165    i.ble_device_set_tx_power  juma_sdk.lib(juma_sdk_lib.o)
    0x00020224   0x0000000c   Code   RO          171    i.ble_device_start_advertising  juma_sdk.lib(juma_sdk_lib.o)
    0x00020230   0x0000000c   Code   RO          177    i.ble_device_stop_advertising  juma_sdk.lib(juma_sdk_lib.o)
    0x0002023c   0x00000010   Code   RO          249    i.ble_infrared_config  juma_sdk.lib(juma_sdk_lib.o)
    0x0002024c   0x00000010   Code   RO          261    i.ble_infrared_get_statue  juma_sdk.lib(juma_sdk_lib.o)
    0x0002025c   0x00000010   Code   RO          255    i.ble_infrared_send  juma_sdk.lib(juma_sdk_lib.o)
    0x0002026c   0x0000000c   Code   RO           63    i.current_time      juma_sdk.lib(juma_sdk_lib.o)
    0x00020278   0x00000010   Code   RO          243    i.data_storage_read  juma_sdk.lib(juma_sdk_lib.o)
    0x00020288   0x0000000c   Code   RO          237    i.data_storage_write  juma_sdk.lib(juma_sdk_lib.o)
    0x00020294   0x0000000c   Code   RO          129    i.get_temperature   juma_sdk.lib(juma_sdk_lib.o)
    0x000202a0   0x00000010   Code   RO          273    i.gfx_clear         juma_sdk.lib(juma_sdk_lib.o)
    0x000202b0   0x00000014   Code   RO          321    i.gfx_draw_char     juma_sdk.lib(juma_sdk_lib.o)
    0x000202c4   0x00000014   Code   RO          303    i.gfx_draw_circle   juma_sdk.lib(juma_sdk_lib.o)
    0x000202d8   0x0000001c   Code   RO          333    i.gfx_draw_image    juma_sdk.lib(juma_sdk_lib.o)
    0x000202f4   0x00000018   Code   RO          285    i.gfx_draw_line     juma_sdk.lib(juma_sdk_lib.o)
    0x0002030c   0x00000010   Code   RO          279    i.gfx_draw_pixel    juma_sdk.lib(juma_sdk_lib.o)
    0x0002031c   0x00000018   Code   RO          291    i.gfx_draw_rect     juma_sdk.lib(juma_sdk_lib.o)
    0x00020334   0x00000014   Code   RO          327    i.gfx_draw_string   juma_sdk.lib(juma_sdk_lib.o)
    0x00020348   0x00000014   Code   RO          309    i.gfx_fill_circle   juma_sdk.lib(juma_sdk_lib.o)
    0x0002035c   0x00000018   Code   RO          297    i.gfx_fill_rect     juma_sdk.lib(juma_sdk_lib.o)
    0x00020374   0x00000014   Code   RO          267    i.gfx_init_screen   juma_sdk.lib(juma_sdk_lib.o)
    0x00020388   0x00000010   Code   RO          315    i.gfx_set_font      juma_sdk.lib(juma_sdk_lib.o)
    0x00020398   0x0000000c   Code   RO           99    i.gpio_read         juma_sdk.lib(juma_sdk_lib.o)
    0x000203a4   0x0000000c   Code   RO           87    i.gpio_setup        juma_sdk.lib(juma_sdk_lib.o)
    0x000203b0   0x0000000c   Code   RO          111    i.gpio_unwatch      juma_sdk.lib(juma_sdk_lib.o)
    0x000203bc   0x0000000c   Code   RO          105    i.gpio_watch        juma_sdk.lib(juma_sdk_lib.o)
    0x000203c8   0x0000000c   Code   RO           93    i.gpio_write        juma_sdk.lib(juma_sdk_lib.o)
    0x000203d4   0x0000000c   Code   RO          225    i.light_off         juma_sdk.lib(juma_sdk_lib.o)
    0x000203e0   0x0000000c   Code   RO          219    i.light_on          juma_sdk.lib(juma_sdk_lib.o)
    0x000203ec   0x0000000c   Code   RO          231    i.light_set_color   juma_sdk.lib(juma_sdk_lib.o)
    0x000203f8   0x0000000c   Code   RO          213    i.light_setup       juma_sdk.lib(juma_sdk_lib.o)
    0x00020404   0x0000000c   Code   RO          207    i.play_sound        juma_sdk.lib(juma_sdk_lib.o)
    0x00020410   0x0000000c   Code   RO           57    i.run_at_time       juma_sdk.lib(juma_sdk_lib.o)
    0x0002041c   0x0000000c   Code   RO           51    i.run_when_idle     juma_sdk.lib(juma_sdk_lib.o)
    0x00020428   0x0000000c   Code   RO          195    i.serial_send       juma_sdk.lib(juma_sdk_lib.o)
    0x00020434   0x0000000c   Code   RO          201    i.serial_setup      juma_sdk.lib(juma_sdk_lib.o)
    0x00020440   0x0000000c   Code   RO           69    i.timer_init        juma_sdk.lib(juma_sdk_lib.o)
    0x0002044c   0x0000000c   Code   RO           75    i.timer_start       juma_sdk.lib(juma_sdk_lib.o)
    0x00020458   0x0000000c   Code   RO           81    i.timer_stop        juma_sdk.lib(juma_sdk_lib.o)
    0x00020464   0x0000000c   Code   RO          123    i.vcc_measure       juma_sdk.lib(juma_sdk_lib.o)
    0x00020470   0x00000010   Code   RO          339    i.watchDog_Config   juma_sdk.lib(juma_sdk_lib.o)
    0x00020480   0x00000010   Code   RO          345    i.watchDog_Start    juma_sdk.lib(juma_sdk_lib.o)
    0x00020490   0x00000010   Code   RO          351    i.watchDog_user_dog1_RR  juma_sdk.lib(juma_sdk_lib.o)
    0x000204a0   0x00000010   Code   RO          357    i.watchDog_user_dog2_RR  juma_sdk.lib(juma_sdk_lib.o)
    0x000204b0   0x00000010   Code   RO          363    i.watchDog_user_dog3_RR  juma_sdk.lib(juma_sdk_lib.o)
    0x000204c0   0x00000010   Code   RO          369    i.watchDog_user_dog4_RR  juma_sdk.lib(juma_sdk_lib.o)
    0x000204d0   0x00000004   Data   RO            2    .constdata          app.o


    Execution Region RW_IRAM1 (Base: 0x20003000, Size: 0x00000008, Max: 0x00001000, ABSOLUTE)

    Base Addr    Size         Type   Attr      Idx    E Section Name        Object

    0x20003000   0x00000004   Data   RW            3    .data               app.o
    0x20003004   0x00000004   Data   RW           39    .data               juma_sdk.lib(juma_sdk_lib.o)


==============================================================================

Image component sizes


      Code (inc. data)   RO Data    RW Data    ZI Data      Debug   Object Name

       116         20          4          4          0       5826   app.o

    ----------------------------------------------------------------------
       116         20          4          4          0       5826   Object Totals
         0          0          0          0          0          0   (incl. Generated)
         0          0          0          0          0          0   (incl. Padding)

    ----------------------------------------------------------------------

      Code (inc. data)   RO Data    RW Data    ZI Data      Debug   Library Member Name

       820        254         40          4          0      38660   juma_sdk_lib.o

    ----------------------------------------------------------------------
       820        254         40          4          0      38660   Library Totals
         0          0          0          0          0          0   (incl. Padding)

    ----------------------------------------------------------------------

      Code (inc. data)   RO Data    RW Data    ZI Data      Debug   Library Name

       820        254         40          4          0      38660   juma_sdk.lib

    ----------------------------------------------------------------------
       820        254         40          4          0      38660   Library Totals

    ----------------------------------------------------------------------

==============================================================================


      Code (inc. data)   RO Data    RW Data    ZI Data      Debug   

       936        274         44          8          0      42066   Grand Totals
       936        274         44          8          0      42066   ELF Image Totals
       936        274         44          8          0          0   ROM Totals

==============================================================================

    Total RO  Size (Code + RO Data)                  980 (   0.96kB)
    Total RW  Size (RW Data + ZI Data)                 8 (   0.01kB)
    Total ROM Size (Code + RO Data + RW Data)        988 (   0.96kB)

==============================================================================

